Archive member included to satisfy reference by file (symbol)

C:/msys64/mingw64/bin/../lib/gcc/arm-none-eabi/13.3.0/../../../../arm-none-eabi/lib/thumb/v7e-m+fp/hard\libc_nano.a(libc_a-atexit.o)
                              C:/msys64/mingw64/bin/../lib/gcc/arm-none-eabi/13.3.0/../../../../arm-none-eabi/lib/thumb/v7e-m+fp/hard/crt0.o (atexit)
C:/msys64/mingw64/bin/../lib/gcc/arm-none-eabi/13.3.0/../../../../arm-none-eabi/lib/thumb/v7e-m+fp/hard\libc_nano.a(libc_a-exit.o)
                              C:/msys64/mingw64/bin/../lib/gcc/arm-none-eabi/13.3.0/../../../../arm-none-eabi/lib/thumb/v7e-m+fp/hard/crt0.o (exit)
C:/msys64/mingw64/bin/../lib/gcc/arm-none-eabi/13.3.0/../../../../arm-none-eabi/lib/thumb/v7e-m+fp/hard\libc_nano.a(libc_a-findfp.o)
                              C:/msys64/mingw64/bin/../lib/gcc/arm-none-eabi/13.3.0/../../../../arm-none-eabi/lib/thumb/v7e-m+fp/hard\libc_nano.a(libc_a-exit.o) (__stdio_exit_handler)
C:/msys64/mingw64/bin/../lib/gcc/arm-none-eabi/13.3.0/../../../../arm-none-eabi/lib/thumb/v7e-m+fp/hard\libc_nano.a(libc_a-fwalk.o)
                              C:/msys64/mingw64/bin/../lib/gcc/arm-none-eabi/13.3.0/../../../../arm-none-eabi/lib/thumb/v7e-m+fp/hard\libc_nano.a(libc_a-findfp.o) (_fwalk_sglue)
C:/msys64/mingw64/bin/../lib/gcc/arm-none-eabi/13.3.0/../../../../arm-none-eabi/lib/thumb/v7e-m+fp/hard\libc_nano.a(libc_a-sprintf.o)
                              build/bsp_log.o (sprintf)
C:/msys64/mingw64/bin/../lib/gcc/arm-none-eabi/13.3.0/../../../../arm-none-eabi/lib/thumb/v7e-m+fp/hard\libc_nano.a(libc_a-stdio.o)
                              C:/msys64/mingw64/bin/../lib/gcc/arm-none-eabi/13.3.0/../../../../arm-none-eabi/lib/thumb/v7e-m+fp/hard\libc_nano.a(libc_a-findfp.o) (__sread)
C:/msys64/mingw64/bin/../lib/gcc/arm-none-eabi/13.3.0/../../../../arm-none-eabi/lib/thumb/v7e-m+fp/hard\libc_nano.a(libc_a-memcmp.o)
                              build/SEGGER_SYSVIEW_FreeRTOS.o (memcmp)
C:/msys64/mingw64/bin/../lib/gcc/arm-none-eabi/13.3.0/../../../../arm-none-eabi/lib/thumb/v7e-m+fp/hard\libc_nano.a(libc_a-memset.o)
                              C:/msys64/mingw64/bin/../lib/gcc/arm-none-eabi/13.3.0/../../../../arm-none-eabi/lib/thumb/v7e-m+fp/hard/crt0.o (memset)
C:/msys64/mingw64/bin/../lib/gcc/arm-none-eabi/13.3.0/../../../../arm-none-eabi/lib/thumb/v7e-m+fp/hard\libc_nano.a(libc_a-closer.o)
                              C:/msys64/mingw64/bin/../lib/gcc/arm-none-eabi/13.3.0/../../../../arm-none-eabi/lib/thumb/v7e-m+fp/hard\libc_nano.a(libc_a-stdio.o) (_close_r)
C:/msys64/mingw64/bin/../lib/gcc/arm-none-eabi/13.3.0/../../../../arm-none-eabi/lib/thumb/v7e-m+fp/hard\libc_nano.a(libc_a-reent.o)
                              C:/msys64/mingw64/bin/../lib/gcc/arm-none-eabi/13.3.0/../../../../arm-none-eabi/lib/thumb/v7e-m+fp/hard\libc_nano.a(libc_a-closer.o) (errno)
C:/msys64/mingw64/bin/../lib/gcc/arm-none-eabi/13.3.0/../../../../arm-none-eabi/lib/thumb/v7e-m+fp/hard\libc_nano.a(libc_a-impure.o)
                              C:/msys64/mingw64/bin/../lib/gcc/arm-none-eabi/13.3.0/../../../../arm-none-eabi/lib/thumb/v7e-m+fp/hard\libc_nano.a(libc_a-sprintf.o) (_impure_ptr)
C:/msys64/mingw64/bin/../lib/gcc/arm-none-eabi/13.3.0/../../../../arm-none-eabi/lib/thumb/v7e-m+fp/hard\libc_nano.a(libc_a-lseekr.o)
                              C:/msys64/mingw64/bin/../lib/gcc/arm-none-eabi/13.3.0/../../../../arm-none-eabi/lib/thumb/v7e-m+fp/hard\libc_nano.a(libc_a-stdio.o) (_lseek_r)
C:/msys64/mingw64/bin/../lib/gcc/arm-none-eabi/13.3.0/../../../../arm-none-eabi/lib/thumb/v7e-m+fp/hard\libc_nano.a(libc_a-readr.o)
                              C:/msys64/mingw64/bin/../lib/gcc/arm-none-eabi/13.3.0/../../../../arm-none-eabi/lib/thumb/v7e-m+fp/hard\libc_nano.a(libc_a-stdio.o) (_read_r)
C:/msys64/mingw64/bin/../lib/gcc/arm-none-eabi/13.3.0/../../../../arm-none-eabi/lib/thumb/v7e-m+fp/hard\libc_nano.a(libc_a-errno.o)
                              build/sysmem.o (__errno)
C:/msys64/mingw64/bin/../lib/gcc/arm-none-eabi/13.3.0/../../../../arm-none-eabi/lib/thumb/v7e-m+fp/hard\libc_nano.a(libc_a-init.o)
                              C:/msys64/mingw64/bin/../lib/gcc/arm-none-eabi/13.3.0/../../../../arm-none-eabi/lib/thumb/v7e-m+fp/hard/crt0.o (__libc_init_array)
C:/msys64/mingw64/bin/../lib/gcc/arm-none-eabi/13.3.0/../../../../arm-none-eabi/lib/thumb/v7e-m+fp/hard\libc_nano.a(libc_a-fini.o)
                              C:/msys64/mingw64/bin/../lib/gcc/arm-none-eabi/13.3.0/../../../../arm-none-eabi/lib/thumb/v7e-m+fp/hard/crt0.o (__libc_fini_array)
C:/msys64/mingw64/bin/../lib/gcc/arm-none-eabi/13.3.0/../../../../arm-none-eabi/lib/thumb/v7e-m+fp/hard\libc_nano.a(libc_a-lock.o)
                              C:/msys64/mingw64/bin/../lib/gcc/arm-none-eabi/13.3.0/../../../../arm-none-eabi/lib/thumb/v7e-m+fp/hard\libc_nano.a(libc_a-findfp.o) (__retarget_lock_init_recursive)
C:/msys64/mingw64/bin/../lib/gcc/arm-none-eabi/13.3.0/../../../../arm-none-eabi/lib/thumb/v7e-m+fp/hard\libc_nano.a(libc_a-memcpy.o)
[...]
Memory Configuration

Name             Origin             Length             Attributes
RAM              0x20000000         0x00020000         xrw
CCMRAM           0x10000000         0x00010000         xrw
FLASH            0x08000000         0x00100000         xr
*default*        0x00000000         0xffffffff

Linker script and memory map

LOAD C:/msys64/mingw64/bin/../lib/gcc/arm-none-eabi/13.3.0/thumb/v7e-m+fp/hard/crti.o
LOAD C:/msys64/mingw64/bin/../lib/gcc/arm-none-eabi/13.3.0/thumb/v7e-m+fp/hard/crtbegin.o
LOAD C:/msys64/mingw64/bin/../lib/gcc/arm-none-eabi/13.3.0/../../../../arm-none-eabi/lib/thumb/v7e-m+fp/hard/crt0.o
LOAD build/main.o
LOAD build/gpio.o
LOAD build/freertos.o
LOAD build/stm32f4xx_it.o
LOAD build/stm32f4xx_hal_msp.o
LOAD build/stm32f4xx_hal_timebase_tim.o
LOAD build/stm32f4xx_hal_rcc.o
LOAD build/stm32f4xx_hal_rcc_ex.o
LOAD build/stm32f4xx_hal_flash.o
LOAD build/stm32f4xx_hal_flash_ex.o
LOAD build/stm32f4xx_hal_flash_ramfunc.o
LOAD build/stm32f4xx_hal_gpio.o
LOAD build/stm32f4xx_hal_dma_ex.o
LOAD build/stm32f4xx_hal_dma.o
LOAD build/stm32f4xx_hal_pwr.o
LOAD build/stm32f4xx_hal_pwr_ex.o
LOAD build/stm32f4xx_hal_cortex.o
LOAD build/stm32f4xx_hal.o
LOAD build/stm32f4xx_hal_exti.o
LOAD build/stm32f4xx_hal_tim.o
LOAD build/stm32f4xx_hal_tim_ex.o
LOAD build/system_stm32f4xx.o
LOAD build/croutine.o
LOAD build/event_groups.o
LOAD build/list.o
LOAD build/queue.o
LOAD build/stream_buffer.o
LOAD build/tasks.o
LOAD build/timers.o
LOAD build/cmsis_os2.o
LOAD build/heap_4.o
LOAD build/port.o
LOAD build/SEGGER_RTT_printf.o
LOAD build/SEGGER_RTT.o
LOAD build/SEGGER_SYSVIEW_FreeRTOS.o
LOAD build/SEGGER_SYSVIEW.o
LOAD build/SEGGER_RTT_Syscalls_GCC.o
LOAD build/SEGGER_SYSVIEW_Config_FreeRTOS.o
LOAD build/bsp_log.o
LOAD build/bsp_dwt.o
LOAD build/debug.o
LOAD build/logtest.o
LOAD build/robot.o
LOAD build/sysmem.o
LOAD build/syscalls.o
LOAD build/startup_stm32f407xx.o
LOAD build/SEGGER_RTT_ASM_ARMv7M.o
LOAD C:/msys64/mingw64/bin/../lib/gcc/arm-none-eabi/13.3.0/../../../../arm-none-eabi/lib/thumb/v7e-m+fp/hard\libc_nano.a
LOAD C:/msys64/mingw64/bin/../lib/gcc/arm-none-eabi/13.3.0/../../../../arm-none-eabi/lib/thumb/v7e-m+fp/hard\libm.a
LOAD C:/msys64/mingw64/bin/../lib/gcc/arm-none-eabi/13.3.0/../../../../arm-none-eabi/lib/thumb/v7e-m+fp/hard\libnosys.a
LOAD Middlewares/ST/ARM/DSP/Lib/libarm_cortexM4lf_math.a
START GROUP
LOAD C:/msys64/mingw64/bin/../lib/gcc/arm-none-eabi/13.3.0/thumb/v7e-m+fp/hard\libgcc.a
LOAD C:/msys64/mingw64/bin/../lib/gcc/arm-none-eabi/13.3.0/../../../../arm-none-eabi/lib/thumb/v7e-m+fp/hard\libc_nano.a
END GROUP
START GROUP
LOAD C:/msys64/mingw64/bin/../lib/gcc/arm-none-eabi/13.3.0/thumb/v7e-m+fp/hard\libgcc.a
LOAD C:/msys64/mingw64/bin/../lib/gcc/arm-none-eabi/13.3.0/../../../../arm-none-eabi/lib/thumb/v7e-m+fp/hard\libc_nano.a
END GROUP
LOAD C:/msys64/mingw64/bin/../lib/gcc/arm-none-eabi/13.3.0/thumb/v7e-m+fp/hard/crtend.o
LOAD C:/msys64/mingw64/bin/../lib/gcc/arm-none-eabi/13.3.0/thumb/v7e-m+fp/hard/crtn.o
                0x20020000                        _estack = (ORIGIN (RAM) + LENGTH (RAM))
                0x00000200                        _Min_Heap_Size = 0x200
                0x00000400                        _Min_Stack_Size = 0x400

.isr_vector     0x08000000      0x188
                0x08000000                        . = ALIGN (0x4)
 *(.isr_vector)
 .isr_vector    0x08000000      0x188 build/startup_stm32f407xx.o
                0x08000000                g_pfnVectors
                0x08000188                        . = ALIGN (0x4)

.text           0x080001c0     0x4fa4
                0x080001c0                        . = ALIGN (0x4)
 *(.text)
 .text          0x080001c0       0x94 build/SEGGER_RTT_ASM_ARMv7M.o
                0x080001c0                SEGGER_RTT_ASM_WriteSkipNoLock
 .text          0x08000254       0x60 C:/msys64/mingw64/bin/../lib/gcc/arm-none-eabi/13.3.0/../../../../arm-none-eabi/lib/thumb/v7e-m+fp/hard\libc_nano.a(libc_a-memcmp.o)
                0x08000254                memcmp
 .text          0x080002b4       0xa4 C:/msys64/mingw64/bin/../lib/gcc/arm-none-eabi/13.3.0/../../../../arm-none-eabi/lib/thumb/v7e-m+fp/hard\libc_nano.a(libc_a-memset.o)
                0x080002b4                memset
 .text          0x08000358       0x50 C:/msys64/mingw64/bin/../lib/gcc/arm-none-eabi/13.3.0/../../../../arm-none-eabi/lib/thumb/v7e-m+fp/hard\libc_nano.a(libc_a-init.o)
                0x08000358                __libc_init_array
 .text          0x080003a8      0x134 C:/msys64/mingw64/bin/../lib/gcc/arm-none-eabi/13.3.0/../../../../arm-none-eabi/lib/thumb/v7e-m+fp/hard\libc_nano.a(libc_a-memcpy.o)
                0x080003a8                memcpy
 *fill*         0x080004dc       0x24 
 .text          0x08000500       0xd8 C:/msys64/mingw64/bin/../lib/gcc/arm-none-eabi/13.3.0/../../../../arm-none-eabi/lib/thumb/v7e-m+fp/hard\libc_nano.a(libc_a-strlen.o)
                0x08000500                strlen
 .text          0x080005d8      0x378 C:/msys64/mingw64/bin/../lib/gcc/arm-none-eabi/13.3.0/thumb/v7e-m+fp/hard\libgcc.a(_arm_addsubdf3.o)
                0x080005d8                __aeabi_drsub
                0x080005e0                __aeabi_dsub
                0x080005e0                __subdf3
                0x080005e4                __aeabi_dadd
                0x080005e4                __adddf3
                0x0800085c                __floatunsidf
                0x0800085c                __aeabi_ui2d
                0x0800087c                __floatsidf
                0x0800087c                __aeabi_i2d
                0x080008a0                __aeabi_f2d
                0x080008a0                __extendsfdf2
                0x080008e4                __floatundidf
                0x080008e4                __aeabi_ul2d
                0x080008f4                __floatdidf
                0x080008f4                __aeabi_l2d
 .text          0x08000950       0x30 C:/msys64/mingw64/bin/../lib/gcc/arm-none-eabi/13.3.0/thumb/v7e-m+fp/hard\libgcc.a(_aeabi_uldivmod.o)
                0x08000950                __aeabi_uldivmod
 .text          0x08000980        0x4 C:/msys64/mingw64/bin/../lib/gcc/arm-none-eabi/13.3.0/thumb/v7e-m+fp/hard\libgcc.a(_dvmd_tls.o)
                0x08000980                __aeabi_idiv0
                0x08000980                __aeabi_ldiv0
 *(.text*)
 .text.__do_global_dtors_aux
                0x08000984       0x24 C:/msys64/mingw64/bin/../lib/gcc/arm-none-eabi/13.3.0/thumb/v7e-m+fp/hard/crtbegin.o
 .text.frame_dummy
                0x080009a8       0x1c C:/msys64/mingw64/bin/../lib/gcc/arm-none-eabi/13.3.0/thumb/v7e-m+fp/hard/crtbegin.o
 .text.HAL_TIM_PeriodElapsedCallback
                0x080009c4       0x12 build/main.o
                0x080009c4                HAL_TIM_PeriodElapsedCallback
 .text.Error_Handler
                0x080009d6        0x4 build/main.o
                0x080009d6                Error_Handler
 *fill*         0x080009da        0x2 
 .text.SystemClock_Config
                0x080009dc       0xa8 build/main.o
                0x080009dc                SystemClock_Config
 .text.main     0x08000a84       0x50 build/main.o
                0x08000a84                main
 .text.MX_GPIO_Init
                0x08000ad4       0x38 build/gpio.o
                0x08000ad4                MX_GPIO_Init
 .text.StartDefaultTask
                0x08000b0c       0x10 build/freertos.o
                0x08000b0c                StartDefaultTask
 .text.MX_FREERTOS_Init
                0x08000b1c       0x20 build/freertos.o
                0x08000b1c                MX_FREERTOS_Init
 .text.NMI_Handler
                0x08000b3c        0x2 build/stm32f4xx_it.o
                0x08000b3c                NMI_Handler
 .text.HardFault_Handler
                0x08000b3e        0x2 build/stm32f4xx_it.o
                0x08000b3e                HardFault_Handler
 .text.MemManage_Handler
                0x08000b40        0x2 build/stm32f4xx_it.o
                0x08000b40                MemManage_Handler
 .text.BusFault_Handler
                0x08000b42        0x2 build/stm32f4xx_it.o
                0x08000b42                BusFault_Handler
 .text.UsageFault_Handler
                0x08000b44        0x2 build/stm32f4xx_it.o
                0x08000b44                UsageFault_Handler
 .text.DebugMon_Handler
                0x08000b46        0x2 build/stm32f4xx_it.o
                0x08000b46                DebugMon_Handler
 .text.TIM2_IRQHandler
                0x08000b48       0x10 build/stm32f4xx_it.o
                0x08000b48                TIM2_IRQHandler
 .text.HAL_MspInit
                0x08000b58       0x44 build/stm32f4xx_hal_msp.o
                0x08000b58                HAL_MspInit
 .text.HAL_InitTick
                0x08000b9c       0xa4 build/stm32f4xx_hal_timebase_tim.o
                0x08000b9c                HAL_InitTick
 .text.HAL_RCC_OscConfig
                0x08000c40      0x3f8 build/stm32f4xx_hal_rcc.o
                0x08000c40                HAL_RCC_OscConfig
 .text.HAL_RCC_GetSysClockFreq
                0x08001038       0xdc build/stm32f4xx_hal_rcc.o
                0x08001038                HAL_RCC_GetSysClockFreq
 .text.HAL_RCC_ClockConfig
                0x08001114      0x160 build/stm32f4xx_hal_rcc.o
                0x08001114                HAL_RCC_ClockConfig
 .text.HAL_RCC_GetHCLKFreq
                0x08001274        0xc build/stm32f4xx_hal_rcc.o
                0x08001274                HAL_RCC_GetHCLKFreq
 .text.HAL_RCC_GetPCLK1Freq
                0x08001280       0x20 build/stm32f4xx_hal_rcc.o
                0x08001280                HAL_RCC_GetPCLK1Freq
 .text.HAL_RCC_GetClockConfig
                0x080012a0       0x3c build/stm32f4xx_hal_rcc.o
                0x080012a0                HAL_RCC_GetClockConfig
 .text.__NVIC_EnableIRQ
                0x080012dc       0x1c build/stm32f4xx_hal_cortex.o
 .text.__NVIC_SetPriority
                0x080012f8       0x28 build/stm32f4xx_hal_cortex.o
 .text.NVIC_EncodePriority
                0x08001320       0x3e build/stm32f4xx_hal_cortex.o
 *fill*         0x0800135e        0x2 
 .text.HAL_NVIC_SetPriorityGrouping
                0x08001360       0x24 build/stm32f4xx_hal_cortex.o
                0x08001360                HAL_NVIC_SetPriorityGrouping
 .text.HAL_NVIC_SetPriority
                0x08001384       0x20 build/stm32f4xx_hal_cortex.o
                0x08001384                HAL_NVIC_SetPriority
 .text.HAL_NVIC_EnableIRQ
                0x080013a4        0x8 build/stm32f4xx_hal_cortex.o
                0x080013a4                HAL_NVIC_EnableIRQ
 .text.HAL_Init
                0x080013ac       0x34 build/stm32f4xx_hal.o
                0x080013ac                HAL_Init
 .text.HAL_IncTick
                0x080013e0       0x18 build/stm32f4xx_hal.o
                0x080013e0                HAL_IncTick
 .text.HAL_GetTick
                0x080013f8        0xc build/stm32f4xx_hal.o
                0x080013f8                HAL_GetTick
 .text.HAL_TIM_Base_MspInit
                0x08001404        0x2 build/stm32f4xx_hal_tim.o
                0x08001404                HAL_TIM_Base_MspInit
 *fill*         0x08001406        0x2 
 .text.HAL_TIM_Base_Start_IT
                0x08001408       0x88 build/stm32f4xx_hal_tim.o
                0x08001408                HAL_TIM_Base_Start_IT
 .text.HAL_TIM_OC_DelayElapsedCallback
                0x08001490        0x2 build/stm32f4xx_hal_tim.o
                0x08001490                HAL_TIM_OC_DelayElapsedCallback
 .text.HAL_TIM_IC_CaptureCallback
                0x08001492        0x2 build/stm32f4xx_hal_tim.o
                0x08001492                HAL_TIM_IC_CaptureCallback
 .text.HAL_TIM_PWM_PulseFinishedCallback
                0x08001494        0x2 build/stm32f4xx_hal_tim.o
                0x08001494                HAL_TIM_PWM_PulseFinishedCallback
 .text.HAL_TIM_TriggerCallback
                0x08001496        0x2 build/stm32f4xx_hal_tim.o
                0x08001496                HAL_TIM_TriggerCallback
 .text.HAL_TIM_IRQHandler
                0x08001498      0x15e build/stm32f4xx_hal_tim.o
                0x08001498                HAL_TIM_IRQHandler
 *fill*         0x080015f6        0x2 
 .text.TIM_Base_SetConfig
                0x080015f8       0xd8 build/stm32f4xx_hal_tim.o
                0x080015f8                TIM_Base_SetConfig
 .text.HAL_TIM_Base_Init
                0x080016d0       0x58 build/stm32f4xx_hal_tim.o
                0x080016d0                HAL_TIM_Base_Init
 .text.HAL_TIMEx_CommutCallback
                0x08001728        0x2 build/stm32f4xx_hal_tim_ex.o
                0x08001728                HAL_TIMEx_CommutCallback
 .text.HAL_TIMEx_BreakCallback
                0x0800172a        0x2 build/stm32f4xx_hal_tim_ex.o
                0x0800172a                HAL_TIMEx_BreakCallback
 .text.SystemInit
                0x0800172c       0x14 build/system_stm32f4xx.o
                0x0800172c                SystemInit
 .text.vListInitialise
                0x08001740       0x16 build/list.o
                0x08001740                vListInitialise
 .text.vListInitialiseItem
                0x08001756        0x6 build/list.o
                0x08001756                vListInitialiseItem
 .text.vListInsertEnd
                0x0800175c       0x16 build/list.o
                0x0800175c                vListInsertEnd
 .text.vListInsert
                0x08001772       0x32 build/list.o
                0x08001772                vListInsert
 .text.uxListRemove
                0x080017a4       0x26 build/list.o
                0x080017a4                uxListRemove
 .text.prvIsQueueFull
                0x080017ca       0x1e build/queue.o
 .text.prvIsQueueEmpty
                0x080017e8       0x1a build/queue.o
 .text.prvCopyDataToQueue
                0x08001802       0x76 build/queue.o
 .text.prvCopyDataFromQueue
                0x08001878       0x24 build/queue.o
 .text.prvUnlockQueue
                0x0800189c       0x6e build/queue.o
 .text.xQueueGenericReset
                0x0800190a       0x84 build/queue.o
                0x0800190a                xQueueGenericReset
 .text.prvInitialiseNewQueue
                0x0800198e       0x30 build/queue.o
 .text.xQueueGenericCreateStatic
                0x080019be       0x94 build/queue.o
                0x080019be                xQueueGenericCreateStatic
 .text.xQueueGenericSend
                0x08001a52      0x1c4 build/queue.o
                0x08001a52                xQueueGenericSend
 .text.xQueueGenericSendFromISR
                0x08001c16       0xee build/queue.o
                0x08001c16                xQueueGenericSendFromISR
 .text.xQueueReceive
                0x08001d04      0x1b8 build/queue.o
                0x08001d04                xQueueReceive
 .text.vQueueAddToRegistry
                0x08001ebc       0x38 build/queue.o
                0x08001ebc                vQueueAddToRegistry
 .text.vQueueWaitForMessageRestricted
                0x08001ef4       0x52 build/queue.o
                0x08001ef4                vQueueWaitForMessageRestricted
 .text.prvTaskCheckFreeStackSpace
                0x08001f46       0x14 build/tasks.o
 *fill*         0x08001f5a        0x2 
 .text.prvResetNextTaskUnblockTime
                0x08001f5c       0x2c build/tasks.o
 .text.prvInitialiseNewTask
                0x08001f88       0xa2 build/tasks.o
 *fill*         0x0800202a        0x2 
 .text.prvInitialiseTaskLists
                0x0800202c       0x68 build/tasks.o
 .text.prvAddNewTaskToReadyList
                0x08002094       0xd0 build/tasks.o
 .text.prvDeleteTCB
                0x08002164       0x38 build/tasks.o
 .text.prvCheckTasksWaitingTermination
                0x0800219c       0x4c build/tasks.o
 .text.prvIdleTask
                0x080021e8       0x28 build/tasks.o
 .text.prvAddCurrentTaskToDelayedList
                0x08002210       0x7c build/tasks.o
 .text.xTaskCreateStatic
                0x0800228c       0x76 build/tasks.o
                0x0800228c                xTaskCreateStatic
 .text.xTaskCreate
                0x08002302       0x64 build/tasks.o
                0x08002302                xTaskCreate
 *fill*         0x08002366        0x2 
 .text.vTaskDelete
                0x08002368       0xe0 build/tasks.o
                0x08002368                vTaskDelete
 .text.eTaskGetState
                0x08002448       0x90 build/tasks.o
                0x08002448                eTaskGetState
 .text.vTaskStartScheduler
                0x080024d8       0xb8 build/tasks.o
                0x080024d8                vTaskStartScheduler
 .text.vTaskSuspendAll
                0x08002590       0x10 build/tasks.o
                0x08002590                vTaskSuspendAll
 .text.xTaskGetTickCount
                0x080025a0        0xc build/tasks.o
                0x080025a0                xTaskGetTickCount
 .text.xTaskGetTickCountFromISR
                0x080025ac       0x10 build/tasks.o
                0x080025ac                xTaskGetTickCountFromISR
 .text.xTaskIncrementTick
                0x080025bc      0x120 build/tasks.o
                0x080025bc                xTaskIncrementTick
 .text.xTaskResumeAll
                0x080026dc       0xfc build/tasks.o
                0x080026dc                xTaskResumeAll
 .text.vTaskDelay
                0x080027d8       0x54 build/tasks.o
                0x080027d8                vTaskDelay
 .text.vTaskSwitchContext
                0x0800282c       0xb4 build/tasks.o
                0x0800282c                vTaskSwitchContext
 .text.vTaskPlaceOnEventList
                0x080028e0       0x30 build/tasks.o
                0x080028e0                vTaskPlaceOnEventList
 .text.vTaskPlaceOnEventListRestricted
                0x08002910       0x40 build/tasks.o
                0x08002910                vTaskPlaceOnEventListRestricted
 .text.xTaskRemoveFromEventList
                0x08002950       0x90 build/tasks.o
                0x08002950                xTaskRemoveFromEventList
 .text.vTaskInternalSetTimeOutState
                0x080029e0       0x18 build/tasks.o
                0x080029e0                vTaskInternalSetTimeOutState
 .text.xTaskCheckForTimeOut
                0x080029f8       0x84 build/tasks.o
                0x080029f8                xTaskCheckForTimeOut
 .text.vTaskMissedYield
                0x08002a7c        0xc build/tasks.o
                0x08002a7c                vTaskMissedYield
 .text.uxTaskGetStackHighWaterMark
                0x08002a88       0x18 build/tasks.o
                0x08002a88                uxTaskGetStackHighWaterMark
 .text.xTaskGetSchedulerState
                0x08002aa0       0x20 build/tasks.o
                0x08002aa0                xTaskGetSchedulerState
 .text.xTaskPriorityDisinherit
                0x08002ac0       0xa0 build/tasks.o
                0x08002ac0                xTaskPriorityDisinherit
 .text.prvGetNextExpireTime
                0x08002b60       0x20 build/timers.o
 .text.prvInsertTimerInActiveList
                0x08002b80       0x48 build/timers.o
 .text.prvCheckForValidListAndQueue
                0x08002bc8       0x70 build/timers.o
 .text.xTimerCreateTimerTask
                0x08002c38       0x64 build/timers.o
                0x08002c38                xTimerCreateTimerTask
 .text.xTimerGenericCommand
                0x08002c9c       0x6c build/timers.o
                0x08002c9c                xTimerGenericCommand
 .text.prvSwitchTimerLists
                0x08002d08       0x7c build/timers.o
 .text.prvSampleTimeNow
                0x08002d84       0x2c build/timers.o
 .text.prvProcessExpiredTimer
                0x08002db0       0x6c build/timers.o
 .text.prvProcessTimerOrBlockTask
                0x08002e1c       0x74 build/timers.o
 .text.prvProcessReceivedCommands
                0x08002e90      0x10c build/timers.o
 .text.prvTimerTask
                0x08002f9c       0x16 build/timers.o
 .text.SysTick_Handler
                0x08002fb2       0x18 build/cmsis_os2.o
                0x08002fb2                SysTick_Handler
 *fill*         0x08002fca        0x2 
 .text.osKernelInitialize
                0x08002fcc       0x24 build/cmsis_os2.o
                0x08002fcc                osKernelInitialize
 .text.osKernelStart
                0x08002ff0       0x38 build/cmsis_os2.o
                0x08002ff0                osKernelStart
 .text.osThreadNew
                0x08003028       0xbc build/cmsis_os2.o
                0x08003028                osThreadNew
 .text.osThreadTerminate
                0x080030e4       0x30 build/cmsis_os2.o
                0x080030e4                osThreadTerminate
 .text.osDelay  0x08003114       0x1c build/cmsis_os2.o
                0x08003114                osDelay
 .text.vApplicationGetIdleTaskMemory
                0x08003130       0x18 build/cmsis_os2.o
                0x08003130                vApplicationGetIdleTaskMemory
 .text.vApplicationGetTimerTaskMemory
                0x08003148       0x18 build/cmsis_os2.o
                0x08003148                vApplicationGetTimerTaskMemory
 .text.prvHeapInit
                0x08003160       0x64 build/heap_4.o
 .text.prvInsertBlockIntoFreeList
                0x080031c4       0x64 build/heap_4.o
 .text.pvPortMalloc
                0x08003228      0x104 build/heap_4.o
                0x08003228                pvPortMalloc
 .text.vPortFree
                0x0800332c       0x7c build/heap_4.o
                0x0800332c                vPortFree
 .text.prvTaskExitError
                0x080033a8       0x40 build/port.o
 .text.prvPortStartFirstTask
                0x080033e8       0x28 build/port.o
 .text.vPortEnableVFP
                0x08003410       0x14 build/port.o
 .text.pxPortInitialiseStack
                0x08003424       0x2c build/port.o
                0x08003424                pxPortInitialiseStack
 .text.SVC_Handler
                0x08003450       0x24 build/port.o
                0x08003450                SVC_Handler
 .text.vPortEnterCritical
                0x08003474       0x44 build/port.o
                0x08003474                vPortEnterCritical
 .text.vPortExitCritical
                0x080034b8       0x2c build/port.o
                0x080034b8                vPortExitCritical
 *fill*         0x080034e4        0xc 
 .text.PendSV_Handler
                0x080034f0       0x64 build/port.o
                0x080034f0                PendSV_Handler
 .text.xPortSysTickHandler
                0x08003554       0x2c build/port.o
                0x08003554                xPortSysTickHandler
 .text.vPortSetupTimerInterrupt
                0x08003580       0x28 build/port.o
                0x08003580                vPortSetupTimerInterrupt
 .text.xPortStartScheduler
                0x080035a8      0x118 build/port.o
                0x080035a8                xPortStartScheduler
 .text.vPortValidateInterruptPriority
                0x080036c0       0x5c build/port.o
                0x080036c0                vPortValidateInterruptPriority
 .text._StoreChar
                0x0800371c       0x40 build/SEGGER_RTT_printf.o
 .text._PrintUnsigned
                0x0800375c       0xe0 build/SEGGER_RTT_printf.o
 .text._PrintInt
                0x0800383c       0xea build/SEGGER_RTT_printf.o
 *fill*         0x08003926        0x2 
 .text.SEGGER_RTT_vprintf
                0x08003928      0x1f0 build/SEGGER_RTT_printf.o
                0x08003928                SEGGER_RTT_vprintf
 .text.SEGGER_RTT_printf
                0x08003b18       0x1e build/SEGGER_RTT_printf.o
                0x08003b18                SEGGER_RTT_printf
 .text._GetAvailWriteSpace
                0x08003b36       0x18 build/SEGGER_RTT.o
 .text._WriteNoCheck
                0x08003b4e       0x4c build/SEGGER_RTT.o
 .text._WriteBlocking
                0x08003b9a       0x62 build/SEGGER_RTT.o
 .text._DoInit  0x08003bfc       0x6c build/SEGGER_RTT.o
 .text.SEGGER_RTT_ReadNoLock
                0x08003c68       0xa0 build/SEGGER_RTT.o
                0x08003c68                SEGGER_RTT_ReadNoLock
 .text.SEGGER_RTT_WriteNoLock
                0x08003d08       0x6c build/SEGGER_RTT.o
                0x08003d08                SEGGER_RTT_WriteNoLock
 .text.SEGGER_RTT_Write
                0x08003d74       0x34 build/SEGGER_RTT.o
                0x08003d74                SEGGER_RTT_Write
 .text.SEGGER_RTT_WriteString
                0x08003da8       0x18 build/SEGGER_RTT.o
                0x08003da8                SEGGER_RTT_WriteString
 .text.SEGGER_RTT_AllocUpBuffer
                0x08003dc0       0x8c build/SEGGER_RTT.o
                0x08003dc0                SEGGER_RTT_AllocUpBuffer
 .text.SEGGER_RTT_ConfigDownBuffer
                0x08003e4c       0x70 build/SEGGER_RTT.o
                0x08003e4c                SEGGER_RTT_ConfigDownBuffer
 .text.SEGGER_RTT_Init
                0x08003ebc        0x8 build/SEGGER_RTT.o
                0x08003ebc                SEGGER_RTT_Init
 .text._cbGetTime
                0x08003ec4       0x28 build/SEGGER_SYSVIEW_FreeRTOS.o
 .text.SYSVIEW_DeleteTask
                0x08003eec       0xa0 build/SEGGER_SYSVIEW_FreeRTOS.o
                0x08003eec                SYSVIEW_DeleteTask
 .text.SYSVIEW_SendTaskInfo
                0x08003f8c       0x26 build/SEGGER_SYSVIEW_FreeRTOS.o
                0x08003f8c                SYSVIEW_SendTaskInfo
 *fill*         0x08003fb2        0x2 
 .text.SYSVIEW_AddTask
                0x08003fb4       0x6c build/SEGGER_SYSVIEW_FreeRTOS.o
                0x08003fb4                SYSVIEW_AddTask
 .text._cbSendTaskList
                0x08004020       0x40 build/SEGGER_SYSVIEW_FreeRTOS.o
 .text._EncodeStr
                0x08004060       0x6c build/SEGGER_SYSVIEW.o
 .text._PreparePacket
                0x080040cc        0x4 build/SEGGER_SYSVIEW.o
 .text._TrySendOverflowPacket
                0x080040d0       0x74 build/SEGGER_SYSVIEW.o
 .text.SEGGER_SYSVIEW_Init
                0x08004144       0x6c build/SEGGER_SYSVIEW.o
                0x08004144                SEGGER_SYSVIEW_Init
 .text.SEGGER_SYSVIEW_SetRAMBase
                0x080041b0        0xc build/SEGGER_SYSVIEW.o
                0x080041b0                SEGGER_SYSVIEW_SetRAMBase
 .text.SEGGER_SYSVIEW_SendTaskList
                0x080041bc       0x14 build/SEGGER_SYSVIEW.o
                0x080041bc                SEGGER_SYSVIEW_SendTaskList
 .text.SEGGER_SYSVIEW_ShrinkId
                0x080041d0        0xc build/SEGGER_SYSVIEW.o
                0x080041d0                SEGGER_SYSVIEW_ShrinkId
 .text.SEGGER_SYSVIEW_SendModuleDescription
                0x080041dc       0x20 build/SEGGER_SYSVIEW.o
                0x080041dc                SEGGER_SYSVIEW_SendModuleDescription
 .text.SEGGER_SYSVIEW_SendNumModules
                0x080041fc       0x44 build/SEGGER_SYSVIEW.o
                0x080041fc                SEGGER_SYSVIEW_SendNumModules
 .text.SEGGER_SYSVIEW_Start
                0x08004240       0xb4 build/SEGGER_SYSVIEW.o
                0x08004240                SEGGER_SYSVIEW_Start
 .text._HandleIncomingPacket
                0x080042f4       0xa0 build/SEGGER_SYSVIEW.o
 .text._SendPacket
                0x08004394       0xfc build/SEGGER_SYSVIEW.o
 .text.SEGGER_SYSVIEW_RecordVoid
                0x08004490       0x28 build/SEGGER_SYSVIEW.o
                0x08004490                SEGGER_SYSVIEW_RecordVoid
 .text.SEGGER_SYSVIEW_RecordU32
                0x080044b8       0x40 build/SEGGER_SYSVIEW.o
                0x080044b8                SEGGER_SYSVIEW_RecordU32
 .text.SEGGER_SYSVIEW_RecordU32x2
                0x080044f8       0x54 build/SEGGER_SYSVIEW.o
                0x080044f8                SEGGER_SYSVIEW_RecordU32x2
 .text.SEGGER_SYSVIEW_RecordSystime
                0x0800454c       0x30 build/SEGGER_SYSVIEW.o
                0x0800454c                SEGGER_SYSVIEW_RecordSystime
 .text.SEGGER_SYSVIEW_RecordU32x3
                0x0800457c       0x74 build/SEGGER_SYSVIEW.o
                0x0800457c                SEGGER_SYSVIEW_RecordU32x3
 .text.SEGGER_SYSVIEW_RecordU32x4
                0x080045f0       0x8c build/SEGGER_SYSVIEW.o
                0x080045f0                SEGGER_SYSVIEW_RecordU32x4
 .text.SEGGER_SYSVIEW_Stop
                0x0800467c       0x38 build/SEGGER_SYSVIEW.o
                0x0800467c                SEGGER_SYSVIEW_Stop
 .text.SEGGER_SYSVIEW_GetSysDesc
                0x080046b4       0x80 build/SEGGER_SYSVIEW.o
                0x080046b4                SEGGER_SYSVIEW_GetSysDesc
 .text.SEGGER_SYSVIEW_SendTaskInfo
                0x08004734       0xc4 build/SEGGER_SYSVIEW.o
                0x08004734                SEGGER_SYSVIEW_SendTaskInfo
 .text.SEGGER_SYSVIEW_SendSysDesc
                0x080047f8       0x34 build/SEGGER_SYSVIEW.o
                0x080047f8                SEGGER_SYSVIEW_SendSysDesc
 .text.SEGGER_SYSVIEW_OnIdle
                0x0800482c       0x28 build/SEGGER_SYSVIEW.o
                0x0800482c                SEGGER_SYSVIEW_OnIdle
 .text.SEGGER_SYSVIEW_OnTaskCreate
                0x08004854       0x48 build/SEGGER_SYSVIEW.o
                0x08004854                SEGGER_SYSVIEW_OnTaskCreate
 .text.SEGGER_SYSVIEW_OnTaskStartExec
                0x0800489c       0x48 build/SEGGER_SYSVIEW.o
                0x0800489c                SEGGER_SYSVIEW_OnTaskStartExec
 .text.SEGGER_SYSVIEW_OnTaskStartReady
                0x080048e4       0x48 build/SEGGER_SYSVIEW.o
                0x080048e4                SEGGER_SYSVIEW_OnTaskStartReady
 .text.SEGGER_SYSVIEW_SendModule
                0x0800492c       0x78 build/SEGGER_SYSVIEW.o
                0x0800492c                SEGGER_SYSVIEW_SendModule
 .text.SEGGER_SYSVIEW_Warn
                0x080049a4       0x40 build/SEGGER_SYSVIEW.o
                0x080049a4                SEGGER_SYSVIEW_Warn
 .text._cbSendSystemDesc
                0x080049e4       0x18 build/SEGGER_SYSVIEW_Config_FreeRTOS.o
 .text.SEGGER_SYSVIEW_Conf
                0x080049fc       0x28 build/SEGGER_SYSVIEW_Config_FreeRTOS.o
                0x080049fc                SEGGER_SYSVIEW_Conf
 .text.BSPLogInit
                0x08004a24        0x8 build/bsp_log.o
                0x08004a24                BSPLogInit
 .text.DWT_CNT_Update
                0x08004a2c       0x4c build/bsp_dwt.o
 .text.DWT_Init
                0x08004a78       0x70 build/bsp_dwt.o
                0x08004a78                DWT_Init
 .text.DWT_SysTimeUpdate
                0x08004ae8       0xd4 build/bsp_dwt.o
                0x08004ae8                DWT_SysTimeUpdate
 .text.DWT_GetTimeline_ms
                0x08004bbc       0x3c build/bsp_dwt.o
                0x08004bbc                DWT_GetTimeline_ms
 .text.LogTask  0x08004bf8       0x98 build/robot.o
                0x08004bf8                LogTask
 .text.DebugTask
                0x08004c90       0x88 build/robot.o
                0x08004c90                DebugTask
 .text.MotorTask
                0x08004d18       0x88 build/robot.o
                0x08004d18                MotorTask
 .text.Bsp_Init
                0x08004da0        0xe build/robot.o
                0x08004da0                Bsp_Init
 *fill*         0x08004dae        0x2 
 .text.osTaskInit
                0x08004db0       0x94 build/robot.o
                0x08004db0                osTaskInit
 .text.Robot_Init
                0x08004e44       0x14 build/robot.o
                0x08004e44                Robot_Init
 .text.Reset_Handler
                0x08004e58       0x50 build/startup_stm32f407xx.o
                0x08004e58                Reset_Handler
 .text.Default_Handler
                0x08004ea8        0x2 build/startup_stm32f407xx.o
                0x08004ea8                RTC_Alarm_IRQHandler
                0x08004ea8                HASH_RNG_IRQHandler
                0x08004ea8                EXTI2_IRQHandler
                0x08004ea8                TIM8_CC_IRQHandler
                0x08004ea8                TIM1_CC_IRQHandler
                0x08004ea8                DMA2_Stream5_IRQHandler
                0x08004ea8                DMA1_Stream5_IRQHandler
                0x08004ea8                PVD_IRQHandler
                0x08004ea8                SDIO_IRQHandler
                0x08004ea8                TAMP_STAMP_IRQHandler
                0x08004ea8                CAN2_RX1_IRQHandler
                0x08004ea8                EXTI3_IRQHandler
                0x08004ea8                TIM8_TRG_COM_TIM14_IRQHandler
                0x08004ea8                TIM1_UP_TIM10_IRQHandler
                0x08004ea8                TIM8_UP_TIM13_IRQHandler
                0x08004ea8                I2C3_ER_IRQHandler
                0x08004ea8                EXTI0_IRQHandler
                0x08004ea8                I2C2_EV_IRQHandler
                0x08004ea8                DMA1_Stream2_IRQHandler
                0x08004ea8                CAN1_RX0_IRQHandler
                0x08004ea8                FPU_IRQHandler
                0x08004ea8                OTG_HS_WKUP_IRQHandler
                0x08004ea8                CAN2_SCE_IRQHandler
                0x08004ea8                DMA2_Stream2_IRQHandler
                0x08004ea8                SPI1_IRQHandler
                0x08004ea8                TIM6_DAC_IRQHandler
                0x08004ea8                TIM1_BRK_TIM9_IRQHandler
                0x08004ea8                DCMI_IRQHandler
                0x08004ea8                CAN2_RX0_IRQHandler
                0x08004ea8                DMA2_Stream3_IRQHandler
                0x08004ea8                USART6_IRQHandler
                0x08004ea8                USART3_IRQHandler
                0x08004ea8                CAN1_RX1_IRQHandler
                0x08004ea8                UART5_IRQHandler
                0x08004ea8                DMA2_Stream0_IRQHandler
                0x08004ea8                TIM4_IRQHandler
                0x08004ea8                I2C1_EV_IRQHandler
                0x08004ea8                DMA1_Stream6_IRQHandler
                0x08004ea8                DMA1_Stream1_IRQHandler
                0x08004ea8                UART4_IRQHandler
                0x08004ea8                TIM3_IRQHandler
                0x08004ea8                RCC_IRQHandler
                0x08004ea8                TIM8_BRK_TIM12_IRQHandler
                0x08004ea8                Default_Handler
                0x08004ea8                EXTI15_10_IRQHandler
                0x08004ea8                ADC_IRQHandler
                0x08004ea8                DMA1_Stream7_IRQHandler
                0x08004ea8                TIM7_IRQHandler
                0x08004ea8                CAN2_TX_IRQHandler
                0x08004ea8                TIM5_IRQHandler
                0x08004ea8                DMA2_Stream7_IRQHandler
                0x08004ea8                I2C3_EV_IRQHandler
                0x08004ea8                EXTI9_5_IRQHandler
                0x08004ea8                RTC_WKUP_IRQHandler
                0x08004ea8                ETH_WKUP_IRQHandler
                0x08004ea8                SPI2_IRQHandler
                0x08004ea8                OTG_HS_EP1_IN_IRQHandler
                0x08004ea8                DMA1_Stream0_IRQHandler
                0x08004ea8                CAN1_TX_IRQHandler
                0x08004ea8                EXTI4_IRQHandler
                0x08004ea8                FSMC_IRQHandler
                0x08004ea8                ETH_IRQHandler
                0x08004ea8                OTG_HS_EP1_OUT_IRQHandler
                0x08004ea8                WWDG_IRQHandler
                0x08004ea8                OTG_FS_WKUP_IRQHandler
                0x08004ea8                TIM1_TRG_COM_TIM11_IRQHandler
                0x08004ea8                OTG_HS_IRQHandler
                0x08004ea8                EXTI1_IRQHandler
                0x08004ea8                USART2_IRQHandler
                0x08004ea8                I2C2_ER_IRQHandler
                0x08004ea8                DMA2_Stream1_IRQHandler
                0x08004ea8                CAN1_SCE_IRQHandler
                0x08004ea8                FLASH_IRQHandler
                0x08004ea8                DMA2_Stream4_IRQHandler
                0x08004ea8                USART1_IRQHandler
                0x08004ea8                OTG_FS_IRQHandler
                0x08004ea8                SPI3_IRQHandler
                0x08004ea8                DMA1_Stream4_IRQHandler
                0x08004ea8                I2C1_ER_IRQHandler
                0x08004ea8                DMA2_Stream6_IRQHandler
                0x08004ea8                DMA1_Stream3_IRQHandler
 .text.__udivmoddi4
                0x08004eaa      0x2a0 C:/msys64/mingw64/bin/../lib/gcc/arm-none-eabi/13.3.0/thumb/v7e-m+fp/hard\libgcc.a(_udivmoddi4.o)
                0x08004eaa                __udivmoddi4
 *(.glue_7)
 .glue_7        0x0800514a        0x0 linker stubs
 *(.glue_7t)
 .glue_7t       0x0800514a        0x0 linker stubs
 *(.eh_frame)
 *fill*         0x0800514a        0x2 
 .eh_frame      0x0800514c        0x0 C:/msys64/mingw64/bin/../lib/gcc/arm-none-eabi/13.3.0/thumb/v7e-m+fp/hard/crtbegin.o
 *(.init)
 .init          0x0800514c        0x4 C:/msys64/mingw64/bin/../lib/gcc/arm-none-eabi/13.3.0/thumb/v7e-m+fp/hard/crti.o
                0x0800514c                _init
 .init          0x08005150        0x8 C:/msys64/mingw64/bin/../lib/gcc/arm-none-eabi/13.3.0/thumb/v7e-m+fp/hard/crtn.o
 *(.fini)
 .fini          0x08005158        0x4 C:/msys64/mingw64/bin/../lib/gcc/arm-none-eabi/13.3.0/thumb/v7e-m+fp/hard/crti.o
                0x08005158                _fini
 .fini          0x0800515c        0x8 C:/msys64/mingw64/bin/../lib/gcc/arm-none-eabi/13.3.0/thumb/v7e-m+fp/hard/crtn.o
                0x08005164                        . = ALIGN (0x4)
                0x08005164                        _etext = .

.vfp11_veneer   0x08005164        0x0
 .vfp11_veneer  0x08005164        0x0 linker stubs

.v4_bx          0x08005164        0x0
 .v4_bx         0x08005164        0x0 linker stubs

.iplt           0x08005164        0x0
 .iplt          0x08005164        0x0 C:/msys64/mingw64/bin/../lib/gcc/arm-none-eabi/13.3.0/thumb/v7e-m+fp/hard/crtbegin.o

.rodata         0x08005164      0x2b4
                0x08005164                        . = ALIGN (0x4)
 *(.rodata)
 *(.rodata*)
 .rodata.main.str1.4
                0x08005164      0x240 build/main.o
                                 0x39 (size before relaxing)
 .rodata.str1.4
                0x080053a4        0xc build/freertos.o
 .rodata.defaultTask_attributes
                0x080053a4       0x24 build/freertos.o
                0x080053a4                defaultTask_attributes
 .rodata.APBPrescTable
                0x080053c8        0x8 build/system_stm32f4xx.o
                0x080053c8                APBPrescTable
 .rodata.AHBPrescTable
                0x080053d0       0x10 build/system_stm32f4xx.o
                0x080053d0                AHBPrescTable
 .rodata.vTaskStartScheduler.str1.4
                0x080053e0        0x5 build/tasks.o
 .rodata.prvCheckForValidListAndQueue.str1.4
                0x080053e0        0x5 build/timers.o
 .rodata.xTimerCreateTimerTask.str1.4
                0x080053e0        0x8 build/timers.o
 .rodata._aV2C.0
                0x080053e0       0x10 build/SEGGER_RTT_printf.o
 .rodata._DoInit.str1.4
                0x080053f0        0x9 build/SEGGER_RTT.o
 .rodata._aInitStr.0
                0x080053f0       0x11 build/SEGGER_RTT.o
 .rodata.SYSVIEW_AddTask.str1.4
                0x08005401       0x58 build/SEGGER_SYSVIEW_FreeRTOS.o
 *fill*         0x08005401        0x3 
 .rodata.SYSVIEW_X_OS_TraceAPI
                0x08005404        0x8 build/SEGGER_SYSVIEW_FreeRTOS.o
                0x08005404                SYSVIEW_X_OS_TraceAPI
 .rodata.SEGGER_SYSVIEW_Init.str1.4
                0x0800540c        0x8 build/SEGGER_SYSVIEW.o
 .rodata._abSync
                0x0800540c        0xa build/SEGGER_SYSVIEW.o
 .rodata._cbSendSystemDesc.str1.4
                0x08005416       0x41 build/SEGGER_SYSVIEW_Config_FreeRTOS.o
 .rodata.LogTask.str1.4
                0x08005416       0x70 build/robot.o
 .rodata.DebugTask.str1.4
                0x08005416       0x52 build/robot.o
 .rodata.MotorTask.str1.4
                0x08005416       0x52 build/robot.o
 .rodata.osTaskInit.str1.4
                0x08005416       0x30 build/robot.o
                0x08005488                        . = ALIGN (0x4)
 *fill*         0x08005416        0x2 

.ARM.extab
 *(.ARM.extab* .gnu.linkonce.armextab.*)

.ARM            0x08005418        0x8
                0x08005418                        __exidx_start = .
 *(.ARM.exidx*)
 .ARM.exidx     0x08005418        0x8 C:/msys64/mingw64/bin/../lib/gcc/arm-none-eabi/13.3.0/../../../../arm-none-eabi/lib/thumb/v7e-m+fp/hard\libc_nano.a(libc_a-memcpy.o)
 .ARM.exidx     0x08005420        0x0 C:/msys64/mingw64/bin/../lib/gcc/arm-none-eabi/13.3.0/../../../../arm-none-eabi/lib/thumb/v7e-m+fp/hard\libc_nano.a(libc_a-strlen.o)
                                  0x8 (size before relaxing)
 .ARM.exidx.text.__udivmoddi4
                0x08005420        0x0 C:/msys64/mingw64/bin/../lib/gcc/arm-none-eabi/13.3.0/thumb/v7e-m+fp/hard\libgcc.a(_udivmoddi4.o)
                                  0x8 (size before relaxing)
                0x08005420                        __exidx_end = .

.rel.dyn        0x08005420        0x0
 .rel.iplt      0x08005420        0x0 C:/msys64/mingw64/bin/../lib/gcc/arm-none-eabi/13.3.0/thumb/v7e-m+fp/hard/crtbegin.o

.preinit_array  0x08005420        0x0
                0x08005420                        PROVIDE (__preinit_array_start = .)
 *(.preinit_array*)
                0x08005420                        PROVIDE (__preinit_array_end = .)

.init_array     0x08005420        0x4
                0x08005420                        PROVIDE (__init_array_start = .)
 *(SORT_BY_NAME(.init_array.*))
 *(.init_array*)
 .init_array    0x08005420        0x4 C:/msys64/mingw64/bin/../lib/gcc/arm-none-eabi/13.3.0/thumb/v7e-m+fp/hard/crtbegin.o
                0x08005424                        PROVIDE (__init_array_end = .)

.fini_array     0x08005424        0x4
                0x08005424                        PROVIDE (__fini_array_start = .)
 *(SORT_BY_NAME(.fini_array.*))
 *(.fini_array*)
 .fini_array    0x08005424        0x4 C:/msys64/mingw64/bin/../lib/gcc/arm-none-eabi/13.3.0/thumb/v7e-m+fp/hard/crtbegin.o
                0x08005428                        PROVIDE (__fini_array_end = .)
                0x08005428                        _sidata = LOADADDR (.data)

.data           0x20000000       0x10 load address 0x08005428
                0x20000000                        . = ALIGN (0x4)
                0x20000000                        _sdata = .
 *(.data)
 *(.data*)
 .data.uwTickFreq
                0x20000000        0x1 build/stm32f4xx_hal.o
                0x20000000                uwTickFreq
 *fill*         0x20000001        0x3 
 .data.uwTickPrio
                0x20000004        0x4 build/stm32f4xx_hal.o
                0x20000004                uwTickPrio
 .data.SystemCoreClock
                0x20000008        0x4 build/system_stm32f4xx.o
                0x20000008                SystemCoreClock
 .data.uxCriticalNesting
                0x2000000c        0x4 build/port.o
                0x20000010                        . = ALIGN (0x4)
                0x20000010                        _edata = .
                0x08005438                        _siccmram = LOADADDR (.ccmram)

.igot.plt       0x20000010        0x0 load address 0x08005438
 .igot.plt      0x20000010        0x0 C:/msys64/mingw64/bin/../lib/gcc/arm-none-eabi/13.3.0/thumb/v7e-m+fp/hard/crtbegin.o

.ccmram         0x10000000        0x0 load address 0x08005438
                0x10000000                        . = ALIGN (0x4)
                0x10000000                        _sccmram = .
 *(.ccmram)
 *(.ccmram*)
                0x10000000                        . = ALIGN (0x4)
                0x10000000                        _eccmram = .
                0x10000000                        . = ALIGN (0x4)

.bss            0x20000010     0x5498
                0x20000010                        _sbss = .
                0x20000010                        __bss_start__ = _sbss
 *(.bss)
 *(.bss*)
 .bss.completed.1
                0x20000010        0x1 C:/msys64/mingw64/bin/../lib/gcc/arm-none-eabi/13.3.0/thumb/v7e-m+fp/hard/crtbegin.o
 *fill*         0x20000011        0x3 
 .bss.object.0  0x20000014       0x18 C:/msys64/mingw64/bin/../lib/gcc/arm-none-eabi/13.3.0/thumb/v7e-m+fp/hard/crtbegin.o
 .bss.defaultTaskHandle
                0x2000002c        0x4 build/freertos.o
                0x2000002c                defaultTaskHandle
 .bss.htim2     0x20000030       0x48 build/stm32f4xx_hal_timebase_tim.o
                0x20000030                htim2
 .bss.uwTick    0x20000078        0x4 build/stm32f4xx_hal.o
                0x20000078                uwTick
 .bss.xQueueRegistry
                0x2000007c       0x40 build/queue.o
                0x2000007c                xQueueRegistry
 .bss.uxSchedulerSuspended
                0x200000bc        0x4 build/tasks.o
 .bss.xIdleTaskHandle
                0x200000c0        0x4 build/tasks.o
 .bss.xNextTaskUnblockTime
                0x200000c4        0x4 build/tasks.o
 .bss.uxTaskNumber
                0x200000c8        0x4 build/tasks.o
 .bss.xNumOfOverflows
                0x200000cc        0x4 build/tasks.o
 .bss.xYieldPending
                0x200000d0        0x4 build/tasks.o
 .bss.xPendedTicks
                0x200000d4        0x4 build/tasks.o
 .bss.xSchedulerRunning
                0x200000d8        0x4 build/tasks.o
 .bss.uxTopReadyPriority
                0x200000dc        0x4 build/tasks.o
 .bss.xTickCount
                0x200000e0        0x4 build/tasks.o
 .bss.uxCurrentNumberOfTasks
                0x200000e4        0x4 build/tasks.o
 .bss.xSuspendedTaskList
                0x200000e8       0x14 build/tasks.o
 .bss.uxDeletedTasksWaitingCleanUp
                0x200000fc        0x4 build/tasks.o
 .bss.xTasksWaitingTermination
                0x20000100       0x14 build/tasks.o
 .bss.xPendingReadyList
                0x20000114       0x14 build/tasks.o
 .bss.pxOverflowDelayedTaskList
                0x20000128        0x4 build/tasks.o
 .bss.pxDelayedTaskList
                0x2000012c        0x4 build/tasks.o
 .bss.xDelayedTaskList2
                0x20000130       0x14 build/tasks.o
 .bss.xDelayedTaskList1
                0x20000144       0x14 build/tasks.o
 .bss.pxReadyTasksLists
                0x20000158      0x460 build/tasks.o
 .bss.pxCurrentTCB
                0x200005b8        0x4 build/tasks.o
                0x200005b8                pxCurrentTCB
 .bss.xStaticTimerQueue.0
                0x200005bc       0x50 build/timers.o
 .bss.ucStaticTimerQueueStorage.1
                0x2000060c       0xa0 build/timers.o
 .bss.xLastTime.2
                0x200006ac        0x4 build/timers.o
 .bss.xTimerTaskHandle
                0x200006b0        0x4 build/timers.o
 .bss.xTimerQueue
                0x200006b4        0x4 build/timers.o
 .bss.pxOverflowTimerList
                0x200006b8        0x4 build/timers.o
 .bss.pxCurrentTimerList
                0x200006bc        0x4 build/timers.o
 .bss.xActiveTimerList2
                0x200006c0       0x14 build/timers.o
 .bss.xActiveTimerList1
                0x200006d4       0x14 build/timers.o
 .bss.Timer_Stack.0
                0x200006e8      0x400 build/cmsis_os2.o
 .bss.Timer_TCB.1
                0x20000ae8       0x5c build/cmsis_os2.o
 .bss.Idle_Stack.2
                0x20000b44      0x200 build/cmsis_os2.o
 .bss.Idle_TCB.3
                0x20000d44       0x5c build/cmsis_os2.o
 .bss.KernelState
                0x20000da0        0x4 build/cmsis_os2.o
 .bss.xBlockAllocatedBit
                0x20000da4        0x4 build/heap_4.o
 .bss.xNumberOfSuccessfulFrees
                0x20000da8        0x4 build/heap_4.o
 .bss.xNumberOfSuccessfulAllocations
                0x20000dac        0x4 build/heap_4.o
 .bss.xMinimumEverFreeBytesRemaining
                0x20000db0        0x4 build/heap_4.o
 .bss.xFreeBytesRemaining
                0x20000db4        0x4 build/heap_4.o
 .bss.pxEnd     0x20000db8        0x4 build/heap_4.o
 .bss.xStart    0x20000dbc        0x8 build/heap_4.o
 .bss.ucHeap    0x20000dc4     0x3c00 build/heap_4.o
 .bss.ulMaxPRIGROUPValue
                0x200049c4        0x4 build/port.o
 .bss.ucMaxSysCallPriority
                0x200049c8        0x1 build/port.o
 *fill*         0x200049c9        0x3 
 .bss._acDownBuffer
                0x200049cc       0x10 build/SEGGER_RTT.o
 .bss._acUpBuffer
                0x200049dc      0x400 build/SEGGER_RTT.o
 .bss._SEGGER_RTT
                0x20004ddc       0xa8 build/SEGGER_RTT.o
                0x20004ddc                _SEGGER_RTT
 .bss._NumTasks
                0x20004e84        0x4 build/SEGGER_SYSVIEW_FreeRTOS.o
 .bss._aTasks   0x20004e88       0xa0 build/SEGGER_SYSVIEW_FreeRTOS.o
 .bss._aPacket  0x20004f28       0xe3 build/SEGGER_SYSVIEW.o
 .bss._NumModules
                0x2000500b        0x1 build/SEGGER_SYSVIEW.o
 .bss._pFirstModule
                0x2000500c        0x4 build/SEGGER_SYSVIEW.o
 .bss._SYSVIEW_Globals
                0x20005010       0x28 build/SEGGER_SYSVIEW.o
 .bss._DownBuffer
                0x20005038        0x8 build/SEGGER_SYSVIEW.o
 .bss._UpBuffer
                0x20005040      0x400 build/SEGGER_SYSVIEW.o
 .bss.CNT_TEMP3.0
                0x20005440        0x8 build/bsp_dwt.o
 .bss.CNT_TEMP2.1
                0x20005448        0x8 build/bsp_dwt.o
 .bss.CNT_TEMP1.2
                0x20005450        0x8 build/bsp_dwt.o
 .bss.bit_locker.3
                0x20005458        0x1 build/bsp_dwt.o
 *fill*         0x20005459        0x7 
 .bss.CYCCNT64  0x20005460        0x8 build/bsp_dwt.o
 .bss.CYCCNT_LAST
                0x20005468        0x4 build/bsp_dwt.o
 .bss.CYCCNT_RountCount
                0x2000546c        0x4 build/bsp_dwt.o
 .bss.CPU_FREQ_Hz_us
                0x20005470        0x4 build/bsp_dwt.o
 .bss.CPU_FREQ_Hz_ms
                0x20005474        0x4 build/bsp_dwt.o
 .bss.CPU_FREQ_Hz
                0x20005478        0x4 build/bsp_dwt.o
 .bss.SysTime   0x2000547c        0x8 build/bsp_dwt.o
 .bss.Motor_dt.0
                0x20005484        0x4 build/robot.o
 .bss.Motor_start.1
                0x20005488        0x4 build/robot.o
 .bss.Debug_dt.2
                0x2000548c        0x4 build/robot.o
 .bss.Debug_start.3
                0x20005490        0x4 build/robot.o
 .bss.Log_dt.4  0x20005494        0x4 build/robot.o
 .bss.Log_start.5
                0x20005498        0x4 build/robot.o
 .bss.MotorTaskHandle
                0x2000549c        0x4 build/robot.o
                0x2000549c                MotorTaskHandle
 .bss.DebugTaskHandle
                0x200054a0        0x4 build/robot.o
                0x200054a0                DebugTaskHandle
 .bss.LogTaskHandle
                0x200054a4        0x4 build/robot.o
                0x200054a4                LogTaskHandle
 *(COMMON)
                0x200054a8                        . = ALIGN (0x4)
                0x200054a8                        _ebss = .
                0x200054a8                        __bss_end__ = _ebss

._user_heap_stack
                0x200054a8      0x600
                0x200054a8                        . = ALIGN (0x8)
                [!provide]                        PROVIDE (end = .)
                0x200054a8                        PROVIDE (_end = .)
                0x200056a8                        . = (. + _Min_Heap_Size)
 *fill*         0x200054a8      0x200 
                0x20005aa8                        . = (. + _Min_Stack_Size)
 *fill*         0x200056a8      0x400 
                0x20005aa8                        . = ALIGN (0x8)

/DISCARD/
 libc.a(*)
 libm.a(*)
 libgcc.a(*)

.ARM.attributes
                0x00000000       0x30
 *(.ARM.attributes)
 .ARM.attributes
                0x00000000       0x22 C:/msys64/mingw64/bin/../lib/gcc/arm-none-eabi/13.3.0/thumb/v7e-m+fp/hard/crti.o
 .ARM.attributes
                0x00000022       0x34 C:/msys64/mingw64/bin/../lib/gcc/arm-none-eabi/13.3.0/thumb/v7e-m+fp/hard/crtbegin.o
 .ARM.attributes
                0x00000056       0x34 build/main.o
 .ARM.attributes
                0x0000008a       0x34 build/gpio.o
 .ARM.attributes
                0x000000be       0x34 build/freertos.o
 .ARM.attributes
                0x000000f2       0x34 build/stm32f4xx_it.o
 .ARM.attributes
                0x00000126       0x34 build/stm32f4xx_hal_msp.o
 .ARM.attributes
                0x0000015a       0x34 build/stm32f4xx_hal_timebase_tim.o
 .ARM.attributes
                0x0000018e       0x34 build/stm32f4xx_hal_rcc.o
 .ARM.attributes
                0x000001c2       0x34 build/stm32f4xx_hal_cortex.o
 .ARM.attributes
                0x000001f6       0x34 build/stm32f4xx_hal.o
 .ARM.attributes
                0x0000022a       0x34 build/stm32f4xx_hal_tim.o
 .ARM.attributes
                0x0000025e       0x34 build/stm32f4xx_hal_tim_ex.o
 .ARM.attributes
                0x00000292       0x34 build/system_stm32f4xx.o
 .ARM.attributes
                0x000002c6       0x34 build/list.o
 .ARM.attributes
                0x000002fa       0x34 build/queue.o
 .ARM.attributes
                0x0000032e       0x34 build/tasks.o
 .ARM.attributes
                0x00000362       0x34 build/timers.o
 .ARM.attributes
                0x00000396       0x34 build/cmsis_os2.o
 .ARM.attributes
                0x000003ca       0x34 build/heap_4.o
 .ARM.attributes
                0x000003fe       0x34 build/port.o
 .ARM.attributes
                0x00000432       0x34 build/SEGGER_RTT_printf.o
 .ARM.attributes
                0x00000466       0x34 build/SEGGER_RTT.o
 .ARM.attributes
                0x0000049a       0x34 build/SEGGER_SYSVIEW_FreeRTOS.o
 .ARM.attributes
                0x000004ce       0x34 build/SEGGER_SYSVIEW.o
 .ARM.attributes
                0x00000502       0x34 build/SEGGER_SYSVIEW_Config_FreeRTOS.o
 .ARM.attributes
                0x00000536       0x34 build/bsp_log.o
 .ARM.attributes
                0x0000056a       0x34 build/bsp_dwt.o
 .ARM.attributes
                0x0000059e       0x34 build/robot.o
 .ARM.attributes
                0x000005d2       0x21 build/startup_stm32f407xx.o
 .ARM.attributes
                0x000005f3       0x20 build/SEGGER_RTT_ASM_ARMv7M.o
 .ARM.attributes
                0x00000613       0x34 C:/msys64/mingw64/bin/../lib/gcc/arm-none-eabi/13.3.0/../../../../arm-none-eabi/lib/thumb/v7e-m+fp/hard\libc_nano.a(libc_a-memcmp.o)
 .ARM.attributes
                0x00000647       0x34 C:/msys64/mingw64/bin/../lib/gcc/arm-none-eabi/13.3.0/../../../../arm-none-eabi/lib/thumb/v7e-m+fp/hard\libc_nano.a(libc_a-memset.o)
 .ARM.attributes
                0x0000067b       0x34 C:/msys64/mingw64/bin/../lib/gcc/arm-none-eabi/13.3.0/../../../../arm-none-eabi/lib/thumb/v7e-m+fp/hard\libc_nano.a(libc_a-init.o)
 .ARM.attributes
                0x000006af       0x20 C:/msys64/mingw64/bin/../lib/gcc/arm-none-eabi/13.3.0/../../../../arm-none-eabi/lib/thumb/v7e-m+fp/hard\libc_nano.a(libc_a-memcpy.o)
 .ARM.attributes
                0x000006cf       0x1c C:/msys64/mingw64/bin/../lib/gcc/arm-none-eabi/13.3.0/../../../../arm-none-eabi/lib/thumb/v7e-m+fp/hard\libc_nano.a(libc_a-strlen.o)
 .ARM.attributes
                0x000006eb       0x22 C:/msys64/mingw64/bin/../lib/gcc/arm-none-eabi/13.3.0/thumb/v7e-m+fp/hard\libgcc.a(_arm_addsubdf3.o)
 .ARM.attributes
                0x0000070d       0x22 C:/msys64/mingw64/bin/../lib/gcc/arm-none-eabi/13.3.0/thumb/v7e-m+fp/hard\libgcc.a(_aeabi_uldivmod.o)
 .ARM.attributes
                0x0000072f       0x34 C:/msys64/mingw64/bin/../lib/gcc/arm-none-eabi/13.3.0/thumb/v7e-m+fp/hard\libgcc.a(_udivmoddi4.o)
 .ARM.attributes
                0x00000763       0x22 C:/msys64/mingw64/bin/../lib/gcc/arm-none-eabi/13.3.0/thumb/v7e-m+fp/hard\libgcc.a(_dvmd_tls.o)
 .ARM.attributes
                0x00000785       0x22 C:/msys64/mingw64/bin/../lib/gcc/arm-none-eabi/13.3.0/thumb/v7e-m+fp/hard/crtn.o
OUTPUT(build/new_build.elf elf32-littlearm)
LOAD linker stubs
LOAD C:/msys64/mingw64/bin/../lib/gcc/arm-none-eabi/13.3.0/../../../../arm-none-eabi/lib/thumb/v7e-m+fp/hard\libc.a
LOAD C:/msys64/mingw64/bin/../lib/gcc/arm-none-eabi/13.3.0/../../../../arm-none-eabi/lib/thumb/v7e-m+fp/hard\libm.a
LOAD C:/msys64/mingw64/bin/../lib/gcc/arm-none-eabi/13.3.0/thumb/v7e-m+fp/hard\libgcc.a

.debug_info     0x00000000    0x245b7
 .debug_info    0x00000000      0xe0d build/main.o
 .debug_info    0x00000e0d      0x2eb build/gpio.o
 .debug_info    0x000010f8      0x401 build/freertos.o
 .debug_info    0x000014f9      0x7b1 build/stm32f4xx_it.o
 .debug_info    0x00001caa      0x55a build/stm32f4xx_hal_msp.o
 .debug_info    0x00002204      0xde2 build/stm32f4xx_hal_timebase_tim.o
 .debug_info    0x00002fe6      0xc0a build/stm32f4xx_hal_rcc.o
 .debug_info    0x00003bf0     0x11e0 build/stm32f4xx_hal_cortex.o
 .debug_info    0x00004dd0      0xafa build/stm32f4xx_hal.o
 .debug_info    0x000058ca     0x41a0 build/stm32f4xx_hal_tim.o
 .debug_info    0x00009a6a     0x1da5 build/stm32f4xx_hal_tim_ex.o
 .debug_info    0x0000b80f      0x5b3 build/system_stm32f4xx.o
 .debug_info    0x0000bdc2      0x30f build/list.o
 .debug_info    0x0000c0d1     0x2fc1 build/queue.o
 .debug_info    0x0000f092     0x39ab build/tasks.o
 .debug_info    0x00012a3d     0x1d2b build/timers.o
 .debug_info    0x00014768     0x53ab build/cmsis_os2.o
 .debug_info    0x00019b13      0x60c build/heap_4.o
 .debug_info    0x0001a11f      0x5c2 build/port.o
 .debug_info    0x0001a6e1      0x703 build/SEGGER_RTT_printf.o
 .debug_info    0x0001ade4     0x1fbb build/SEGGER_RTT.o
 .debug_info    0x0001cd9f      0x620 build/SEGGER_SYSVIEW_FreeRTOS.o
 .debug_info    0x0001d3bf     0x5128 build/SEGGER_SYSVIEW.o
 .debug_info    0x000224e7      0x1f5 build/SEGGER_SYSVIEW_Config_FreeRTOS.o
 .debug_info    0x000226dc      0x304 build/bsp_log.o
 .debug_info    0x000229e0      0x6b6 build/bsp_dwt.o
 .debug_info    0x00023096      0x8c4 build/robot.o
 .debug_info    0x0002395a       0x30 build/startup_stm32f407xx.o
 .debug_info    0x0002398a       0x26 build/SEGGER_RTT_ASM_ARMv7M.o
 .debug_info    0x000239b0      0x12b C:/msys64/mingw64/bin/../lib/gcc/arm-none-eabi/13.3.0/../../../../arm-none-eabi/lib/thumb/v7e-m+fp/hard\libc_nano.a(libc_a-memcmp.o)
 .debug_info    0x00023adb      0x135 C:/msys64/mingw64/bin/../lib/gcc/arm-none-eabi/13.3.0/../../../../arm-none-eabi/lib/thumb/v7e-m+fp/hard\libc_nano.a(libc_a-memset.o)
 .debug_info    0x00023c10      0x10b C:/msys64/mingw64/bin/../lib/gcc/arm-none-eabi/13.3.0/../../../../arm-none-eabi/lib/thumb/v7e-m+fp/hard\libc_nano.a(libc_a-init.o)
 .debug_info    0x00023d1b       0x33 C:/msys64/mingw64/bin/../lib/gcc/arm-none-eabi/13.3.0/../../../../arm-none-eabi/lib/thumb/v7e-m+fp/hard\libc_nano.a(libc_a-memcpy.o)
 .debug_info    0x00023d4e       0x33 C:/msys64/mingw64/bin/../lib/gcc/arm-none-eabi/13.3.0/../../../../arm-none-eabi/lib/thumb/v7e-m+fp/hard\libc_nano.a(libc_a-strlen.o)
 .debug_info    0x00023d81       0xd3 C:/msys64/mingw64/bin/../lib/gcc/arm-none-eabi/13.3.0/thumb/v7e-m+fp/hard\libgcc.a(_arm_addsubdf3.o)
 .debug_info    0x00023e54       0x24 C:/msys64/mingw64/bin/../lib/gcc/arm-none-eabi/13.3.0/thumb/v7e-m+fp/hard\libgcc.a(_aeabi_uldivmod.o)
 .debug_info    0x00023e78      0x703 C:/msys64/mingw64/bin/../lib/gcc/arm-none-eabi/13.3.0/thumb/v7e-m+fp/hard\libgcc.a(_udivmoddi4.o)
 .debug_info    0x0002457b       0x3c C:/msys64/mingw64/bin/../lib/gcc/arm-none-eabi/13.3.0/thumb/v7e-m+fp/hard\libgcc.a(_dvmd_tls.o)

.debug_abbrev   0x00000000     0x4685
 .debug_abbrev  0x00000000      0x28d build/main.o
 .debug_abbrev  0x0000028d       0xd3 build/gpio.o
 .debug_abbrev  0x00000360      0x146 build/freertos.o
 .debug_abbrev  0x000004a6      0x17d build/stm32f4xx_it.o
 .debug_abbrev  0x00000623      0x122 build/stm32f4xx_hal_msp.o
 .debug_abbrev  0x00000745      0x22d build/stm32f4xx_hal_timebase_tim.o
 .debug_abbrev  0x00000972      0x2de build/stm32f4xx_hal_rcc.o
 .debug_abbrev  0x00000c50      0x3ca build/stm32f4xx_hal_cortex.o
 .debug_abbrev  0x0000101a      0x244 build/stm32f4xx_hal.o
 .debug_abbrev  0x0000125e      0x2bd build/stm32f4xx_hal_tim.o
 .debug_abbrev  0x0000151b      0x2b7 build/stm32f4xx_hal_tim_ex.o
 .debug_abbrev  0x000017d2      0x11b build/system_stm32f4xx.o
 .debug_abbrev  0x000018ed      0x124 build/list.o
 .debug_abbrev  0x00001a11      0x421 build/queue.o
 .debug_abbrev  0x00001e32      0x413 build/tasks.o
 .debug_abbrev  0x00002245      0x3d4 build/timers.o
 .debug_abbrev  0x00002619      0x5db build/cmsis_os2.o
 .debug_abbrev  0x00002bf4      0x27a build/heap_4.o
 .debug_abbrev  0x00002e6e      0x2af build/port.o
 .debug_abbrev  0x0000311d      0x222 build/SEGGER_RTT_printf.o
 .debug_abbrev  0x0000333f      0x291 build/SEGGER_RTT.o
 .debug_abbrev  0x000035d0      0x212 build/SEGGER_SYSVIEW_FreeRTOS.o
 .debug_abbrev  0x000037e2      0x3c5 build/SEGGER_SYSVIEW.o
 .debug_abbrev  0x00003ba7      0x102 build/SEGGER_SYSVIEW_Config_FreeRTOS.o
 .debug_abbrev  0x00003ca9      0x19a build/bsp_log.o
 .debug_abbrev  0x00003e43      0x1b2 build/bsp_dwt.o
 .debug_abbrev  0x00003ff5      0x233 build/robot.o
 .debug_abbrev  0x00004228       0x1d build/startup_stm32f407xx.o
 .debug_abbrev  0x00004245       0x14 build/SEGGER_RTT_ASM_ARMv7M.o
 .debug_abbrev  0x00004259       0x90 C:/msys64/mingw64/bin/../lib/gcc/arm-none-eabi/13.3.0/../../../../arm-none-eabi/lib/thumb/v7e-m+fp/hard\libc_nano.a(libc_a-memcmp.o)
 .debug_abbrev  0x000042e9       0xb7 C:/msys64/mingw64/bin/../lib/gcc/arm-none-eabi/13.3.0/../../../../arm-none-eabi/lib/thumb/v7e-m+fp/hard\libc_nano.a(libc_a-memset.o)
 .debug_abbrev  0x000043a0       0xc9 C:/msys64/mingw64/bin/../lib/gcc/arm-none-eabi/13.3.0/../../../../arm-none-eabi/lib/thumb/v7e-m+fp/hard\libc_nano.a(libc_a-init.o)
 .debug_abbrev  0x00004469       0x28 C:/msys64/mingw64/bin/../lib/gcc/arm-none-eabi/13.3.0/../../../../arm-none-eabi/lib/thumb/v7e-m+fp/hard\libc_nano.a(libc_a-memcpy.o)
 .debug_abbrev  0x00004491       0x28 C:/msys64/mingw64/bin/../lib/gcc/arm-none-eabi/13.3.0/../../../../arm-none-eabi/lib/thumb/v7e-m+fp/hard\libc_nano.a(libc_a-strlen.o)
 .debug_abbrev  0x000044b9       0x28 C:/msys64/mingw64/bin/../lib/gcc/arm-none-eabi/13.3.0/thumb/v7e-m+fp/hard\libgcc.a(_arm_addsubdf3.o)
 .debug_abbrev  0x000044e1       0x14 C:/msys64/mingw64/bin/../lib/gcc/arm-none-eabi/13.3.0/thumb/v7e-m+fp/hard\libgcc.a(_aeabi_uldivmod.o)
 .debug_abbrev  0x000044f5      0x16a C:/msys64/mingw64/bin/../lib/gcc/arm-none-eabi/13.3.0/thumb/v7e-m+fp/hard\libgcc.a(_udivmoddi4.o)
 .debug_abbrev  0x0000465f       0x26 C:/msys64/mingw64/bin/../lib/gcc/arm-none-eabi/13.3.0/thumb/v7e-m+fp/hard\libgcc.a(_dvmd_tls.o)

.debug_loc      0x00000000    0x22042
 .debug_loc     0x00000000       0xe0 build/main.o
 .debug_loc     0x000000e0       0x2c build/gpio.o
 .debug_loc     0x0000010c       0x6b build/freertos.o
 .debug_loc     0x00000177       0x20 build/stm32f4xx_it.o
 .debug_loc     0x00000197       0x38 build/stm32f4xx_hal_msp.o
 .debug_loc     0x000001cf      0x15d build/stm32f4xx_hal_timebase_tim.o
 .debug_loc     0x0000032c      0x720 build/stm32f4xx_hal_rcc.o
 .debug_loc     0x00000a4c      0x8ff build/stm32f4xx_hal_cortex.o
 .debug_loc     0x0000134b      0x1f9 build/stm32f4xx_hal.o
 .debug_loc     0x00001544     0x6097 build/stm32f4xx_hal_tim.o
 .debug_loc     0x000075db     0x22d2 build/stm32f4xx_hal_tim_ex.o
 .debug_loc     0x000098ad      0x181 build/system_stm32f4xx.o
 .debug_loc     0x00009a2e       0xeb build/list.o
 .debug_loc     0x00009b19     0x23de build/queue.o
 .debug_loc     0x0000bef7     0x2d99 build/tasks.o
 .debug_loc     0x0000ec90     0x16fe build/timers.o
 .debug_loc     0x0001038e     0x6694 build/cmsis_os2.o
 .debug_loc     0x00016a22      0x51c build/heap_4.o
 .debug_loc     0x00016f3e      0x1c6 build/port.o
 .debug_loc     0x00017104      0x94f build/SEGGER_RTT_printf.o
 .debug_loc     0x00017a53     0x2c0a build/SEGGER_RTT.o
 .debug_loc     0x0001a65d      0x455 build/SEGGER_SYSVIEW_FreeRTOS.o
 .debug_loc     0x0001aab2     0x6d3f build/SEGGER_SYSVIEW.o
 .debug_loc     0x000217f1       0x40 build/SEGGER_SYSVIEW_Config_FreeRTOS.o
 .debug_loc     0x00021831      0x379 build/bsp_log.o
 .debug_loc     0x00021baa      0x2f7 build/bsp_dwt.o
 .debug_loc     0x00021ea1      0x1a1 build/robot.o

.debug_aranges  0x00000000     0x17a8
 .debug_aranges
                0x00000000       0x38 build/main.o
 .debug_aranges
                0x00000038       0x20 build/gpio.o
 .debug_aranges
                0x00000058       0x28 build/freertos.o
 .debug_aranges
                0x00000080       0x50 build/stm32f4xx_it.o
 .debug_aranges
                0x000000d0       0x20 build/stm32f4xx_hal_msp.o
 .debug_aranges
                0x000000f0       0x30 build/stm32f4xx_hal_timebase_tim.o
 .debug_aranges
                0x00000120       0x88 build/stm32f4xx_hal_rcc.o
 .debug_aranges
                0x000001a8       0xf8 build/stm32f4xx_hal_cortex.o
 .debug_aranges
                0x000002a0       0xf0 build/stm32f4xx_hal.o
 .debug_aranges
                0x00000390      0x3d0 build/stm32f4xx_hal_tim.o
 .debug_aranges
                0x00000760      0x168 build/stm32f4xx_hal_tim_ex.o
 .debug_aranges
                0x000008c8       0x28 build/system_stm32f4xx.o
 .debug_aranges
                0x000008f0       0x40 build/list.o
 .debug_aranges
                0x00000930      0x158 build/queue.o
 .debug_aranges
                0x00000a88      0x210 build/tasks.o
 .debug_aranges
                0x00000c98       0xf0 build/timers.o
 .debug_aranges
                0x00000d88      0x2a0 build/cmsis_os2.o
 .debug_aranges
                0x00001028       0x58 build/heap_4.o
 .debug_aranges
                0x00001080       0x80 build/port.o
 .debug_aranges
                0x00001100       0x40 build/SEGGER_RTT_printf.o
 .debug_aranges
                0x00001140      0x138 build/SEGGER_RTT.o
 .debug_aranges
                0x00001278       0x48 build/SEGGER_SYSVIEW_FreeRTOS.o
 .debug_aranges
                0x000012c0      0x280 build/SEGGER_SYSVIEW.o
 .debug_aranges
                0x00001540       0x28 build/SEGGER_SYSVIEW_Config_FreeRTOS.o
 .debug_aranges
                0x00001568       0x30 build/bsp_log.o
 .debug_aranges
                0x00001598       0x60 build/bsp_dwt.o
 .debug_aranges
                0x000015f8       0x48 build/robot.o
 .debug_aranges
                0x00001640       0x28 build/startup_stm32f407xx.o
 .debug_aranges
                0x00001668       0x20 build/SEGGER_RTT_ASM_ARMv7M.o
 .debug_aranges
                0x00001688       0x20 C:/msys64/mingw64/bin/../lib/gcc/arm-none-eabi/13.3.0/../../../../arm-none-eabi/lib/thumb/v7e-m+fp/hard\libc_nano.a(libc_a-memcmp.o)
 .debug_aranges
                0x000016a8       0x20 C:/msys64/mingw64/bin/../lib/gcc/arm-none-eabi/13.3.0/../../../../arm-none-eabi/lib/thumb/v7e-m+fp/hard\libc_nano.a(libc_a-memset.o)
 .debug_aranges
                0x000016c8       0x20 C:/msys64/mingw64/bin/../lib/gcc/arm-none-eabi/13.3.0/../../../../arm-none-eabi/lib/thumb/v7e-m+fp/hard\libc_nano.a(libc_a-init.o)
 .debug_aranges
                0x000016e8       0x20 C:/msys64/mingw64/bin/../lib/gcc/arm-none-eabi/13.3.0/../../../../arm-none-eabi/lib/thumb/v7e-m+fp/hard\libc_nano.a(libc_a-memcpy.o)
 .debug_aranges
                0x00001708       0x20 C:/msys64/mingw64/bin/../lib/gcc/arm-none-eabi/13.3.0/../../../../arm-none-eabi/lib/thumb/v7e-m+fp/hard\libc_nano.a(libc_a-strlen.o)
 .debug_aranges
                0x00001728       0x20 C:/msys64/mingw64/bin/../lib/gcc/arm-none-eabi/13.3.0/thumb/v7e-m+fp/hard\libgcc.a(_arm_addsubdf3.o)
 .debug_aranges
                0x00001748       0x20 C:/msys64/mingw64/bin/../lib/gcc/arm-none-eabi/13.3.0/thumb/v7e-m+fp/hard\libgcc.a(_aeabi_uldivmod.o)
 .debug_aranges
                0x00001768       0x20 C:/msys64/mingw64/bin/../lib/gcc/arm-none-eabi/13.3.0/thumb/v7e-m+fp/hard\libgcc.a(_udivmoddi4.o)
 .debug_aranges
                0x00001788       0x20 C:/msys64/mingw64/bin/../lib/gcc/arm-none-eabi/13.3.0/thumb/v7e-m+fp/hard\libgcc.a(_dvmd_tls.o)

.debug_ranges   0x00000000     0x19d8
 .debug_ranges  0x00000000       0x28 build/main.o
 .debug_ranges  0x00000028       0x10 build/gpio.o
 .debug_ranges  0x00000038       0x18 build/freertos.o
 .debug_ranges  0x00000050       0x40 build/stm32f4xx_it.o
 .debug_ranges  0x00000090       0x10 build/stm32f4xx_hal_msp.o
 .debug_ranges  0x000000a0       0x20 build/stm32f4xx_hal_timebase_tim.o
 .debug_ranges  0x000000c0       0x90 build/stm32f4xx_hal_rcc.o
 .debug_ranges  0x00000150       0xe8 build/stm32f4xx_hal_cortex.o
 .debug_ranges  0x00000238       0xe0 build/stm32f4xx_hal.o
 .debug_ranges  0x00000318      0x3c0 build/stm32f4xx_hal_tim.o
 .debug_ranges  0x000006d8      0x158 build/stm32f4xx_hal_tim_ex.o
 .debug_ranges  0x00000830       0x18 build/system_stm32f4xx.o
 .debug_ranges  0x00000848       0x30 build/list.o
 .debug_ranges  0x00000878      0x260 build/queue.o
 .debug_ranges  0x00000ad8      0x340 build/tasks.o
 .debug_ranges  0x00000e18       0xe0 build/timers.o
 .debug_ranges  0x00000ef8      0x290 build/cmsis_os2.o
 .debug_ranges  0x00001188       0x48 build/heap_4.o
 .debug_ranges  0x000011d0       0x88 build/port.o
 .debug_ranges  0x00001258       0x30 build/SEGGER_RTT_printf.o
 .debug_ranges  0x00001288      0x368 build/SEGGER_RTT.o
 .debug_ranges  0x000015f0       0x38 build/SEGGER_SYSVIEW_FreeRTOS.o
 .debug_ranges  0x00001628      0x2d0 build/SEGGER_SYSVIEW.o
 .debug_ranges  0x000018f8       0x18 build/SEGGER_SYSVIEW_Config_FreeRTOS.o
 .debug_ranges  0x00001910       0x20 build/bsp_log.o
 .debug_ranges  0x00001930       0x50 build/bsp_dwt.o
 .debug_ranges  0x00001980       0x38 build/robot.o
 .debug_ranges  0x000019b8       0x20 build/startup_stm32f407xx.o

.debug_line     0x00000000    0x181a9
 .debug_line    0x00000000      0x393 build/main.o
 .debug_line    0x00000393      0x106 build/gpio.o
 .debug_line    0x00000499      0x13a build/freertos.o
 .debug_line    0x000005d3      0x1fc build/stm32f4xx_it.o
 .debug_line    0x000007cf      0x150 build/stm32f4xx_hal_msp.o
 .debug_line    0x0000091f      0x2ad build/stm32f4xx_hal_timebase_tim.o
 .debug_line    0x00000bcc      0xb80 build/stm32f4xx_hal_rcc.o
 .debug_line    0x0000174c      0x7ec build/stm32f4xx_hal_cortex.o
 .debug_line    0x00001f38      0x529 build/stm32f4xx_hal.o
 .debug_line    0x00002461     0x4730 build/stm32f4xx_hal_tim.o
 .debug_line    0x00006b91     0x1a79 build/stm32f4xx_hal_tim_ex.o
 .debug_line    0x0000860a      0x20b build/system_stm32f4xx.o
 .debug_line    0x00008815      0x317 build/list.o
 .debug_line    0x00008b2c     0x1d63 build/queue.o
 .debug_line    0x0000a88f     0x290d build/tasks.o
 .debug_line    0x0000d19c      0xd91 build/timers.o
 .debug_line    0x0000df2d     0x2b69 build/cmsis_os2.o
 .debug_line    0x00010a96      0x6a6 build/heap_4.o
 .debug_line    0x0001113c      0x5e0 build/port.o
 .debug_line    0x0001171c      0x62c build/SEGGER_RTT_printf.o
 .debug_line    0x00011d48     0x12c6 build/SEGGER_RTT.o
 .debug_line    0x0001300e      0x450 build/SEGGER_SYSVIEW_FreeRTOS.o
 .debug_line    0x0001345e     0x3563 build/SEGGER_SYSVIEW.o
 .debug_line    0x000169c1      0x172 build/SEGGER_SYSVIEW_Config_FreeRTOS.o
 .debug_line    0x00016b33      0x17c build/bsp_log.o
 .debug_line    0x00016caf      0x37e build/bsp_dwt.o
 .debug_line    0x0001702d      0x387 build/robot.o
 .debug_line    0x000173b4       0x73 build/startup_stm32f407xx.o
 .debug_line    0x00017427       0xab build/SEGGER_RTT_ASM_ARMv7M.o
 .debug_line    0x000174d2      0x17d C:/msys64/mingw64/bin/../lib/gcc/arm-none-eabi/13.3.0/../../../../arm-none-eabi/lib/thumb/v7e-m+fp/hard\libc_nano.a(libc_a-memcmp.o)
 .debug_line    0x0001764f      0x1cd C:/msys64/mingw64/bin/../lib/gcc/arm-none-eabi/13.3.0/../../../../arm-none-eabi/lib/thumb/v7e-m+fp/hard\libc_nano.a(libc_a-memset.o)
 .debug_line    0x0001781c      0x144 C:/msys64/mingw64/bin/../lib/gcc/arm-none-eabi/13.3.0/../../../../arm-none-eabi/lib/thumb/v7e-m+fp/hard\libc_nano.a(libc_a-init.o)
 .debug_line    0x00017960       0xb9 C:/msys64/mingw64/bin/../lib/gcc/arm-none-eabi/13.3.0/../../../../arm-none-eabi/lib/thumb/v7e-m+fp/hard\libc_nano.a(libc_a-memcpy.o)
 .debug_line    0x00017a19       0x86 C:/msys64/mingw64/bin/../lib/gcc/arm-none-eabi/13.3.0/../../../../arm-none-eabi/lib/thumb/v7e-m+fp/hard\libc_nano.a(libc_a-strlen.o)
 .debug_line    0x00017a9f      0x16f C:/msys64/mingw64/bin/../lib/gcc/arm-none-eabi/13.3.0/thumb/v7e-m+fp/hard\libgcc.a(_arm_addsubdf3.o)
 .debug_line    0x00017c0e       0x4e C:/msys64/mingw64/bin/../lib/gcc/arm-none-eabi/13.3.0/thumb/v7e-m+fp/hard\libgcc.a(_aeabi_uldivmod.o)
 .debug_line    0x00017c5c      0x503 C:/msys64/mingw64/bin/../lib/gcc/arm-none-eabi/13.3.0/thumb/v7e-m+fp/hard\libgcc.a(_udivmoddi4.o)
 .debug_line    0x0001815f       0x4a C:/msys64/mingw64/bin/../lib/gcc/arm-none-eabi/13.3.0/thumb/v7e-m+fp/hard\libgcc.a(_dvmd_tls.o)

.debug_str      0x00000000     0x83ad
 .debug_str     0x00000000     0x83ad build/main.o
                                0xa7b (size before relaxing)
 .debug_str     0x000083ad      0x26d build/gpio.o
 .debug_str     0x000083ad      0x6c2 build/freertos.o
 .debug_str     0x000083ad      0x714 build/stm32f4xx_it.o
 .debug_str     0x000083ad      0x786 build/stm32f4xx_hal_msp.o
 .debug_str     0x000083ad      0xe2a build/stm32f4xx_hal_timebase_tim.o
 .debug_str     0x000083ad      0x6c9 build/stm32f4xx_hal_rcc.o
 .debug_str     0x000083ad      0xc38 build/stm32f4xx_hal_cortex.o
 .debug_str     0x000083ad      0xb27 build/stm32f4xx_hal.o
 .debug_str     0x000083ad     0x16c2 build/stm32f4xx_hal_tim.o
 .debug_str     0x000083ad      0xece build/stm32f4xx_hal_tim_ex.o
 .debug_str     0x000083ad      0x333 build/system_stm32f4xx.o
 .debug_str     0x000083ad      0x2c5 build/list.o
 .debug_str     0x000083ad      0xd5d build/queue.o
 .debug_str     0x000083ad     0x1404 build/tasks.o
 .debug_str     0x000083ad      0xc0b build/timers.o
 .debug_str     0x000083ad     0x2186 build/cmsis_os2.o
 .debug_str     0x000083ad      0x4de build/heap_4.o
 .debug_str     0x000083ad      0x445 build/port.o
 .debug_str     0x000083ad      0x2ce build/SEGGER_RTT_printf.o
 .debug_str     0x000083ad      0x6a8 build/SEGGER_RTT.o
 .debug_str     0x000083ad      0x3b4 build/SEGGER_SYSVIEW_FreeRTOS.o
 .debug_str     0x000083ad     0x1000 build/SEGGER_SYSVIEW.o
 .debug_str     0x000083ad      0x288 build/SEGGER_SYSVIEW_Config_FreeRTOS.o
 .debug_str     0x000083ad      0x1df build/bsp_log.o
 .debug_str     0x000083ad      0x413 build/bsp_dwt.o
 .debug_str     0x000083ad      0x7ef build/robot.o
 .debug_str     0x000083ad       0x4c build/startup_stm32f407xx.o
 .debug_str     0x000083ad       0x6a build/SEGGER_RTT_ASM_ARMv7M.o
 .debug_str     0x000083ad      0x187 C:/msys64/mingw64/bin/../lib/gcc/arm-none-eabi/13.3.0/../../../../arm-none-eabi/lib/thumb/v7e-m+fp/hard\libc_nano.a(libc_a-memcmp.o)
 .debug_str     0x000083ad      0x19b C:/msys64/mingw64/bin/../lib/gcc/arm-none-eabi/13.3.0/../../../../arm-none-eabi/lib/thumb/v7e-m+fp/hard\libc_nano.a(libc_a-memset.o)
 .debug_str     0x000083ad      0x1e8 C:/msys64/mingw64/bin/../lib/gcc/arm-none-eabi/13.3.0/../../../../arm-none-eabi/lib/thumb/v7e-m+fp/hard\libc_nano.a(libc_a-init.o)
 .debug_str     0x000083ad       0xa3 C:/msys64/mingw64/bin/../lib/gcc/arm-none-eabi/13.3.0/../../../../arm-none-eabi/lib/thumb/v7e-m+fp/hard\libc_nano.a(libc_a-memcpy.o)
 .debug_str     0x000083ad       0xa2 C:/msys64/mingw64/bin/../lib/gcc/arm-none-eabi/13.3.0/../../../../arm-none-eabi/lib/thumb/v7e-m+fp/hard\libc_nano.a(libc_a-strlen.o)
 .debug_str     0x000083ad      0x12f C:/msys64/mingw64/bin/../lib/gcc/arm-none-eabi/13.3.0/thumb/v7e-m+fp/hard\libgcc.a(_arm_addsubdf3.o)
 .debug_str     0x000083ad       0x7e C:/msys64/mingw64/bin/../lib/gcc/arm-none-eabi/13.3.0/thumb/v7e-m+fp/hard\libgcc.a(_aeabi_uldivmod.o)
 .debug_str     0x000083ad      0x696 C:/msys64/mingw64/bin/../lib/gcc/arm-none-eabi/13.3.0/thumb/v7e-m+fp/hard\libgcc.a(_udivmoddi4.o)
 .debug_str     0x000083ad       0x9e C:/msys64/mingw64/bin/../lib/gcc/arm-none-eabi/13.3.0/thumb/v7e-m+fp/hard\libgcc.a(_dvmd_tls.o)

.comment        0x00000000       0x24
 .comment       0x00000000       0x24 build/main.o
                                 0x13 (size before relaxing)
 .comment       0x00000024       0x13 build/gpio.o
 .comment       0x00000024       0x13 build/freertos.o
 .comment       0x00000024       0x13 build/stm32f4xx_it.o
 .comment       0x00000024       0x13 build/stm32f4xx_hal_msp.o
 .comment       0x00000024       0x13 build/stm32f4xx_hal_timebase_tim.o
 .comment       0x00000024       0x13 build/stm32f4xx_hal_rcc.o
 .comment       0x00000024       0x13 build/stm32f4xx_hal_cortex.o
 .comment       0x00000024       0x13 build/stm32f4xx_hal.o
 .comment       0x00000024       0x13 build/stm32f4xx_hal_tim.o
 .comment       0x00000024       0x13 build/stm32f4xx_hal_tim_ex.o
 .comment       0x00000024       0x13 build/system_stm32f4xx.o
 .comment       0x00000024       0x13 build/list.o
 .comment       0x00000024       0x13 build/queue.o
 .comment       0x00000024       0x13 build/tasks.o
 .comment       0x00000024       0x13 build/timers.o
 .comment       0x00000024       0x13 build/cmsis_os2.o
 .comment       0x00000024       0x13 build/heap_4.o
 .comment       0x00000024       0x13 build/port.o
 .comment       0x00000024       0x13 build/SEGGER_RTT_printf.o
 .comment       0x00000024       0x13 build/SEGGER_RTT.o
 .comment       0x00000024       0x13 build/SEGGER_SYSVIEW_FreeRTOS.o
 .comment       0x00000024       0x13 build/SEGGER_SYSVIEW.o
 .comment       0x00000024       0x13 build/SEGGER_SYSVIEW_Config_FreeRTOS.o
 .comment       0x00000024       0x13 build/bsp_log.o
 .comment       0x00000024       0x13 build/bsp_dwt.o
 .comment       0x00000024       0x13 build/robot.o
 .comment       0x00000024       0x13 C:/msys64/mingw64/bin/../lib/gcc/arm-none-eabi/13.3.0/../../../../arm-none-eabi/lib/thumb/v7e-m+fp/hard\libc_nano.a(libc_a-memcmp.o)
 .comment       0x00000024       0x13 C:/msys64/mingw64/bin/../lib/gcc/arm-none-eabi/13.3.0/../../../../arm-none-eabi/lib/thumb/v7e-m+fp/hard\libc_nano.a(libc_a-memset.o)
 .comment       0x00000024       0x13 C:/msys64/mingw64/bin/../lib/gcc/arm-none-eabi/13.3.0/../../../../arm-none-eabi/lib/thumb/v7e-m+fp/hard\libc_nano.a(libc_a-init.o)
 .comment       0x00000024       0x13 C:/msys64/mingw64/bin/../lib/gcc/arm-none-eabi/13.3.0/thumb/v7e-m+fp/hard\libgcc.a(_udivmoddi4.o)

.debug_frame    0x00000000     0x43d0
 .debug_frame   0x00000000       0x70 build/main.o
 .debug_frame   0x00000070       0x28 build/gpio.o
 .debug_frame   0x00000098       0x40 build/freertos.o
 .debug_frame   0x000000d8       0x88 build/stm32f4xx_it.o
 .debug_frame   0x00000160       0x2c build/stm32f4xx_hal_msp.o
 .debug_frame   0x0000018c       0x54 build/stm32f4xx_hal_timebase_tim.o
 .debug_frame   0x000001e0      0x16c build/stm32f4xx_hal_rcc.o
 .debug_frame   0x0000034c      0x214 build/stm32f4xx_hal_cortex.o
 .debug_frame   0x00000560      0x1ec build/stm32f4xx_hal.o
 .debug_frame   0x0000074c      0xb10 build/stm32f4xx_hal_tim.o
 .debug_frame   0x0000125c      0x418 build/stm32f4xx_hal_tim_ex.o
 .debug_frame   0x00001674       0x30 build/system_stm32f4xx.o
 .debug_frame   0x000016a4       0x70 build/list.o
 .debug_frame   0x00001714      0x494 build/queue.o
 .debug_frame   0x00001ba8      0x70c build/tasks.o
 .debug_frame   0x000022b4      0x30c build/timers.o
 .debug_frame   0x000025c0      0x90c build/cmsis_os2.o
 .debug_frame   0x00002ecc       0xd0 build/heap_4.o
 .debug_frame   0x00002f9c      0x110 build/port.o
 .debug_frame   0x000030ac       0xd4 build/SEGGER_RTT_printf.o
 .debug_frame   0x00003180      0x414 build/SEGGER_RTT.o
 .debug_frame   0x00003594       0xe0 build/SEGGER_SYSVIEW_FreeRTOS.o
 .debug_frame   0x00003674      0x94c build/SEGGER_SYSVIEW.o
 .debug_frame   0x00003fc0       0x40 build/SEGGER_SYSVIEW_Config_FreeRTOS.o
 .debug_frame   0x00004000       0x74 build/bsp_log.o
 .debug_frame   0x00004074      0x120 build/bsp_dwt.o
 .debug_frame   0x00004194       0xac build/robot.o
 .debug_frame   0x00004240       0x2c C:/msys64/mingw64/bin/../lib/gcc/arm-none-eabi/13.3.0/../../../../arm-none-eabi/lib/thumb/v7e-m+fp/hard\libc_nano.a(libc_a-memcmp.o)
 .debug_frame   0x0000426c       0x2c C:/msys64/mingw64/bin/../lib/gcc/arm-none-eabi/13.3.0/../../../../arm-none-eabi/lib/thumb/v7e-m+fp/hard\libc_nano.a(libc_a-memset.o)
 .debug_frame   0x00004298       0x2c C:/msys64/mingw64/bin/../lib/gcc/arm-none-eabi/13.3.0/../../../../arm-none-eabi/lib/thumb/v7e-m+fp/hard\libc_nano.a(libc_a-init.o)
 .debug_frame   0x000042c4       0xac C:/msys64/mingw64/bin/../lib/gcc/arm-none-eabi/13.3.0/thumb/v7e-m+fp/hard\libgcc.a(_arm_addsubdf3.o)
 .debug_frame   0x00004370       0x2c C:/msys64/mingw64/bin/../lib/gcc/arm-none-eabi/13.3.0/thumb/v7e-m+fp/hard\libgcc.a(_aeabi_uldivmod.o)
 .debug_frame   0x0000439c       0x34 C:/msys64/mingw64/bin/../lib/gcc/arm-none-eabi/13.3.0/thumb/v7e-m+fp/hard\libgcc.a(_udivmoddi4.o)

.debug_loclists
                0x00000000      0xae6
 .debug_loclists
                0x00000000      0x163 C:/msys64/mingw64/bin/../lib/gcc/arm-none-eabi/13.3.0/../../../../arm-none-eabi/lib/thumb/v7e-m+fp/hard\libc_nano.a(libc_a-memcmp.o)
 .debug_loclists
                0x00000163      0x1b6 C:/msys64/mingw64/bin/../lib/gcc/arm-none-eabi/13.3.0/../../../../arm-none-eabi/lib/thumb/v7e-m+fp/hard\libc_nano.a(libc_a-memset.o)
 .debug_loclists
                0x00000319       0x65 C:/msys64/mingw64/bin/../lib/gcc/arm-none-eabi/13.3.0/../../../../arm-none-eabi/lib/thumb/v7e-m+fp/hard\libc_nano.a(libc_a-init.o)
 .debug_loclists
                0x0000037e      0x768 C:/msys64/mingw64/bin/../lib/gcc/arm-none-eabi/13.3.0/thumb/v7e-m+fp/hard\libgcc.a(_udivmoddi4.o)

.debug_line_str
                0x00000000      0x12a
 .debug_line_str
                0x00000000      0x12a C:/msys64/mingw64/bin/../lib/gcc/arm-none-eabi/13.3.0/../../../../arm-none-eabi/lib/thumb/v7e-m+fp/hard\libc_nano.a(libc_a-memcpy.o)
                                 0x90 (size before relaxing)
 .debug_line_str
                0x0000012a       0x8f C:/msys64/mingw64/bin/../lib/gcc/arm-none-eabi/13.3.0/../../../../arm-none-eabi/lib/thumb/v7e-m+fp/hard\libc_nano.a(libc_a-strlen.o)
 .debug_line_str
                0x0000012a       0x77 C:/msys64/mingw64/bin/../lib/gcc/arm-none-eabi/13.3.0/thumb/v7e-m+fp/hard\libgcc.a(_arm_addsubdf3.o)
 .debug_line_str
                0x0000012a       0x72 C:/msys64/mingw64/bin/../lib/gcc/arm-none-eabi/13.3.0/thumb/v7e-m+fp/hard\libgcc.a(_aeabi_uldivmod.o)
 .debug_line_str
                0x0000012a       0x76 C:/msys64/mingw64/bin/../lib/gcc/arm-none-eabi/13.3.0/thumb/v7e-m+fp/hard\libgcc.a(_dvmd_tls.o)

.debug_rnglists
                0x00000000       0x6d
 .debug_rnglists
                0x00000000       0x6d C:/msys64/mingw64/bin/../lib/gcc/arm-none-eabi/13.3.0/thumb/v7e-m+fp/hard\libgcc.a(_udivmoddi4.o)

Cross Reference Table

Symbol                                            File
ADC_IRQHandler                                    build/startup_stm32f407xx.o
AHBPrescTable                                     build/system_stm32f4xx.o
                                                  build/stm32f4xx_hal_rcc.o
APBPrescTable                                     build/system_stm32f4xx.o
                                                  build/stm32f4xx_hal_rcc.o
BSPLogInit                                        build/bsp_log.o
                                                  build/robot.o
Bsp_Init                                          build/robot.o
BusFault_Handler                                  build/stm32f4xx_it.o
CAN1_RX0_IRQHandler                               build/startup_stm32f407xx.o
CAN1_RX1_IRQHandler                               build/startup_stm32f407xx.o
CAN1_SCE_IRQHandler                               build/startup_stm32f407xx.o
CAN1_TX_IRQHandler                                build/startup_stm32f407xx.o
CAN2_RX0_IRQHandler                               build/startup_stm32f407xx.o
CAN2_RX1_IRQHandler                               build/startup_stm32f407xx.o
CAN2_SCE_IRQHandler                               build/startup_stm32f407xx.o
CAN2_TX_IRQHandler                                build/startup_stm32f407xx.o
DCMI_IRQHandler                                   build/startup_stm32f407xx.o
DMA1_Stream0_IRQHandler                           build/startup_stm32f407xx.o
DMA1_Stream1_IRQHandler                           build/startup_stm32f407xx.o
DMA1_Stream2_IRQHandler                           build/startup_stm32f407xx.o
DMA1_Stream3_IRQHandler                           build/startup_stm32f407xx.o
DMA1_Stream4_IRQHandler                           build/startup_stm32f407xx.o
DMA1_Stream5_IRQHandler                           build/startup_stm32f407xx.o
DMA1_Stream6_IRQHandler                           build/startup_stm32f407xx.o
DMA1_Stream7_IRQHandler                           build/startup_stm32f407xx.o
DMA2_Stream0_IRQHandler                           build/startup_stm32f407xx.o
DMA2_Stream1_IRQHandler                           build/startup_stm32f407xx.o
DMA2_Stream2_IRQHandler                           build/startup_stm32f407xx.o
DMA2_Stream3_IRQHandler                           build/startup_stm32f407xx.o
DMA2_Stream4_IRQHandler                           build/startup_stm32f407xx.o
DMA2_Stream5_IRQHandler                           build/startup_stm32f407xx.o
DMA2_Stream6_IRQHandler                           build/startup_stm32f407xx.o
DMA2_Stream7_IRQHandler                           build/startup_stm32f407xx.o
DWT_Delay                                         build/bsp_dwt.o
DWT_GetDeltaT                                     build/bsp_dwt.o
DWT_GetDeltaT64                                   build/bsp_dwt.o
DWT_GetTimeline_ms                                build/bsp_dwt.o
                                                  build/robot.o
DWT_GetTimeline_s                                 build/bsp_dwt.o
DWT_GetTimeline_us                                build/bsp_dwt.o
DWT_Init                                          build/bsp_dwt.o
                                                  build/robot.o
DWT_SysTimeUpdate                                 build/bsp_dwt.o
DebugMon_Handler                                  build/stm32f4xx_it.o
DebugTask                                         build/robot.o
DebugTaskHandle                                   build/robot.o
Default_Handler                                   build/startup_stm32f407xx.o
ETH_IRQHandler                                    build/startup_stm32f407xx.o
ETH_WKUP_IRQHandler                               build/startup_stm32f407xx.o
EXTI0_IRQHandler                                  build/startup_stm32f407xx.o
EXTI15_10_IRQHandler                              build/startup_stm32f407xx.o
EXTI1_IRQHandler                                  build/startup_stm32f407xx.o
EXTI2_IRQHandler                                  build/startup_stm32f407xx.o
EXTI3_IRQHandler                                  build/startup_stm32f407xx.o
EXTI4_IRQHandler                                  build/startup_stm32f407xx.o
EXTI9_5_IRQHandler                                build/startup_stm32f407xx.o
Error_Handler                                     build/main.o
FLASH_Erase_Sector                                build/stm32f4xx_hal_flash_ex.o
                                                  build/stm32f4xx_hal_flash.o
FLASH_FlushCaches                                 build/stm32f4xx_hal_flash_ex.o
                                                  build/stm32f4xx_hal_flash.o
FLASH_IRQHandler                                  build/startup_stm32f407xx.o
FLASH_WaitForLastOperation                        build/stm32f4xx_hal_flash.o
                                                  build/stm32f4xx_hal_flash_ex.o
FPU_IRQHandler                                    build/startup_stm32f407xx.o
FSMC_IRQHandler                                   build/startup_stm32f407xx.o
Float2Str                                         build/bsp_log.o
HAL_CORTEX_ClearEvent                             build/stm32f4xx_hal_cortex.o
HAL_DBGMCU_DisableDBGSleepMode                    build/stm32f4xx_hal.o
HAL_DBGMCU_DisableDBGStandbyMode                  build/stm32f4xx_hal.o
HAL_DBGMCU_DisableDBGStopMode                     build/stm32f4xx_hal.o
HAL_DBGMCU_EnableDBGSleepMode                     build/stm32f4xx_hal.o
HAL_DBGMCU_EnableDBGStandbyMode                   build/stm32f4xx_hal.o
HAL_DBGMCU_EnableDBGStopMode                      build/stm32f4xx_hal.o
HAL_DMAEx_ChangeMemory                            build/stm32f4xx_hal_dma_ex.o
HAL_DMAEx_MultiBufferStart                        build/stm32f4xx_hal_dma_ex.o
HAL_DMAEx_MultiBufferStart_IT                     build/stm32f4xx_hal_dma_ex.o
HAL_DMA_Abort                                     build/stm32f4xx_hal_dma.o
HAL_DMA_Abort_IT                                  build/stm32f4xx_hal_dma.o
                                                  build/stm32f4xx_hal_tim_ex.o
                                                  build/stm32f4xx_hal_tim.o
HAL_DMA_DeInit                                    build/stm32f4xx_hal_dma.o
HAL_DMA_GetError                                  build/stm32f4xx_hal_dma.o
HAL_DMA_GetState                                  build/stm32f4xx_hal_dma.o
HAL_DMA_IRQHandler                                build/stm32f4xx_hal_dma.o
HAL_DMA_Init                                      build/stm32f4xx_hal_dma.o
HAL_DMA_PollForTransfer                           build/stm32f4xx_hal_dma.o
HAL_DMA_RegisterCallback                          build/stm32f4xx_hal_dma.o
HAL_DMA_Start                                     build/stm32f4xx_hal_dma.o
HAL_DMA_Start_IT                                  build/stm32f4xx_hal_dma.o
                                                  build/stm32f4xx_hal_tim_ex.o
                                                  build/stm32f4xx_hal_tim.o
HAL_DMA_UnRegisterCallback                        build/stm32f4xx_hal_dma.o
HAL_DeInit                                        build/stm32f4xx_hal.o
HAL_Delay                                         build/stm32f4xx_hal.o
HAL_DisableCompensationCell                       build/stm32f4xx_hal.o
HAL_EXTI_ClearConfigLine                          build/stm32f4xx_hal_exti.o
HAL_EXTI_ClearPending                             build/stm32f4xx_hal_exti.o
HAL_EXTI_GenerateSWI                              build/stm32f4xx_hal_exti.o
HAL_EXTI_GetConfigLine                            build/stm32f4xx_hal_exti.o
HAL_EXTI_GetHandle                                build/stm32f4xx_hal_exti.o
HAL_EXTI_GetPending                               build/stm32f4xx_hal_exti.o
HAL_EXTI_IRQHandler                               build/stm32f4xx_hal_exti.o
HAL_EXTI_RegisterCallback                         build/stm32f4xx_hal_exti.o
HAL_EXTI_SetConfigLine                            build/stm32f4xx_hal_exti.o
HAL_EnableCompensationCell                        build/stm32f4xx_hal.o
HAL_FLASHEx_Erase                                 build/stm32f4xx_hal_flash_ex.o
HAL_FLASHEx_Erase_IT                              build/stm32f4xx_hal_flash_ex.o
HAL_FLASHEx_OBGetConfig                           build/stm32f4xx_hal_flash_ex.o
HAL_FLASHEx_OBProgram                             build/stm32f4xx_hal_flash_ex.o
HAL_FLASH_EndOfOperationCallback                  build/stm32f4xx_hal_flash.o
HAL_FLASH_GetError                                build/stm32f4xx_hal_flash.o
HAL_FLASH_IRQHandler                              build/stm32f4xx_hal_flash.o
HAL_FLASH_Lock                                    build/stm32f4xx_hal_flash.o
HAL_FLASH_OB_Launch                               build/stm32f4xx_hal_flash.o
HAL_FLASH_OB_Lock                                 build/stm32f4xx_hal_flash.o
HAL_FLASH_OB_Unlock                               build/stm32f4xx_hal_flash.o
HAL_FLASH_OperationErrorCallback                  build/stm32f4xx_hal_flash.o
HAL_FLASH_Program                                 build/stm32f4xx_hal_flash.o
HAL_FLASH_Program_IT                              build/stm32f4xx_hal_flash.o
HAL_FLASH_Unlock                                  build/stm32f4xx_hal_flash.o
HAL_GPIO_DeInit                                   build/stm32f4xx_hal_gpio.o
HAL_GPIO_EXTI_Callback                            build/stm32f4xx_hal_gpio.o
HAL_GPIO_EXTI_IRQHandler                          build/stm32f4xx_hal_gpio.o
HAL_GPIO_Init                                     build/stm32f4xx_hal_gpio.o
                                                  build/stm32f4xx_hal_rcc.o
HAL_GPIO_LockPin                                  build/stm32f4xx_hal_gpio.o
HAL_GPIO_ReadPin                                  build/stm32f4xx_hal_gpio.o
HAL_GPIO_TogglePin                                build/stm32f4xx_hal_gpio.o
HAL_GPIO_WritePin                                 build/stm32f4xx_hal_gpio.o
HAL_GetDEVID                                      build/stm32f4xx_hal.o
HAL_GetHalVersion                                 build/stm32f4xx_hal.o
HAL_GetREVID                                      build/stm32f4xx_hal.o
HAL_GetTick                                       build/stm32f4xx_hal.o
                                                  build/stm32f4xx_hal_pwr_ex.o
                                                  build/stm32f4xx_hal_dma.o
                                                  build/stm32f4xx_hal_flash.o
                                                  build/stm32f4xx_hal_rcc_ex.o
                                                  build/stm32f4xx_hal_rcc.o
HAL_GetTickFreq                                   build/stm32f4xx_hal.o
HAL_GetTickPrio                                   build/stm32f4xx_hal.o
HAL_GetUIDw0                                      build/stm32f4xx_hal.o
HAL_GetUIDw1                                      build/stm32f4xx_hal.o
HAL_GetUIDw2                                      build/stm32f4xx_hal.o
HAL_IncTick                                       build/stm32f4xx_hal.o
                                                  build/main.o
HAL_Init                                          build/stm32f4xx_hal.o
                                                  build/main.o
HAL_InitTick                                      build/stm32f4xx_hal_timebase_tim.o
                                                  build/stm32f4xx_hal_rcc_ex.o
                                                  build/stm32f4xx_hal_rcc.o
HAL_MPU_ConfigRegion                              build/stm32f4xx_hal_cortex.o