Archive member included to satisfy reference by file (symbol)

C:/Users/Lenovo/Desktop/new_build/General_Framework/Middlewares/ST/ARM/DSP/Lib\libarm_cortexM4lf_math.a(arm_sin_f32.o)
                              CMakeFiles/new_build.elf.dir/App/chassis_task/Omni/Omni_Chassis.cpp.obj (arm_sin_f32)
C:/Users/Lenovo/Desktop/new_build/General_Framework/Middlewares/ST/ARM/DSP/Lib\libarm_cortexM4lf_math.a(arm_cos_f32.o)
                              CMakeFiles/new_build.elf.dir/App/chassis_task/Omni/Omni_Chassis.cpp.obj (arm_cos_f32)
C:/Users/Lenovo/Desktop/new_build/General_Framework/Middlewares/ST/ARM/DSP/Lib\libarm_cortexM4lf_math.a(arm_common_tables.o)
                              C:/Users/Lenovo/Desktop/new_build/General_Framework/Middlewares/ST/ARM/DSP/Lib\libarm_cortexM4lf_math.a(arm_sin_f32.o) (sinTable_f32)
d:/gnuarm~1/102021~1.10/bin/../lib/gcc/arm-none-eabi/10.3.1/../../../../arm-none-eabi/lib/thumb/v7e-m+fp/hard\libstdc++_nano.a(atexit_arm.o)
                              CMakeFiles/new_build.elf.dir/App/chassis_task/chassis_task.cpp.obj (__aeabi_atexit)
d:/gnuarm~1/102021~1.10/bin/../lib/gcc/arm-none-eabi/10.3.1/../../../../arm-none-eabi/lib/thumb/v7e-m+fp/hard\libstdc++_nano.a(class_type_info.o)
                              CMakeFiles/new_build.elf.dir/App/chassis_task/Omni/Omni_Chassis.cpp.obj (vtable for __cxxabiv1::__class_type_info)
d:/gnuarm~1/102021~1.10/bin/../lib/gcc/arm-none-eabi/10.3.1/../../../../arm-none-eabi/lib/thumb/v7e-m+fp/hard\libstdc++_nano.a(del_ops.o)
                              CMakeFiles/new_build.elf.dir/App/chassis_task/Omni/Omni_Chassis.cpp.obj (operator delete(void*, unsigned int))
d:/gnuarm~1/102021~1.10/bin/../lib/gcc/arm-none-eabi/10.3.1/../../../../arm-none-eabi/lib/thumb/v7e-m+fp/hard\libstdc++_nano.a(eh_arm.o)
                              CMakeFiles/new_build.elf.dir/App/chassis_task/Omni/Omni_Chassis.cpp.obj (__cxa_end_cleanup)
d:/gnuarm~1/102021~1.10/bin/../lib/gcc/arm-none-eabi/10.3.1/../../../../arm-none-eabi/lib/thumb/v7e-m+fp/hard\libstdc++_nano.a(eh_exception.o)
                              d:/gnuarm~1/102021~1.10/bin/../lib/gcc/arm-none-eabi/10.3.1/../../../../arm-none-eabi/lib/thumb/v7e-m+fp/hard\libstdc++_nano.a(eh_arm.o) (typeinfo for __cxxabiv1::__forced_unwind)
d:/gnuarm~1/102021~1.10/bin/../lib/gcc/arm-none-eabi/10.3.1/../../../../arm-none-eabi/lib/thumb/v7e-m+fp/hard\libstdc++_nano.a(eh_globals.o)
                              d:/gnuarm~1/102021~1.10/bin/../lib/gcc/arm-none-eabi/10.3.1/../../../../arm-none-eabi/lib/thumb/v7e-m+fp/hard\libstdc++_nano.a(eh_arm.o) (__cxa_get_globals)
d:/gnuarm~1/102021~1.10/bin/../lib/gcc/arm-none-eabi/10.3.1/../../../../arm-none-eabi/lib/thumb/v7e-m+fp/hard\libstdc++_nano.a(eh_personality.o)
                              CMakeFiles/new_build.elf.dir/App/chassis_task/Omni/Omni_Chassis.cpp.obj (__gxx_personality_v0)
d:/gnuarm~1/102021~1.10/bin/../lib/gcc/arm-none-eabi/10.3.1/../../../../arm-none-eabi/lib/thumb/v7e-m+fp/hard\libstdc++_nano.a(eh_terminate.o)
                              d:/gnuarm~1/102021~1.10/bin/../lib/gcc/arm-none-eabi/10.3.1/../../../../arm-none-eabi/lib/thumb/v7e-m+fp/hard\libstdc++_nano.a(eh_arm.o) (std::terminate())
d:/gnuarm~1/102021~1.10/bin/../lib/gcc/arm-none-eabi/10.3.1/../../../../arm-none-eabi/lib/thumb/v7e-m+fp/hard\libstdc++_nano.a(eh_unex_handler.o)
                              d:/gnuarm~1/102021~1.10/bin/../lib/gcc/arm-none-eabi/10.3.1/../../../../arm-none-eabi/lib/thumb/v7e-m+fp/hard\libstdc++_nano.a(eh_terminate.o) (__cxxabiv1::__unexpected_handler)
d:/gnuarm~1/102021~1.10/bin/../lib/gcc/arm-none-eabi/10.3.1/../../../../arm-none-eabi/lib/thumb/v7e-m+fp/hard\libstdc++_nano.a(guard.o)
                              CMakeFiles/new_build.elf.dir/App/chassis_task/Omni/Omni_Chassis.cpp.obj (__cxa_guard_acquire)
d:/gnuarm~1/102021~1.10/bin/../lib/gcc/arm-none-eabi/10.3.1/../../../../arm-none-eabi/lib/thumb/v7e-m+fp/hard\libstdc++_nano.a(pure.o)
                              CMakeFiles/new_build.elf.dir/App/chassis_task/chassis_task.cpp.obj (__cxa_pure_virtual)
d:/gnuarm~1/102021~1.10/bin/../lib/gcc/arm-none-eabi/10.3.1/../../../../arm-none-eabi/lib/thumb/v7e-m+fp/hard\libstdc++_nano.a(si_class_type_info.o)
                              CMakeFiles/new_build.elf.dir/App/chassis_task/Omni/Omni_Chassis.cpp.obj (vtable for __cxxabiv1::__si_class_type_info)
d:/gnuarm~1/102021~1.10/bin/../lib/gcc/arm-none-eabi/10.3.1/../../../../arm-none-eabi/lib/thumb/v7e-m+fp/hard\libstdc++_nano.a(tinfo.o)
                              d:/gnuarm~1/102021~1.10/bin/../lib/gcc/arm-none-eabi/10.3.1/../../../../arm-none-eabi/lib/thumb/v7e-m+fp/hard\libstdc++_nano.a(class_type_info.o) (std::type_info::~type_info())
d:/gnuarm~1/102021~1.10/bin/../lib/gcc/arm-none-eabi/10.3.1/../../../../arm-none-eabi/lib/thumb/v7e-m+fp/hard\libstdc++_nano.a(del_op.o)
[...]
Memory Configuration

Name             Origin             Length             Attributes
RAM              0x20000000         0x00020000         xrw
CCMRAM           0x10000000         0x00010000         xrw
FLASH            0x08000000         0x00100000         xr
*default*        0x00000000         0xffffffff

Linker script and memory map

LOAD d:/gnuarm~1/102021~1.10/bin/../lib/gcc/arm-none-eabi/10.3.1/thumb/v7e-m+fp/hard/crti.o
LOAD d:/gnuarm~1/102021~1.10/bin/../lib/gcc/arm-none-eabi/10.3.1/thumb/v7e-m+fp/hard/crtbegin.o
LOAD d:/gnuarm~1/102021~1.10/bin/../lib/gcc/arm-none-eabi/10.3.1/../../../../arm-none-eabi/lib/thumb/v7e-m+fp/hard/crt0.o
LOAD d:/gnuarm~1/102021~1.10/bin/../lib/gcc/arm-none-eabi/10.3.1/../../../../arm-none-eabi/lib/thumb/v7e-m+fp/hard\libstdc++_nano.a
LOAD CMakeFiles/new_build.elf.dir/App/chassis_task/Omni/Omni_Chassis.cpp.obj
LOAD CMakeFiles/new_build.elf.dir/App/chassis_task/Swerve/Swerve_Chassis.cpp.obj
LOAD CMakeFiles/new_build.elf.dir/App/chassis_task/chassis_task.cpp.obj
LOAD CMakeFiles/new_build.elf.dir/App/control_task/control_task.cpp.obj
LOAD CMakeFiles/new_build.elf.dir/App/debug_task/debug_task.cpp.obj
LOAD CMakeFiles/new_build.elf.dir/App/robot.c.obj
LOAD CMakeFiles/new_build.elf.dir/App/robot_com/com_config.cpp.obj
LOAD CMakeFiles/new_build.elf.dir/App/robot_ins/robot_ins.c.obj
LOAD CMakeFiles/new_build.elf.dir/Bsp/can/bsp_can.c.obj
LOAD CMakeFiles/new_build.elf.dir/Bsp/dwt/bsp_dwt.c.obj
LOAD CMakeFiles/new_build.elf.dir/Bsp/gpio/bsp_gpio.c.obj
LOAD CMakeFiles/new_build.elf.dir/Bsp/log/bsp_log.c.obj
LOAD CMakeFiles/new_build.elf.dir/Bsp/soft_reset/soft_reset.c.obj
LOAD CMakeFiles/new_build.elf.dir/Bsp/usart/bsp_usart.c.obj
LOAD CMakeFiles/new_build.elf.dir/Core/Src/can.c.obj
LOAD CMakeFiles/new_build.elf.dir/Core/Src/dma.c.obj
LOAD CMakeFiles/new_build.elf.dir/Core/Src/freertos.c.obj
LOAD CMakeFiles/new_build.elf.dir/Core/Src/gpio.c.obj
LOAD CMakeFiles/new_build.elf.dir/Core/Src/main.c.obj
LOAD CMakeFiles/new_build.elf.dir/Core/Src/stm32f4xx_hal_msp.c.obj
LOAD CMakeFiles/new_build.elf.dir/Core/Src/stm32f4xx_hal_timebase_tim.c.obj
LOAD CMakeFiles/new_build.elf.dir/Core/Src/stm32f4xx_it.c.obj
LOAD CMakeFiles/new_build.elf.dir/Core/Src/syscalls.c.obj
LOAD CMakeFiles/new_build.elf.dir/Core/Src/sysmem.c.obj
LOAD CMakeFiles/new_build.elf.dir/Core/Src/system_stm32f4xx.c.obj
LOAD CMakeFiles/new_build.elf.dir/Core/Src/usart.c.obj
LOAD CMakeFiles/new_build.elf.dir/Drivers/STM32F4xx_HAL_Driver/Src/stm32f4xx_hal.c.obj
LOAD CMakeFiles/new_build.elf.dir/Drivers/STM32F4xx_HAL_Driver/Src/stm32f4xx_hal_can.c.obj
LOAD CMakeFiles/new_build.elf.dir/Drivers/STM32F4xx_HAL_Driver/Src/stm32f4xx_hal_cortex.c.obj
LOAD CMakeFiles/new_build.elf.dir/Drivers/STM32F4xx_HAL_Driver/Src/stm32f4xx_hal_dma.c.obj
LOAD CMakeFiles/new_build.elf.dir/Drivers/STM32F4xx_HAL_Driver/Src/stm32f4xx_hal_dma_ex.c.obj
LOAD CMakeFiles/new_build.elf.dir/Drivers/STM32F4xx_HAL_Driver/Src/stm32f4xx_hal_exti.c.obj
LOAD CMakeFiles/new_build.elf.dir/Drivers/STM32F4xx_HAL_Driver/Src/stm32f4xx_hal_flash.c.obj
LOAD CMakeFiles/new_build.elf.dir/Drivers/STM32F4xx_HAL_Driver/Src/stm32f4xx_hal_flash_ex.c.obj
LOAD CMakeFiles/new_build.elf.dir/Drivers/STM32F4xx_HAL_Driver/Src/stm32f4xx_hal_flash_ramfunc.c.obj
LOAD CMakeFiles/new_build.elf.dir/Drivers/STM32F4xx_HAL_Driver/Src/stm32f4xx_hal_gpio.c.obj
LOAD CMakeFiles/new_build.elf.dir/Drivers/STM32F4xx_HAL_Driver/Src/stm32f4xx_hal_pcd.c.obj
LOAD CMakeFiles/new_build.elf.dir/Drivers/STM32F4xx_HAL_Driver/Src/stm32f4xx_hal_pcd_ex.c.obj
LOAD CMakeFiles/new_build.elf.dir/Drivers/STM32F4xx_HAL_Driver/Src/stm32f4xx_hal_pwr.c.obj
LOAD CMakeFiles/new_build.elf.dir/Drivers/STM32F4xx_HAL_Driver/Src/stm32f4xx_hal_pwr_ex.c.obj
LOAD CMakeFiles/new_build.elf.dir/Drivers/STM32F4xx_HAL_Driver/Src/stm32f4xx_hal_rcc.c.obj
LOAD CMakeFiles/new_build.elf.dir/Drivers/STM32F4xx_HAL_Driver/Src/stm32f4xx_hal_rcc_ex.c.obj
LOAD CMakeFiles/new_build.elf.dir/Drivers/STM32F4xx_HAL_Driver/Src/stm32f4xx_hal_tim.c.obj
LOAD CMakeFiles/new_build.elf.dir/Drivers/STM32F4xx_HAL_Driver/Src/stm32f4xx_hal_tim_ex.c.obj
LOAD CMakeFiles/new_build.elf.dir/Drivers/STM32F4xx_HAL_Driver/Src/stm32f4xx_hal_uart.c.obj
LOAD CMakeFiles/new_build.elf.dir/Drivers/STM32F4xx_HAL_Driver/Src/stm32f4xx_ll_usb.c.obj
LOAD CMakeFiles/new_build.elf.dir/Middlewares/ST/STM32_USB_Device_Library/Class/CDC/Src/usbd_cdc.c.obj
LOAD CMakeFiles/new_build.elf.dir/Middlewares/ST/STM32_USB_Device_Library/Core/Src/usbd_core.c.obj
LOAD CMakeFiles/new_build.elf.dir/Middlewares/ST/STM32_USB_Device_Library/Core/Src/usbd_ctlreq.c.obj
LOAD CMakeFiles/new_build.elf.dir/Middlewares/ST/STM32_USB_Device_Library/Core/Src/usbd_ioreq.c.obj
LOAD CMakeFiles/new_build.elf.dir/Middlewares/Third_Party/FreeRTOS/Source/CMSIS_RTOS_V2/cmsis_os2.c.obj
LOAD CMakeFiles/new_build.elf.dir/Middlewares/Third_Party/FreeRTOS/Source/croutine.c.obj
LOAD CMakeFiles/new_build.elf.dir/Middlewares/Third_Party/FreeRTOS/Source/event_groups.c.obj
LOAD CMakeFiles/new_build.elf.dir/Middlewares/Third_Party/FreeRTOS/Source/list.c.obj
LOAD CMakeFiles/new_build.elf.dir/Middlewares/Third_Party/FreeRTOS/Source/portable/GCC/ARM_CM4F/port.c.obj
LOAD CMakeFiles/new_build.elf.dir/Middlewares/Third_Party/FreeRTOS/Source/portable/MemMang/heap_4.c.obj
LOAD CMakeFiles/new_build.elf.dir/Middlewares/Third_Party/FreeRTOS/Source/queue.c.obj
LOAD CMakeFiles/new_build.elf.dir/Middlewares/Third_Party/FreeRTOS/Source/stream_buffer.c.obj
LOAD CMakeFiles/new_build.elf.dir/Middlewares/Third_Party/FreeRTOS/Source/tasks.c.obj
LOAD CMakeFiles/new_build.elf.dir/Middlewares/Third_Party/FreeRTOS/Source/timers.c.obj
LOAD CMakeFiles/new_build.elf.dir/Middlewares/Third_Party/SystemView/Config/SEGGER_SYSVIEW_Config_FreeRTOS.c.obj
LOAD CMakeFiles/new_build.elf.dir/Middlewares/Third_Party/SystemView/SEGGER/SEGGER_RTT.c.obj
LOAD CMakeFiles/new_build.elf.dir/Middlewares/Third_Party/SystemView/SEGGER/SEGGER_RTT_printf.c.obj
LOAD CMakeFiles/new_build.elf.dir/Middlewares/Third_Party/SystemView/SEGGER/SEGGER_SYSVIEW.c.obj
LOAD CMakeFiles/new_build.elf.dir/Middlewares/Third_Party/SystemView/SEGGER/SEGGER_SYSVIEW_FreeRTOS.c.obj
LOAD CMakeFiles/new_build.elf.dir/Middlewares/Third_Party/SystemView/SEGGER/Syscalls/SEGGER_RTT_Syscalls_GCC.c.obj
LOAD CMakeFiles/new_build.elf.dir/Module/action/action.c.obj
LOAD CMakeFiles/new_build.elf.dir/Module/air_joy/air_joy.c.obj
LOAD CMakeFiles/new_build.elf.dir/Module/alarm/buzzer.cpp.obj
LOAD CMakeFiles/new_build.elf.dir/Module/algorithm/filter.cpp.obj
LOAD CMakeFiles/new_build.elf.dir/Module/controller/pid_controller.c.obj
LOAD CMakeFiles/new_build.elf.dir/Module/motor/Unitree_Go1.cpp.obj
LOAD CMakeFiles/new_build.elf.dir/Module/motor/VECE_motor.cpp.obj
LOAD CMakeFiles/new_build.elf.dir/Module/motor/rm_motor.cpp.obj
LOAD CMakeFiles/new_build.elf.dir/Module/movebase/tracking.cpp.obj
LOAD CMakeFiles/new_build.elf.dir/Module/ros_com/ros_com.c.obj
LOAD CMakeFiles/new_build.elf.dir/Module/rtos_interface.c.obj
LOAD CMakeFiles/new_build.elf.dir/Module/soft_iwdg/soft_iwdg.c.obj
LOAD CMakeFiles/new_build.elf.dir/Module/tool/circular_queue.c.obj
LOAD CMakeFiles/new_build.elf.dir/Module/tool/cvector.c.obj
LOAD CMakeFiles/new_build.elf.dir/Module/tool/user_tool.c.obj
LOAD CMakeFiles/new_build.elf.dir/Module/topics/topics.c.obj
LOAD CMakeFiles/new_build.elf.dir/Module/vofa/vofa.c.obj
LOAD CMakeFiles/new_build.elf.dir/USB_DEVICE/App/usb_device.c.obj
LOAD CMakeFiles/new_build.elf.dir/USB_DEVICE/App/usbd_cdc_if.c.obj
LOAD CMakeFiles/new_build.elf.dir/USB_DEVICE/App/usbd_desc.c.obj
LOAD CMakeFiles/new_build.elf.dir/USB_DEVICE/Target/usbd_conf.c.obj
LOAD CMakeFiles/new_build.elf.dir/ToolChain/startup_stm32f407xx.s.obj
LOAD CMakeFiles/new_build.elf.dir/Middlewares/Third_Party/SystemView/SEGGER/SEGGER_RTT_ASM_ARMv7M.s.obj
LOAD C:/Users/Lenovo/Desktop/new_build/General_Framework/Middlewares/ST/ARM/DSP/Lib\libarm_cortexM4lf_math.a
LOAD d:/gnuarm~1/102021~1.10/bin/../lib/gcc/arm-none-eabi/10.3.1/../../../../arm-none-eabi/lib/thumb/v7e-m+fp/hard\libstdc++_nano.a
LOAD d:/gnuarm~1/102021~1.10/bin/../lib/gcc/arm-none-eabi/10.3.1/../../../../arm-none-eabi/lib/thumb/v7e-m+fp/hard\libm.a
LOAD d:/gnuarm~1/102021~1.10/bin/../lib/gcc/arm-none-eabi/10.3.1/../../../../arm-none-eabi/lib/thumb/v7e-m+fp/hard\libc_nano.a
START GROUP
LOAD d:/gnuarm~1/102021~1.10/bin/../lib/gcc/arm-none-eabi/10.3.1/thumb/v7e-m+fp/hard\libgcc.a
LOAD d:/gnuarm~1/102021~1.10/bin/../lib/gcc/arm-none-eabi/10.3.1/../../../../arm-none-eabi/lib/thumb/v7e-m+fp/hard\libg_nano.a
LOAD d:/gnuarm~1/102021~1.10/bin/../lib/gcc/arm-none-eabi/10.3.1/../../../../arm-none-eabi/lib/thumb/v7e-m+fp/hard\libc_nano.a
END GROUP
START GROUP
LOAD d:/gnuarm~1/102021~1.10/bin/../lib/gcc/arm-none-eabi/10.3.1/thumb/v7e-m+fp/hard\libgcc.a
LOAD d:/gnuarm~1/102021~1.10/bin/../lib/gcc/arm-none-eabi/10.3.1/../../../../arm-none-eabi/lib/thumb/v7e-m+fp/hard\libc_nano.a
LOAD d:/gnuarm~1/102021~1.10/bin/../lib/gcc/arm-none-eabi/10.3.1/../../../../arm-none-eabi/lib/thumb/v7e-m+fp/hard\libnosys.a
END GROUP
START GROUP
LOAD d:/gnuarm~1/102021~1.10/bin/../lib/gcc/arm-none-eabi/10.3.1/thumb/v7e-m+fp/hard\libgcc.a
LOAD d:/gnuarm~1/102021~1.10/bin/../lib/gcc/arm-none-eabi/10.3.1/../../../../arm-none-eabi/lib/thumb/v7e-m+fp/hard\libc_nano.a
LOAD d:/gnuarm~1/102021~1.10/bin/../lib/gcc/arm-none-eabi/10.3.1/../../../../arm-none-eabi/lib/thumb/v7e-m+fp/hard\libnosys.a
END GROUP
LOAD d:/gnuarm~1/102021~1.10/bin/../lib/gcc/arm-none-eabi/10.3.1/thumb/v7e-m+fp/hard/crtend.o
LOAD d:/gnuarm~1/102021~1.10/bin/../lib/gcc/arm-none-eabi/10.3.1/thumb/v7e-m+fp/hard/crtn.o
                0x20020000                _estack = (ORIGIN (RAM) + LENGTH (RAM))
                0x00000200                _Min_Heap_Size = 0x200
                0x00000400                _Min_Stack_Size = 0x400

.isr_vector     0x08000000      0x188
                0x08000000                . = ALIGN (0x4)
 *(.isr_vector)
 .isr_vector    0x08000000      0x188 CMakeFiles/new_build.elf.dir/ToolChain/startup_stm32f407xx.s.obj
                0x08000000                g_pfnVectors
                0x08000188                . = ALIGN (0x4)

.text           0x08000190     0xf880
                0x08000190                . = ALIGN (0x4)
 *(.text)
 .text          0x08000190       0x40 d:/gnuarm~1/102021~1.10/bin/../lib/gcc/arm-none-eabi/10.3.1/thumb/v7e-m+fp/hard/crtbegin.o
 .text          0x080001d0       0x94 CMakeFiles/new_build.elf.dir/Middlewares/Third_Party/SystemView/SEGGER/SEGGER_RTT_ASM_ARMv7M.s.obj
                0x080001d0                SEGGER_RTT_ASM_WriteSkipNoLock
 .text          0x08000264       0x14 d:/gnuarm~1/102021~1.10/bin/../lib/gcc/arm-none-eabi/10.3.1/../../../../arm-none-eabi/lib/thumb/v7e-m+fp/hard\libc_nano.a(lib_a-strcmp.o)
                0x08000264                strcmp
 .text          0x08000278       0x10 d:/gnuarm~1/102021~1.10/bin/../lib/gcc/arm-none-eabi/10.3.1/../../../../arm-none-eabi/lib/thumb/v7e-m+fp/hard\libc_nano.a(lib_a-strlen.o)
                0x08000278                strlen
 .text          0x08000288      0x378 d:/gnuarm~1/102021~1.10/bin/../lib/gcc/arm-none-eabi/10.3.1/thumb/v7e-m+fp/hard\libgcc.a(_arm_addsubdf3.o)
                0x08000288                __aeabi_drsub
                0x08000290                __aeabi_dsub
                0x08000290                __subdf3
                0x08000294                __aeabi_dadd
                0x08000294                __adddf3
                0x0800050c                __floatunsidf
                0x0800050c                __aeabi_ui2d
                0x0800052c                __floatsidf
                0x0800052c                __aeabi_i2d
                0x08000550                __aeabi_f2d
                0x08000550                __extendsfdf2
                0x08000594                __floatundidf
                0x08000594                __aeabi_ul2d
                0x080005a4                __floatdidf
                0x080005a4                __aeabi_l2d
 .text          0x08000600      0x424 d:/gnuarm~1/102021~1.10/bin/../lib/gcc/arm-none-eabi/10.3.1/thumb/v7e-m+fp/hard\libgcc.a(_arm_muldivdf3.o)
                0x08000600                __aeabi_dmul
                0x08000600                __muldf3
                0x08000854                __divdf3
                0x08000854                __aeabi_ddiv
 .text          0x08000a24       0xa0 d:/gnuarm~1/102021~1.10/bin/../lib/gcc/arm-none-eabi/10.3.1/thumb/v7e-m+fp/hard\libgcc.a(_arm_truncdfsf2.o)
                0x08000a24                __truncdfsf2
                0x08000a24                __aeabi_d2f
 .text          0x08000ac4       0x30 d:/gnuarm~1/102021~1.10/bin/../lib/gcc/arm-none-eabi/10.3.1/thumb/v7e-m+fp/hard\libgcc.a(_aeabi_uldivmod.o)
                0x08000ac4                __aeabi_uldivmod
 .text          0x08000af4      0x2d0 d:/gnuarm~1/102021~1.10/bin/../lib/gcc/arm-none-eabi/10.3.1/thumb/v7e-m+fp/hard\libgcc.a(_udivmoddi4.o)
                0x08000af4                __udivmoddi4
 .text          0x08000dc4      0x9d8 d:/gnuarm~1/102021~1.10/bin/../lib/gcc/arm-none-eabi/10.3.1/thumb/v7e-m+fp/hard\libgcc.a(unwind-arm.o)
                0x0800106c                _Unwind_GetCFA
                0x08001070                __gnu_Unwind_RaiseException
                0x080010d8                __gnu_Unwind_ForcedUnwind
                0x080010e8                __gnu_Unwind_Resume
                0x0800112c                __gnu_Unwind_Resume_or_Rethrow
                0x0800113c                _Unwind_Complete
                0x08001140                _Unwind_DeleteException
                0x0800114c                _Unwind_VRS_Get
                0x08001198                _Unwind_VRS_Set
                0x080011e0                __gnu_Unwind_Backtrace
                0x0800150c                __aeabi_unwind_cpp_pr0
                0x08001510                __aeabi_unwind_cpp_pr1
                0x08001514                __aeabi_unwind_cpp_pr2
                0x08001518                _Unwind_VRS_Pop
 .text          0x0800179c      0x1ac d:/gnuarm~1/102021~1.10/bin/../lib/gcc/arm-none-eabi/10.3.1/thumb/v7e-m+fp/hard\libgcc.a(libunwind.o)
                0x0800179c                __restore_core_regs
                0x0800179c                restore_core_regs
                0x080017b4                __gnu_Unwind_Restore_VFP
                0x080017bc                __gnu_Unwind_Save_VFP
                0x080017c4                __gnu_Unwind_Restore_VFP_D
                0x080017cc                __gnu_Unwind_Save_VFP_D
                0x080017d4                __gnu_Unwind_Restore_VFP_D_16_to_31
                0x080017dc                __gnu_Unwind_Save_VFP_D_16_to_31
                0x080017e4                __gnu_Unwind_Restore_WMMXD
                0x08001828                __gnu_Unwind_Save_WMMXD
                0x0800186c                __gnu_Unwind_Restore_WMMXC
                0x08001880                __gnu_Unwind_Save_WMMXC
                0x08001894                ___Unwind_RaiseException
                0x08001894                _Unwind_RaiseException
                0x080018b8                _Unwind_Resume
                0x080018b8                ___Unwind_Resume
                0x080018dc                _Unwind_Resume_or_Rethrow
                0x080018dc                ___Unwind_Resume_or_Rethrow
                0x08001900                _Unwind_ForcedUnwind
                0x08001900                ___Unwind_ForcedUnwind
                0x08001924                ___Unwind_Backtrace
                0x08001924                _Unwind_Backtrace
 .text          0x08001948      0x350 d:/gnuarm~1/102021~1.10/bin/../lib/gcc/arm-none-eabi/10.3.1/thumb/v7e-m+fp/hard\libgcc.a(pr-support.o)
                0x080019a0                __gnu_unwind_execute
                0x08001c4c                __gnu_unwind_frame
                0x08001c78                _Unwind_GetRegionStart
                0x08001c84                _Unwind_GetLanguageSpecificData
 .text          0x08001c98        0x4 d:/gnuarm~1/102021~1.10/bin/../lib/gcc/arm-none-eabi/10.3.1/thumb/v7e-m+fp/hard\libgcc.a(_dvmd_tls.o)
                0x08001c98                __aeabi_idiv0
                0x08001c98                __aeabi_ldiv0
 *(.text*)
 .text._ZN7Chassis31Chassis_TrackingController_InitEv
                0x08001c9c        0x2 CMakeFiles/new_build.elf.dir/App/chassis_task/Omni/Omni_Chassis.cpp.obj
                0x08001c9c                Chassis::Chassis_TrackingController_Init()
 *fill*         0x08001c9e        0x2 
 .text._ZN7Chassis29Kinematics_Inverse_ResolutionEj13Robot_Twist_t
                0x08001ca0       0x1c CMakeFiles/new_build.elf.dir/App/chassis_task/Omni/Omni_Chassis.cpp.obj
                0x08001ca0                Chassis::Kinematics_Inverse_Resolution(unsigned int, Robot_Twist_t)
 .text._ZN7Chassis29Kinematics_forward_ResolutionEv
                0x08001cbc        0x2 CMakeFiles/new_build.elf.dir/App/chassis_task/Omni/Omni_Chassis.cpp.obj
                0x08001cbc                Chassis::Kinematics_forward_Resolution()
 .text._ZN7Chassis27Dynamics_Inverse_ResolutionEv
                0x08001cbe        0x2 CMakeFiles/new_build.elf.dir/App/chassis_task/Omni/Omni_Chassis.cpp.obj
                0x08001cbe                Chassis::Dynamics_Inverse_Resolution()
 .text._ZN7Chassis21Keep_X_Moving_ControlEv
                0x08001cc0        0x2 CMakeFiles/new_build.elf.dir/App/chassis_task/Omni/Omni_Chassis.cpp.obj
                0x08001cc0                Chassis::Keep_X_Moving_Control()
 .text._ZN7Chassis21Keep_Y_Moving_ControlEv
                0x08001cc2        0x2 CMakeFiles/new_build.elf.dir/App/chassis_task/Omni/Omni_Chassis.cpp.obj
                0x08001cc2                Chassis::Keep_Y_Moving_Control()
 .text._ZN7Chassis23Chassis_Parking_ControlEv
                0x08001cc4        0x2 CMakeFiles/new_build.elf.dir/App/chassis_task/Omni/Omni_Chassis.cpp.obj
                0x08001cc4                Chassis::Chassis_Parking_Control()
 .text._ZN7Chassis20Chassis_Reset_OutputEv
                0x08001cc6        0x2 CMakeFiles/new_build.elf.dir/App/chassis_task/Omni/Omni_Chassis.cpp.obj
                0x08001cc6                Chassis::Chassis_Reset_Output()
 .text._ZN7ChassisD2Ev
                0x08001cc8        0xc CMakeFiles/new_build.elf.dir/App/chassis_task/Omni/Omni_Chassis.cpp.obj
                0x08001cc8                Chassis::~Chassis()
                0x08001cc8                Chassis::~Chassis()
 .text._ZN12Omni_ChassisD2Ev
                0x08001cd4       0x14 CMakeFiles/new_build.elf.dir/App/chassis_task/Omni/Omni_Chassis.cpp.obj
                0x08001cd4                Omni_Chassis::~Omni_Chassis()
                0x08001cd4                Omni_Chassis::~Omni_Chassis()
 .text._ZN12Omni_Chassis31Chassis_TrackingController_InitEv
                0x08001ce8       0x24 CMakeFiles/new_build.elf.dir/App/chassis_task/Omni/Omni_Chassis.cpp.obj
                0x08001ce8                Omni_Chassis::Chassis_TrackingController_Init()
 .text._ZN12Omni_Chassis29Kinematics_Inverse_ResolutionEj13Robot_Twist_t
                0x08001d0c      0x2e8 CMakeFiles/new_build.elf.dir/App/chassis_task/Omni/Omni_Chassis.cpp.obj
                0x08001d0c                Omni_Chassis::Kinematics_Inverse_Resolution(unsigned int, Robot_Twist_t)
 *fill*         0x08001ff4        0x4 
 .text._ZN12Omni_Chassis29Kinematics_forward_ResolutionEffff
                0x08001ff8      0x238 CMakeFiles/new_build.elf.dir/App/chassis_task/Omni/Omni_Chassis.cpp.obj
                0x08001ff8                Omni_Chassis::Kinematics_forward_Resolution(float, float, float, float)
 .text._ZN12Omni_Chassis23Chassis_Parking_ControlEv
                0x08002230       0x2c CMakeFiles/new_build.elf.dir/App/chassis_task/Omni/Omni_Chassis.cpp.obj
                0x08002230                Omni_Chassis::Chassis_Parking_Control()
 .text._ZN12Omni_Chassis20Chassis_Reset_OutputEv
                0x0800225c       0x24 CMakeFiles/new_build.elf.dir/App/chassis_task/Omni/Omni_Chassis.cpp.obj
                0x0800225c                Omni_Chassis::Chassis_Reset_Output()
 .text._ZN12Omni_ChassisD0Ev
                0x08002280       0x20 CMakeFiles/new_build.elf.dir/App/chassis_task/Omni/Omni_Chassis.cpp.obj
                0x08002280                Omni_Chassis::~Omni_Chassis()
 .text._ZN7ChassisD0Ev
                0x080022a0       0x18 CMakeFiles/new_build.elf.dir/App/chassis_task/Omni/Omni_Chassis.cpp.obj
                0x080022a0                Chassis::~Chassis()
 .text._ZN12Omni_Chassis15Set_Control_BitERhhh
                0x080022b8       0x18 CMakeFiles/new_build.elf.dir/App/chassis_task/Omni/Omni_Chassis.cpp.obj
                0x080022b8                Omni_Chassis::Set_Control_Bit(unsigned char&, unsigned char, unsigned char)
 .text._ZN12Omni_Chassis17Reset_Control_BitERhh
                0x080022d0       0x10 CMakeFiles/new_build.elf.dir/App/chassis_task/Omni/Omni_Chassis.cpp.obj
                0x080022d0                Omni_Chassis::Reset_Control_Bit(unsigned char&, unsigned char)
 .text._ZN12Omni_Chassis27Dynamics_Inverse_ResolutionEv
                0x080022e0      0x19c CMakeFiles/new_build.elf.dir/App/chassis_task/Omni/Omni_Chassis.cpp.obj
                0x080022e0                Omni_Chassis::Dynamics_Inverse_Resolution()
 .text._ZN5Motor12update_angleEPh
                0x0800247c        0x2 CMakeFiles/new_build.elf.dir/App/chassis_task/chassis_task.cpp.obj
                0x0800247c                Motor::update_angle(unsigned char*)
 .text._ZN5Motor12update_speedEPh
                0x0800247e        0x2 CMakeFiles/new_build.elf.dir/App/chassis_task/chassis_task.cpp.obj
                0x0800247e                Motor::update_speed(unsigned char*)
 .text._ZN5Motor16update_speed_apsEv
                0x08002480        0x2 CMakeFiles/new_build.elf.dir/App/chassis_task/chassis_task.cpp.obj
                0x08002480                Motor::update_speed_aps()
 .text._ZN5Motor14update_currentEPh
                0x08002482        0x2 CMakeFiles/new_build.elf.dir/App/chassis_task/chassis_task.cpp.obj
                0x08002482                Motor::update_current(unsigned char*)
 .text._ZN5Motor18update_temperatureEPh
                0x08002484        0x2 CMakeFiles/new_build.elf.dir/App/chassis_task/chassis_task.cpp.obj
                0x08002484                Motor::update_temperature(unsigned char*)
 .text._ZN5Motor25update_motor_accelerationEv
                0x08002486        0x2 CMakeFiles/new_build.elf.dir/App/chassis_task/chassis_task.cpp.obj
                0x08002486                Motor::update_motor_acceleration()
 .text._ZN9RM_Common12update_angleEPh
                0x08002488       0xa6 CMakeFiles/new_build.elf.dir/App/chassis_task/chassis_task.cpp.obj
                0x08002488                RM_Common::update_angle(unsigned char*)
 .text._ZN9RM_Common12update_speedEPh
                0x0800252e       0x66 CMakeFiles/new_build.elf.dir/App/chassis_task/chassis_task.cpp.obj
                0x0800252e                RM_Common::update_speed(unsigned char*)
 .text._ZN9RM_Common16update_speed_apsEv
                0x08002594       0x3a CMakeFiles/new_build.elf.dir/App/chassis_task/chassis_task.cpp.obj
                0x08002594                RM_Common::update_speed_aps()
 .text._ZN9RM_Common14update_currentEPh
                0x080025ce       0x18 CMakeFiles/new_build.elf.dir/App/chassis_task/chassis_task.cpp.obj
                0x080025ce                RM_Common::update_current(unsigned char*)
 .text._ZN9RM_Common18update_temperatureEPh
                0x080025e6        0xa CMakeFiles/new_build.elf.dir/App/chassis_task/chassis_task.cpp.obj
                0x080025e6                RM_Common::update_temperature(unsigned char*)
 .text._ZN9RM_Common25update_motor_accelerationEv
                0x080025f0       0x48 CMakeFiles/new_build.elf.dir/App/chassis_task/chassis_task.cpp.obj
                0x080025f0                RM_Common::update_motor_acceleration()
 .text._ZN9RM_Common14CanMsg_ProcessER17CAN_Tx_Instance_t
                0x08002638       0x50 CMakeFiles/new_build.elf.dir/App/chassis_task/chassis_task.cpp.obj
                0x08002638                RM_Common::CanMsg_Process(CAN_Tx_Instance_t&)
 .text._ZN10Motor_C6206updateEPh
                0x08002688       0x34 CMakeFiles/new_build.elf.dir/App/chassis_task/chassis_task.cpp.obj
                0x08002688                Motor_C620::update(unsigned char*)
 .text._ZN10Motor_C62014aps_to_currentERf
                0x080026bc       0x30 CMakeFiles/new_build.elf.dir/App/chassis_task/chassis_task.cpp.obj
                0x080026bc                Motor_C620::aps_to_current(float&)
 .text._ZN10Motor_C620D2Ev
                0x080026ec       0x1c CMakeFiles/new_build.elf.dir/App/chassis_task/chassis_task.cpp.obj
                0x080026ec                Motor_C620::~Motor_C620()
                0x080026ec                Motor_C620::~Motor_C620()
 .text.__tcf_0  0x08002708       0x24 CMakeFiles/new_build.elf.dir/App/chassis_task/chassis_task.cpp.obj
 .text._ZN10Motor_C620D0Ev
                0x0800272c       0x28 CMakeFiles/new_build.elf.dir/App/chassis_task/chassis_task.cpp.obj
                0x0800272c                Motor_C620::~Motor_C620()
 .text._ZN10Motor_C620C2EhRK17CAN_Rx_Instance_tRK17CAN_Tx_Instance_tRK23Motor_Control_Setting_tf
                0x08002754      0x148 CMakeFiles/new_build.elf.dir/App/chassis_task/chassis_task.cpp.obj
                0x08002754                Motor_C620::Motor_C620(unsigned char, CAN_Rx_Instance_t const&, CAN_Tx_Instance_t const&, Motor_Control_Setting_t const&, float)
                0x08002754                Motor_C620::Motor_C620(unsigned char, CAN_Rx_Instance_t const&, CAN_Tx_Instance_t const&, Motor_Control_Setting_t const&, float)
 .text._Z41__static_initialization_and_destruction_0ii
                0x0800289c      0x140 CMakeFiles/new_build.elf.dir/App/chassis_task/chassis_task.cpp.obj
 .text.Chassis_Init
                0x080029dc      0x1b8 CMakeFiles/new_build.elf.dir/App/chassis_task/chassis_task.cpp.obj
                0x080029dc                Chassis_Init
 .text._Z14Motor_SendMsgsI10Motor_C620Li4EEvRAT0__T_
                0x08002b94       0x68 CMakeFiles/new_build.elf.dir/App/chassis_task/chassis_task.cpp.obj
                0x08002b94                void Motor_SendMsgs<Motor_C620, 4>(Motor_C620 (&) [4])
 .text._Z7ChassisR12Omni_Chassis
                0x08002bfc      0x1f0 CMakeFiles/new_build.elf.dir/App/chassis_task/chassis_task.cpp.obj
                0x08002bfc                Chassis(Omni_Chassis&)
 .text.Chassis_Task
                0x08002dec       0x20 CMakeFiles/new_build.elf.dir/App/chassis_task/chassis_task.cpp.obj
                0x08002dec                Chassis_Task
 .text._GLOBAL__sub_I_Chassis_TaskHandle
                0x08002e0c        0xe CMakeFiles/new_build.elf.dir/App/chassis_task/chassis_task.cpp.obj
 *fill*         0x08002e1a        0x2 
 .text.Control_Task
                0x08002e1c       0x2c CMakeFiles/new_build.elf.dir/App/control_task/control_task.cpp.obj
                0x08002e1c                Control_Task
 .text.__tcf_0  0x08002e48       0x24 CMakeFiles/new_build.elf.dir/App/debug_task/debug_task.cpp.obj
 .text._Z41__static_initialization_and_destruction_0ii
                0x08002e6c      0x118 CMakeFiles/new_build.elf.dir/App/debug_task/debug_task.cpp.obj
 .text._Z14Motor_SendMsgsI4VESCLi1EEvRAT0__T_
                0x08002f84       0x68 CMakeFiles/new_build.elf.dir/App/debug_task/debug_task.cpp.obj
                0x08002f84                void Motor_SendMsgs<VESC, 1>(VESC (&) [1])
 .text.Debug_Task
                0x08002fec       0x24 CMakeFiles/new_build.elf.dir/App/debug_task/debug_task.cpp.obj
                0x08002fec                Debug_Task
 .text._GLOBAL__sub_I_Debug_TaskHandle
                0x08003010        0xe CMakeFiles/new_build.elf.dir/App/debug_task/debug_task.cpp.obj
 *fill*         0x0800301e        0x2 
 .text.Bsp_Init
                0x08003020       0x4c CMakeFiles/new_build.elf.dir/App/robot.c.obj
                0x08003020                Bsp_Init
 .text.osTaskInit
                0x0800306c      0x11c CMakeFiles/new_build.elf.dir/App/robot.c.obj
                0x0800306c                osTaskInit
 .text.Robot_Init
                0x08003188       0x3c CMakeFiles/new_build.elf.dir/App/robot.c.obj
                0x08003188                Robot_Init
 .text.Common_Service_Init
                0x080031c4       0x30 CMakeFiles/new_build.elf.dir/App/robot_com/com_config.cpp.obj
                0x080031c4                Common_Service_Init
 .text.CAN1_Rx_Callback
                0x080031f4       0x68 CMakeFiles/new_build.elf.dir/App/robot_com/com_config.cpp.obj
                0x080031f4                CAN1_Rx_Callback
 .text.CAN2_Rx_Callback
                0x0800325c       0x3c CMakeFiles/new_build.elf.dir/App/robot_com/com_config.cpp.obj
                0x0800325c                CAN2_Rx_Callback
 .text.CAN1_Send_Task
                0x08003298       0x48 CMakeFiles/new_build.elf.dir/App/robot_com/com_config.cpp.obj
                0x08003298                CAN1_Send_Task
 .text.CAN2_Send_Task
                0x080032e0       0x48 CMakeFiles/new_build.elf.dir/App/robot_com/com_config.cpp.obj
                0x080032e0                CAN2_Send_Task
 .text.action_iwdg_callback
                0x08003328       0x3c CMakeFiles/new_build.elf.dir/App/robot_ins/robot_ins.c.obj
                0x08003328                action_iwdg_callback
 .text.ins_Task
                0x08003364      0x128 CMakeFiles/new_build.elf.dir/App/robot_ins/robot_ins.c.obj
                0x08003364                ins_Task
 .text.CAN_Init
                0x0800348c       0x88 CMakeFiles/new_build.elf.dir/Bsp/can/bsp_can.c.obj
                0x0800348c                CAN_Init
 .text.CAN_Filter_Init
                0x08003514       0x7c CMakeFiles/new_build.elf.dir/Bsp/can/bsp_can.c.obj
                0x08003514                CAN_Filter_Init
 .text.HAL_CAN_RxFifo0MsgPendingCallback
                0x08003590       0x58 CMakeFiles/new_build.elf.dir/Bsp/can/bsp_can.c.obj
                0x08003590                HAL_CAN_RxFifo0MsgPendingCallback
 .text.HAL_CAN_RxFifo1MsgPendingCallback
                0x080035e8       0x58 CMakeFiles/new_build.elf.dir/Bsp/can/bsp_can.c.obj
                0x080035e8                HAL_CAN_RxFifo1MsgPendingCallback
 .text.CAN_Transmit_ExtId
                0x08003640       0x30 CMakeFiles/new_build.elf.dir/Bsp/can/bsp_can.c.obj
                0x08003640                CAN_Transmit_ExtId
 .text.CAN_Transmit_StdID
                0x08003670       0x2e CMakeFiles/new_build.elf.dir/Bsp/can/bsp_can.c.obj
                0x08003670                CAN_Transmit_StdID
 *fill*         0x0800369e        0x2 
 .text.DWT_CNT_Update
                0x080036a0       0x4c CMakeFiles/new_build.elf.dir/Bsp/dwt/bsp_dwt.c.obj
 .text.DWT_Init
                0x080036ec       0x70 CMakeFiles/new_build.elf.dir/Bsp/dwt/bsp_dwt.c.obj
                0x080036ec                DWT_Init
 .text.DWT_GetDeltaT
                0x0800375c       0x3c CMakeFiles/new_build.elf.dir/Bsp/dwt/bsp_dwt.c.obj
                0x0800375c                DWT_GetDeltaT
 .text.DWT_SysTimeUpdate
                0x08003798       0xcc CMakeFiles/new_build.elf.dir/Bsp/dwt/bsp_dwt.c.obj
                0x08003798                DWT_SysTimeUpdate
 .text.DWT_GetTimeline_us
                0x08003864       0x2c CMakeFiles/new_build.elf.dir/Bsp/dwt/bsp_dwt.c.obj
                0x08003864                DWT_GetTimeline_us
 .text.Hal_Toogle_io
                0x08003890        0xa CMakeFiles/new_build.elf.dir/Bsp/gpio/bsp_gpio.c.obj
 .text.Hal_Write_io
                0x0800389a        0xa CMakeFiles/new_build.elf.dir/Bsp/gpio/bsp_gpio.c.obj
 .text.Hal_Read_io
                0x080038a4        0xa CMakeFiles/new_build.elf.dir/Bsp/gpio/bsp_gpio.c.obj
 *fill*         0x080038ae        0x2 
 .text.GPIO_Pin_Register
                0x080038b0       0x54 CMakeFiles/new_build.elf.dir/Bsp/gpio/bsp_gpio.c.obj
                0x080038b0                GPIO_Pin_Register
 .text.HAL_GPIO_EXTI_Callback
                0x08003904       0x30 CMakeFiles/new_build.elf.dir/Bsp/gpio/bsp_gpio.c.obj
                0x08003904                HAL_GPIO_EXTI_Callback
 .text.BSPLogInit
                0x08003934        0x8 CMakeFiles/new_build.elf.dir/Bsp/log/bsp_log.c.obj
                0x08003934                BSPLogInit
 .text.Uart_Rx_Idle_Callback
                0x0800393c       0x54 CMakeFiles/new_build.elf.dir/Bsp/usart/bsp_usart.c.obj
 .text.Uart_Deinit
                0x08003990       0x20 CMakeFiles/new_build.elf.dir/Bsp/usart/bsp_usart.c.obj
 .text.Uart_UnRegister
                0x080039b0       0x6c CMakeFiles/new_build.elf.dir/Bsp/usart/bsp_usart.c.obj
                0x080039b0                Uart_UnRegister
 .text.Uart_Register
                0x08003a1c       0xa8 CMakeFiles/new_build.elf.dir/Bsp/usart/bsp_usart.c.obj
                0x08003a1c                Uart_Register
 .text.Uart_Receive_Handler
                0x08003ac4       0x20 CMakeFiles/new_build.elf.dir/Bsp/usart/bsp_usart.c.obj
                0x08003ac4                Uart_Receive_Handler
 .text.MX_CAN1_Init
                0x08003ae4       0x40 CMakeFiles/new_build.elf.dir/Core/Src/can.c.obj
                0x08003ae4                MX_CAN1_Init
 .text.MX_CAN2_Init
                0x08003b24       0x40 CMakeFiles/new_build.elf.dir/Core/Src/can.c.obj
                0x08003b24                MX_CAN2_Init
 .text.HAL_CAN_MspInit
                0x08003b64      0x144 CMakeFiles/new_build.elf.dir/Core/Src/can.c.obj
                0x08003b64                HAL_CAN_MspInit
 .text.MX_DMA_Init
                0x08003ca8       0x88 CMakeFiles/new_build.elf.dir/Core/Src/dma.c.obj
                0x08003ca8                MX_DMA_Init
 .text.StartDefaultTask
                0x08003d30       0x14 CMakeFiles/new_build.elf.dir/Core/Src/freertos.c.obj
                0x08003d30                StartDefaultTask
 .text.MX_FREERTOS_Init
                0x08003d44       0x20 CMakeFiles/new_build.elf.dir/Core/Src/freertos.c.obj
                0x08003d44                MX_FREERTOS_Init
 .text.MX_GPIO_Init
                0x08003d64      0x130 CMakeFiles/new_build.elf.dir/Core/Src/gpio.c.obj
                0x08003d64                MX_GPIO_Init
 .text.HAL_TIM_PeriodElapsedCallback
                0x08003e94       0x12 CMakeFiles/new_build.elf.dir/Core/Src/main.c.obj
                0x08003e94                HAL_TIM_PeriodElapsedCallback
 .text.Error_Handler
                0x08003ea6        0x4 CMakeFiles/new_build.elf.dir/Core/Src/main.c.obj
                0x08003ea6                Error_Handler
 *fill*         0x08003eaa        0x2 
 .text.SystemClock_Config
                0x08003eac       0xa8 CMakeFiles/new_build.elf.dir/Core/Src/main.c.obj
                0x08003eac                SystemClock_Config
 .text.main     0x08003f54       0x44 CMakeFiles/new_build.elf.dir/Core/Src/main.c.obj
                0x08003f54                main
 .text.assert_failed
                0x08003f98        0x2 CMakeFiles/new_build.elf.dir/Core/Src/main.c.obj
                0x08003f98                assert_failed
 *fill*         0x08003f9a        0x2 
 .text.HAL_MspInit
                0x08003f9c       0x44 CMakeFiles/new_build.elf.dir/Core/Src/stm32f4xx_hal_msp.c.obj
                0x08003f9c                HAL_MspInit
 .text.HAL_InitTick
                0x08003fe0       0xa4 CMakeFiles/new_build.elf.dir/Core/Src/stm32f4xx_hal_timebase_tim.c.obj
                0x08003fe0                HAL_InitTick
 .text.NMI_Handler
                0x08004084        0x2 CMakeFiles/new_build.elf.dir/Core/Src/stm32f4xx_it.c.obj
                0x08004084                NMI_Handler
 .text.HardFault_Handler
                0x08004086        0x2 CMakeFiles/new_build.elf.dir/Core/Src/stm32f4xx_it.c.obj
                0x08004086                HardFault_Handler
 .text.MemManage_Handler
                0x08004088        0x2 CMakeFiles/new_build.elf.dir/Core/Src/stm32f4xx_it.c.obj
                0x08004088                MemManage_Handler
 .text.BusFault_Handler
                0x0800408a        0x2 CMakeFiles/new_build.elf.dir/Core/Src/stm32f4xx_it.c.obj
                0x0800408a                BusFault_Handler
 .text.UsageFault_Handler
                0x0800408c        0x2 CMakeFiles/new_build.elf.dir/Core/Src/stm32f4xx_it.c.obj
                0x0800408c                UsageFault_Handler
 .text.DebugMon_Handler
                0x0800408e        0x2 CMakeFiles/new_build.elf.dir/Core/Src/stm32f4xx_it.c.obj
                0x0800408e                DebugMon_Handler
 .text.EXTI1_IRQHandler
                0x08004090        0xa CMakeFiles/new_build.elf.dir/Core/Src/stm32f4xx_it.c.obj
                0x08004090                EXTI1_IRQHandler
 *fill*         0x0800409a        0x2 
 .text.DMA1_Stream2_IRQHandler
                0x0800409c       0x10 CMakeFiles/new_build.elf.dir/Core/Src/stm32f4xx_it.c.obj
                0x0800409c                DMA1_Stream2_IRQHandler
 .text.DMA1_Stream5_IRQHandler
                0x080040ac       0x10 CMakeFiles/new_build.elf.dir/Core/Src/stm32f4xx_it.c.obj
                0x080040ac                DMA1_Stream5_IRQHandler
 .text.DMA1_Stream6_IRQHandler
                0x080040bc       0x10 CMakeFiles/new_build.elf.dir/Core/Src/stm32f4xx_it.c.obj
                0x080040bc                DMA1_Stream6_IRQHandler
 .text.CAN1_RX0_IRQHandler
                0x080040cc       0x10 CMakeFiles/new_build.elf.dir/Core/Src/stm32f4xx_it.c.obj
                0x080040cc                CAN1_RX0_IRQHandler
 .text.CAN1_RX1_IRQHandler
                0x080040dc       0x10 CMakeFiles/new_build.elf.dir/Core/Src/stm32f4xx_it.c.obj
                0x080040dc                CAN1_RX1_IRQHandler
 .text.TIM2_IRQHandler
                0x080040ec       0x10 CMakeFiles/new_build.elf.dir/Core/Src/stm32f4xx_it.c.obj
                0x080040ec                TIM2_IRQHandler
 .text.USART1_IRQHandler
                0x080040fc       0x1c CMakeFiles/new_build.elf.dir/Core/Src/stm32f4xx_it.c.obj
                0x080040fc                USART1_IRQHandler
 .text.USART2_IRQHandler
                0x08004118       0x10 CMakeFiles/new_build.elf.dir/Core/Src/stm32f4xx_it.c.obj
                0x08004118                USART2_IRQHandler
 .text.UART4_IRQHandler
                0x08004128       0x1c CMakeFiles/new_build.elf.dir/Core/Src/stm32f4xx_it.c.obj
                0x08004128                UART4_IRQHandler
 .text.DMA2_Stream2_IRQHandler
                0x08004144       0x10 CMakeFiles/new_build.elf.dir/Core/Src/stm32f4xx_it.c.obj
                0x08004144                DMA2_Stream2_IRQHandler
 .text.CAN2_RX0_IRQHandler
                0x08004154       0x10 CMakeFiles/new_build.elf.dir/Core/Src/stm32f4xx_it.c.obj
                0x08004154                CAN2_RX0_IRQHandler
 .text.CAN2_RX1_IRQHandler
                0x08004164       0x10 CMakeFiles/new_build.elf.dir/Core/Src/stm32f4xx_it.c.obj
                0x08004164                CAN2_RX1_IRQHandler
 .text.OTG_FS_IRQHandler
                0x08004174       0x10 CMakeFiles/new_build.elf.dir/Core/Src/stm32f4xx_it.c.obj
                0x08004174                OTG_FS_IRQHandler
 .text.DMA2_Stream7_IRQHandler
                0x08004184       0x10 CMakeFiles/new_build.elf.dir/Core/Src/stm32f4xx_it.c.obj
                0x08004184                DMA2_Stream7_IRQHandler
 .text._getpid  0x08004194        0x4 CMakeFiles/new_build.elf.dir/Core/Src/syscalls.c.obj
                0x08004194                _getpid
 .text._kill    0x08004198       0x10 CMakeFiles/new_build.elf.dir/Core/Src/syscalls.c.obj
                0x08004198                _kill
 .text._exit    0x080041a8        0xc CMakeFiles/new_build.elf.dir/Core/Src/syscalls.c.obj
                0x080041a8                _exit
 .text._sbrk    0x080041b4       0x48 CMakeFiles/new_build.elf.dir/Core/Src/sysmem.c.obj
                0x080041b4                _sbrk
 .text.SystemInit
                0x080041fc       0x14 CMakeFiles/new_build.elf.dir/Core/Src/system_stm32f4xx.c.obj
                0x080041fc                SystemInit
 .text.MX_UART4_Init
                0x08004210       0x34 CMakeFiles/new_build.elf.dir/Core/Src/usart.c.obj
                0x08004210                MX_UART4_Init
 .text.MX_USART1_UART_Init
                0x08004244       0x34 CMakeFiles/new_build.elf.dir/Core/Src/usart.c.obj
                0x08004244                MX_USART1_UART_Init
 .text.MX_USART2_UART_Init
                0x08004278       0x34 CMakeFiles/new_build.elf.dir/Core/Src/usart.c.obj
                0x08004278                MX_USART2_UART_Init
 .text.HAL_UART_MspInit
                0x080042ac      0x288 CMakeFiles/new_build.elf.dir/Core/Src/usart.c.obj
                0x080042ac                HAL_UART_MspInit
 .text.HAL_Init
                0x08004534       0x34 CMakeFiles/new_build.elf.dir/Drivers/STM32F4xx_HAL_Driver/Src/stm32f4xx_hal.c.obj
                0x08004534                HAL_Init
 .text.HAL_IncTick
                0x08004568       0x18 CMakeFiles/new_build.elf.dir/Drivers/STM32F4xx_HAL_Driver/Src/stm32f4xx_hal.c.obj
                0x08004568                HAL_IncTick
 .text.HAL_GetTick
                0x08004580        0xc CMakeFiles/new_build.elf.dir/Drivers/STM32F4xx_HAL_Driver/Src/stm32f4xx_hal.c.obj
                0x08004580                HAL_GetTick
 .text.HAL_Delay
                0x0800458c       0x28 CMakeFiles/new_build.elf.dir/Drivers/STM32F4xx_HAL_Driver/Src/stm32f4xx_hal.c.obj
                0x0800458c                HAL_Delay
 .text.HAL_CAN_Init
                0x080045b4      0x2ec CMakeFiles/new_build.elf.dir/Drivers/STM32F4xx_HAL_Driver/Src/stm32f4xx_hal_can.c.obj
                0x080045b4                HAL_CAN_Init
 .text.HAL_CAN_ConfigFilter
                0x080048a0      0x208 CMakeFiles/new_build.elf.dir/Drivers/STM32F4xx_HAL_Driver/Src/stm32f4xx_hal_can.c.obj
                0x080048a0                HAL_CAN_ConfigFilter
 .text.HAL_CAN_Start
                0x08004aa8       0x5c CMakeFiles/new_build.elf.dir/Drivers/STM32F4xx_HAL_Driver/Src/stm32f4xx_hal_can.c.obj
                0x08004aa8                HAL_CAN_Start
 .text.HAL_CAN_AddTxMessage
                0x08004b04      0x16c CMakeFiles/new_build.elf.dir/Drivers/STM32F4xx_HAL_Driver/Src/stm32f4xx_hal_can.c.obj
                0x08004b04                HAL_CAN_AddTxMessage
 .text.HAL_CAN_GetTxMailboxesFreeLevel
                0x08004c70       0x32 CMakeFiles/new_build.elf.dir/Drivers/STM32F4xx_HAL_Driver/Src/stm32f4xx_hal_can.c.obj
                0x08004c70                HAL_CAN_GetTxMailboxesFreeLevel
 *fill*         0x08004ca2        0x2 
 .text.HAL_CAN_GetRxMessage
                0x08004ca4      0x190 CMakeFiles/new_build.elf.dir/Drivers/STM32F4xx_HAL_Driver/Src/stm32f4xx_hal_can.c.obj
                0x08004ca4                HAL_CAN_GetRxMessage
 .text.HAL_CAN_ActivateNotification
                0x08004e34       0x48 CMakeFiles/new_build.elf.dir/Drivers/STM32F4xx_HAL_Driver/Src/stm32f4xx_hal_can.c.obj
                0x08004e34                HAL_CAN_ActivateNotification
 .text.HAL_CAN_TxMailbox0CompleteCallback
                0x08004e7c        0x2 CMakeFiles/new_build.elf.dir/Drivers/STM32F4xx_HAL_Driver/Src/stm32f4xx_hal_can.c.obj
                0x08004e7c                HAL_CAN_TxMailbox0CompleteCallback
 .text.HAL_CAN_TxMailbox1CompleteCallback
                0x08004e7e        0x2 CMakeFiles/new_build.elf.dir/Drivers/STM32F4xx_HAL_Driver/Src/stm32f4xx_hal_can.c.obj
                0x08004e7e                HAL_CAN_TxMailbox1CompleteCallback
 .text.HAL_CAN_TxMailbox2CompleteCallback
                0x08004e80        0x2 CMakeFiles/new_build.elf.dir/Drivers/STM32F4xx_HAL_Driver/Src/stm32f4xx_hal_can.c.obj
                0x08004e80                HAL_CAN_TxMailbox2CompleteCallback
 .text.HAL_CAN_TxMailbox0AbortCallback
                0x08004e82        0x2 CMakeFiles/new_build.elf.dir/Drivers/STM32F4xx_HAL_Driver/Src/stm32f4xx_hal_can.c.obj
                0x08004e82                HAL_CAN_TxMailbox0AbortCallback
 .text.HAL_CAN_TxMailbox1AbortCallback
                0x08004e84        0x2 CMakeFiles/new_build.elf.dir/Drivers/STM32F4xx_HAL_Driver/Src/stm32f4xx_hal_can.c.obj
                0x08004e84                HAL_CAN_TxMailbox1AbortCallback
 .text.HAL_CAN_TxMailbox2AbortCallback
                0x08004e86        0x2 CMakeFiles/new_build.elf.dir/Drivers/STM32F4xx_HAL_Driver/Src/stm32f4xx_hal_can.c.obj
                0x08004e86                HAL_CAN_TxMailbox2AbortCallback
 .text.HAL_CAN_RxFifo0FullCallback
                0x08004e88        0x2 CMakeFiles/new_build.elf.dir/Drivers/STM32F4xx_HAL_Driver/Src/stm32f4xx_hal_can.c.obj
                0x08004e88                HAL_CAN_RxFifo0FullCallback
 .text.HAL_CAN_RxFifo1FullCallback
                0x08004e8a        0x2 CMakeFiles/new_build.elf.dir/Drivers/STM32F4xx_HAL_Driver/Src/stm32f4xx_hal_can.c.obj
                0x08004e8a                HAL_CAN_RxFifo1FullCallback
 .text.HAL_CAN_SleepCallback
                0x08004e8c        0x2 CMakeFiles/new_build.elf.dir/Drivers/STM32F4xx_HAL_Driver/Src/stm32f4xx_hal_can.c.obj
                0x08004e8c                HAL_CAN_SleepCallback
 .text.HAL_CAN_WakeUpFromRxMsgCallback
                0x08004e8e        0x2 CMakeFiles/new_build.elf.dir/Drivers/STM32F4xx_HAL_Driver/Src/stm32f4xx_hal_can.c.obj
                0x08004e8e                HAL_CAN_WakeUpFromRxMsgCallback
 .text.HAL_CAN_ErrorCallback
                0x08004e90        0x2 CMakeFiles/new_build.elf.dir/Drivers/STM32F4xx_HAL_Driver/Src/stm32f4xx_hal_can.c.obj
                0x08004e90                HAL_CAN_ErrorCallback
 .text.HAL_CAN_IRQHandler
                0x08004e92      0x24a CMakeFiles/new_build.elf.dir/Drivers/STM32F4xx_HAL_Driver/Src/stm32f4xx_hal_can.c.obj
                0x08004e92                HAL_CAN_IRQHandler
 .text.HAL_NVIC_SetPriorityGrouping
                0x080050dc       0x3c CMakeFiles/new_build.elf.dir/Drivers/STM32F4xx_HAL_Driver/Src/stm32f4xx_hal_cortex.c.obj
                0x080050dc                HAL_NVIC_SetPriorityGrouping
 .text.HAL_NVIC_SetPriority
                0x08005118       0x8c CMakeFiles/new_build.elf.dir/Drivers/STM32F4xx_HAL_Driver/Src/stm32f4xx_hal_cortex.c.obj
                0x08005118                HAL_NVIC_SetPriority
 .text.HAL_NVIC_EnableIRQ
                0x080051a4       0x30 CMakeFiles/new_build.elf.dir/Drivers/STM32F4xx_HAL_Driver/Src/stm32f4xx_hal_cortex.c.obj
                0x080051a4                HAL_NVIC_EnableIRQ
 .text.DMA_SetConfig
                0x080051d4       0x2c CMakeFiles/new_build.elf.dir/Drivers/STM32F4xx_HAL_Driver/Src/stm32f4xx_hal_dma.c.obj
 .text.DMA_CalcBaseAndBitshift
                0x08005200       0x44 CMakeFiles/new_build.elf.dir/Drivers/STM32F4xx_HAL_Driver/Src/stm32f4xx_hal_dma.c.obj
 .text.DMA_CheckFifoParam
                0x08005244       0x8e CMakeFiles/new_build.elf.dir/Drivers/STM32F4xx_HAL_Driver/Src/stm32f4xx_hal_dma.c.obj
 *fill*         0x080052d2        0x2 
 .text.HAL_DMA_Init
                0x080052d4      0x290 CMakeFiles/new_build.elf.dir/Drivers/STM32F4xx_HAL_Driver/Src/stm32f4xx_hal_dma.c.obj
                0x080052d4                HAL_DMA_Init
 .text.HAL_DMA_Start_IT
                0x08005564       0x98 CMakeFiles/new_build.elf.dir/Drivers/STM32F4xx_HAL_Driver/Src/stm32f4xx_hal_dma.c.obj
                0x08005564                HAL_DMA_Start_IT
 .text.HAL_DMA_Abort
                0x080055fc       0x94 CMakeFiles/new_build.elf.dir/Drivers/STM32F4xx_HAL_Driver/Src/stm32f4xx_hal_dma.c.obj
                0x080055fc                HAL_DMA_Abort
 .text.HAL_DMA_Abort_IT
                0x08005690       0x26 CMakeFiles/new_build.elf.dir/Drivers/STM32F4xx_HAL_Driver/Src/stm32f4xx_hal_dma.c.obj
                0x08005690                HAL_DMA_Abort_IT
 *fill*         0x080056b6        0x2 
 .text.HAL_DMA_IRQHandler
                0x080056b8      0x1dc CMakeFiles/new_build.elf.dir/Drivers/STM32F4xx_HAL_Driver/Src/stm32f4xx_hal_dma.c.obj
                0x080056b8                HAL_DMA_IRQHandler
 .text.HAL_GPIO_Init
                0x08005894      0x2f0 CMakeFiles/new_build.elf.dir/Drivers/STM32F4xx_HAL_Driver/Src/stm32f4xx_hal_gpio.c.obj
                0x08005894                HAL_GPIO_Init
 .text.HAL_GPIO_ReadPin
                0x08005b84       0x28 CMakeFiles/new_build.elf.dir/Drivers/STM32F4xx_HAL_Driver/Src/stm32f4xx_hal_gpio.c.obj
                0x08005b84                HAL_GPIO_ReadPin
 .text.HAL_GPIO_WritePin
                0x08005bac       0x38 CMakeFiles/new_build.elf.dir/Drivers/STM32F4xx_HAL_Driver/Src/stm32f4xx_hal_gpio.c.obj
                0x08005bac                HAL_GPIO_WritePin
 .text.HAL_GPIO_TogglePin
                0x08005be4       0x2c CMakeFiles/new_build.elf.dir/Drivers/STM32F4xx_HAL_Driver/Src/stm32f4xx_hal_gpio.c.obj
                0x08005be4                HAL_GPIO_TogglePin
 .text.HAL_GPIO_EXTI_IRQHandler
                0x08005c10       0x1c CMakeFiles/new_build.elf.dir/Drivers/STM32F4xx_HAL_Driver/Src/stm32f4xx_hal_gpio.c.obj
                0x08005c10                HAL_GPIO_EXTI_IRQHandler
 .text.PCD_WriteEmptyTxFifo
                0x08005c2c       0xd0 CMakeFiles/new_build.elf.dir/Drivers/STM32F4xx_HAL_Driver/Src/stm32f4xx_hal_pcd.c.obj
 .text.HAL_PCD_Init
                0x08005cfc      0x124 CMakeFiles/new_build.elf.dir/Drivers/STM32F4xx_HAL_Driver/Src/stm32f4xx_hal_pcd.c.obj
                0x08005cfc                HAL_PCD_Init
 .text.HAL_PCD_Start
                0x08005e20       0x44 CMakeFiles/new_build.elf.dir/Drivers/STM32F4xx_HAL_Driver/Src/stm32f4xx_hal_pcd.c.obj
                0x08005e20                HAL_PCD_Start
 .text.PCD_EP_OutXfrComplete_int
                0x08005e64      0x104 CMakeFiles/new_build.elf.dir/Drivers/STM32F4xx_HAL_Driver/Src/stm32f4xx_hal_pcd.c.obj
 .text.PCD_EP_OutSetupPacket_int
                0x08005f68       0x50 CMakeFiles/new_build.elf.dir/Drivers/STM32F4xx_HAL_Driver/Src/stm32f4xx_hal_pcd.c.obj
 .text.HAL_PCD_SetAddress
                0x08005fb8       0x26 CMakeFiles/new_build.elf.dir/Drivers/STM32F4xx_HAL_Driver/Src/stm32f4xx_hal_pcd.c.obj
                0x08005fb8                HAL_PCD_SetAddress
 .text.HAL_PCD_EP_Open
                0x08005fde       0x8c CMakeFiles/new_build.elf.dir/Drivers/STM32F4xx_HAL_Driver/Src/stm32f4xx_hal_pcd.c.obj
                0x08005fde                HAL_PCD_EP_Open
 .text.HAL_PCD_EP_Close
                0x0800606a       0x70 CMakeFiles/new_build.elf.dir/Drivers/STM32F4xx_HAL_Driver/Src/stm32f4xx_hal_pcd.c.obj
                0x0800606a                HAL_PCD_EP_Close
 .text.HAL_PCD_EP_Receive
                0x080060da       0x4a CMakeFiles/new_build.elf.dir/Drivers/STM32F4xx_HAL_Driver/Src/stm32f4xx_hal_pcd.c.obj
                0x080060da                HAL_PCD_EP_Receive
 .text.HAL_PCD_EP_GetRxCount
                0x08006124       0x12 CMakeFiles/new_build.elf.dir/Drivers/STM32F4xx_HAL_Driver/Src/stm32f4xx_hal_pcd.c.obj
                0x08006124                HAL_PCD_EP_GetRxCount
 .text.HAL_PCD_EP_Transmit
                0x08006136       0x4a CMakeFiles/new_build.elf.dir/Drivers/STM32F4xx_HAL_Driver/Src/stm32f4xx_hal_pcd.c.obj
                0x08006136                HAL_PCD_EP_Transmit
 .text.HAL_PCD_EP_SetStall
                0x08006180       0x86 CMakeFiles/new_build.elf.dir/Drivers/STM32F4xx_HAL_Driver/Src/stm32f4xx_hal_pcd.c.obj
                0x08006180                HAL_PCD_EP_SetStall
 .text.HAL_PCD_EP_ClrStall
                0x08006206       0x74 CMakeFiles/new_build.elf.dir/Drivers/STM32F4xx_HAL_Driver/Src/stm32f4xx_hal_pcd.c.obj
                0x08006206                HAL_PCD_EP_ClrStall
 .text.HAL_PCD_EP_Abort
                0x0800627a       0x34 CMakeFiles/new_build.elf.dir/Drivers/STM32F4xx_HAL_Driver/Src/stm32f4xx_hal_pcd.c.obj
                0x0800627a                HAL_PCD_EP_Abort
 .text.HAL_PCD_IRQHandler
                0x080062ae      0x5bc CMakeFiles/new_build.elf.dir/Drivers/STM32F4xx_HAL_Driver/Src/stm32f4xx_hal_pcd.c.obj
                0x080062ae                HAL_PCD_IRQHandler
 .text.HAL_PCDEx_SetTxFiFo
                0x0800686a       0x4c CMakeFiles/new_build.elf.dir/Drivers/STM32F4xx_HAL_Driver/Src/stm32f4xx_hal_pcd_ex.c.obj
                0x0800686a                HAL_PCDEx_SetTxFiFo
 .text.HAL_PCDEx_SetRxFiFo
                0x080068b6        0x8 CMakeFiles/new_build.elf.dir/Drivers/STM32F4xx_HAL_Driver/Src/stm32f4xx_hal_pcd_ex.c.obj
                0x080068b6                HAL_PCDEx_SetRxFiFo
 .text.HAL_PCDEx_LPM_Callback
                0x080068be        0x2 CMakeFiles/new_build.elf.dir/Drivers/STM32F4xx_HAL_Driver/Src/stm32f4xx_hal_pcd_ex.c.obj
                0x080068be                HAL_PCDEx_LPM_Callback
 .text.HAL_RCC_OscConfig
                0x080068c0      0x4fc CMakeFiles/new_build.elf.dir/Drivers/STM32F4xx_HAL_Driver/Src/stm32f4xx_hal_rcc.c.obj
                0x080068c0                HAL_RCC_OscConfig
 .text.HAL_RCC_GetSysClockFreq
                0x08006dbc       0xd4 CMakeFiles/new_build.elf.dir/Drivers/STM32F4xx_HAL_Driver/Src/stm32f4xx_hal_rcc.c.obj
                0x08006dbc                HAL_RCC_GetSysClockFreq
 .text.HAL_RCC_ClockConfig
                0x08006e90      0x21c CMakeFiles/new_build.elf.dir/Drivers/STM32F4xx_HAL_Driver/Src/stm32f4xx_hal_rcc.c.obj
                0x08006e90                HAL_RCC_ClockConfig
 .text.HAL_RCC_GetHCLKFreq
                0x080070ac        0xc CMakeFiles/new_build.elf.dir/Drivers/STM32F4xx_HAL_Driver/Src/stm32f4xx_hal_rcc.c.obj
                0x080070ac                HAL_RCC_GetHCLKFreq
 .text.HAL_RCC_GetPCLK1Freq
                0x080070b8       0x20 CMakeFiles/new_build.elf.dir/Drivers/STM32F4xx_HAL_Driver/Src/stm32f4xx_hal_rcc.c.obj
                0x080070b8                HAL_RCC_GetPCLK1Freq
 .text.HAL_RCC_GetPCLK2Freq
                0x080070d8       0x20 CMakeFiles/new_build.elf.dir/Drivers/STM32F4xx_HAL_Driver/Src/stm32f4xx_hal_rcc.c.obj
                0x080070d8                HAL_RCC_GetPCLK2Freq
 .text.HAL_RCC_GetClockConfig
                0x080070f8       0x3c CMakeFiles/new_build.elf.dir/Drivers/STM32F4xx_HAL_Driver/Src/stm32f4xx_hal_rcc.c.obj
                0x080070f8                HAL_RCC_GetClockConfig
 .text.HAL_TIM_Base_MspInit
                0x08007134        0x2 CMakeFiles/new_build.elf.dir/Drivers/STM32F4xx_HAL_Driver/Src/stm32f4xx_hal_tim.c.obj
                0x08007134                HAL_TIM_Base_MspInit
 *fill*         0x08007136        0x2 
 .text.HAL_TIM_Base_Start_IT
                0x08007138      0x108 CMakeFiles/new_build.elf.dir/Drivers/STM32F4xx_HAL_Driver/Src/stm32f4xx_hal_tim.c.obj
                0x08007138                HAL_TIM_Base_Start_IT
 .text.HAL_TIM_OC_DelayElapsedCallback
                0x08007240        0x2 CMakeFiles/new_build.elf.dir/Drivers/STM32F4xx_HAL_Driver/Src/stm32f4xx_hal_tim.c.obj
                0x08007240                HAL_TIM_OC_DelayElapsedCallback
 .text.HAL_TIM_IC_CaptureCallback
                0x08007242        0x2 CMakeFiles/new_build.elf.dir/Drivers/STM32F4xx_HAL_Driver/Src/stm32f4xx_hal_tim.c.obj
                0x08007242                HAL_TIM_IC_CaptureCallback
 .text.HAL_TIM_PWM_PulseFinishedCallback
                0x08007244        0x2 CMakeFiles/new_build.elf.dir/Drivers/STM32F4xx_HAL_Driver/Src/stm32f4xx_hal_tim.c.obj
                0x08007244                HAL_TIM_PWM_PulseFinishedCallback
 .text.HAL_TIM_TriggerCallback
                0x08007246        0x2 CMakeFiles/new_build.elf.dir/Drivers/STM32F4xx_HAL_Driver/Src/stm32f4xx_hal_tim.c.obj
                0x08007246                HAL_TIM_TriggerCallback
 .text.HAL_TIM_IRQHandler
                0x08007248      0x15e CMakeFiles/new_build.elf.dir/Drivers/STM32F4xx_HAL_Driver/Src/stm32f4xx_hal_tim.c.obj
                0x08007248                HAL_TIM_IRQHandler
 *fill*         0x080073a6        0x2 
 .text.TIM_Base_SetConfig
                0x080073a8       0xd8 CMakeFiles/new_build.elf.dir/Drivers/STM32F4xx_HAL_Driver/Src/stm32f4xx_hal_tim.c.obj
                0x080073a8                TIM_Base_SetConfig
 .text.HAL_TIM_Base_Init
                0x08007480      0x168 CMakeFiles/new_build.elf.dir/Drivers/STM32F4xx_HAL_Driver/Src/stm32f4xx_hal_tim.c.obj
                0x08007480                HAL_TIM_Base_Init
 .text.HAL_TIMEx_CommutCallback
                0x080075e8        0x2 CMakeFiles/new_build.elf.dir/Drivers/STM32F4xx_HAL_Driver/Src/stm32f4xx_hal_tim_ex.c.obj
                0x080075e8                HAL_TIMEx_CommutCallback
 .text.HAL_TIMEx_BreakCallback
                0x080075ea        0x2 CMakeFiles/new_build.elf.dir/Drivers/STM32F4xx_HAL_Driver/Src/stm32f4xx_hal_tim_ex.c.obj
                0x080075ea                HAL_TIMEx_BreakCallback
 .text.UART_EndTxTransfer
                0x080075ec       0x20 CMakeFiles/new_build.elf.dir/Drivers/STM32F4xx_HAL_Driver/Src/stm32f4xx_hal_uart.c.obj
 .text.UART_EndRxTransfer
                0x0800760c       0x5c CMakeFiles/new_build.elf.dir/Drivers/STM32F4xx_HAL_Driver/Src/stm32f4xx_hal_uart.c.obj
 .text.UART_Transmit_IT
                0x08007668       0x60 CMakeFiles/new_build.elf.dir/Drivers/STM32F4xx_HAL_Driver/Src/stm32f4xx_hal_uart.c.obj
 .text.UART_SetConfig
                0x080076c8      0x174 CMakeFiles/new_build.elf.dir/Drivers/STM32F4xx_HAL_Driver/Src/stm32f4xx_hal_uart.c.obj
 .text.HAL_UART_Init
                0x0800783c      0x12c CMakeFiles/new_build.elf.dir/Drivers/STM32F4xx_HAL_Driver/Src/stm32f4xx_hal_uart.c.obj
                0x0800783c                HAL_UART_Init
 .text.HAL_UART_DMAStop
                0x08007968       0x84 CMakeFiles/new_build.elf.dir/Drivers/STM32F4xx_HAL_Driver/Src/stm32f4xx_hal_uart.c.obj
                0x08007968                HAL_UART_DMAStop
 .text.HAL_UART_TxCpltCallback
                0x080079ec        0x2 CMakeFiles/new_build.elf.dir/Drivers/STM32F4xx_HAL_Driver/Src/stm32f4xx_hal_uart.c.obj
                0x080079ec                HAL_UART_TxCpltCallback
 .text.UART_EndTransmit_IT
                0x080079ee       0x1a CMakeFiles/new_build.elf.dir/Drivers/STM32F4xx_HAL_Driver/Src/stm32f4xx_hal_uart.c.obj
 .text.HAL_UART_RxCpltCallback
                0x08007a08        0x2 CMakeFiles/new_build.elf.dir/Drivers/STM32F4xx_HAL_Driver/Src/stm32f4xx_hal_uart.c.obj
                0x08007a08                HAL_UART_RxCpltCallback
 .text.HAL_UART_RxHalfCpltCallback
                0x08007a0a        0x2 CMakeFiles/new_build.elf.dir/Drivers/STM32F4xx_HAL_Driver/Src/stm32f4xx_hal_uart.c.obj
                0x08007a0a                HAL_UART_RxHalfCpltCallback
 .text.HAL_UART_ErrorCallback
                0x08007a0c        0x2 CMakeFiles/new_build.elf.dir/Drivers/STM32F4xx_HAL_Driver/Src/stm32f4xx_hal_uart.c.obj
                0x08007a0c                HAL_UART_ErrorCallback
 .text.UART_DMAError
                0x08007a0e       0x58 CMakeFiles/new_build.elf.dir/Drivers/STM32F4xx_HAL_Driver/Src/stm32f4xx_hal_uart.c.obj
 .text.UART_DMAAbortOnError
                0x08007a66       0x10 CMakeFiles/new_build.elf.dir/Drivers/STM32F4xx_HAL_Driver/Src/stm32f4xx_hal_uart.c.obj
 .text.HAL_UARTEx_RxEventCallback
                0x08007a76        0x2 CMakeFiles/new_build.elf.dir/Drivers/STM32F4xx_HAL_Driver/Src/stm32f4xx_hal_uart.c.obj
                0x08007a76                HAL_UARTEx_RxEventCallback
 .text.UART_Receive_IT
                0x08007a78       0xe6 CMakeFiles/new_build.elf.dir/Drivers/STM32F4xx_HAL_Driver/Src/stm32f4xx_hal_uart.c.obj
 *fill*         0x08007b5e        0x2 
 .text.HAL_UART_IRQHandler
                0x08007b60      0x288 CMakeFiles/new_build.elf.dir/Drivers/STM32F4xx_HAL_Driver/Src/stm32f4xx_hal_uart.c.obj
                0x08007b60                HAL_UART_IRQHandler
 .text.UART_DMARxHalfCplt
                0x08007de8       0x1e CMakeFiles/new_build.elf.dir/Drivers/STM32F4xx_HAL_Driver/Src/stm32f4xx_hal_uart.c.obj
 .text.UART_DMAReceiveCplt
                0x08007e06       0x9a CMakeFiles/new_build.elf.dir/Drivers/STM32F4xx_HAL_Driver/Src/stm32f4xx_hal_uart.c.obj
 .text.UART_Start_Receive_DMA
                0x08007ea0       0xa4 CMakeFiles/new_build.elf.dir/Drivers/STM32F4xx_HAL_Driver/Src/stm32f4xx_hal_uart.c.obj
                0x08007ea0                UART_Start_Receive_DMA
 .text.HAL_UART_Receive_DMA
                0x08007f44       0x26 CMakeFiles/new_build.elf.dir/Drivers/STM32F4xx_HAL_Driver/Src/stm32f4xx_hal_uart.c.obj
                0x08007f44                HAL_UART_Receive_DMA
 .text.USB_CoreReset
                0x08007f6a       0x4a CMakeFiles/new_build.elf.dir/Drivers/STM32F4xx_HAL_Driver/Src/stm32f4xx_ll_usb.c.obj
 .text.USB_CoreInit
                0x08007fb4       0x92 CMakeFiles/new_build.elf.dir/Drivers/STM32F4xx_HAL_Driver/Src/stm32f4xx_ll_usb.c.obj
                0x08007fb4                USB_CoreInit
 *fill*         0x08008046        0x2 
 .text.USB_SetTurnaroundTime
                0x08008048       0xe4 CMakeFiles/new_build.elf.dir/Drivers/STM32F4xx_HAL_Driver/Src/stm32f4xx_ll_usb.c.obj
                0x08008048                USB_SetTurnaroundTime
 .text.USB_EnableGlobalInt
                0x0800812c        0xc CMakeFiles/new_build.elf.dir/Drivers/STM32F4xx_HAL_Driver/Src/stm32f4xx_ll_usb.c.obj
                0x0800812c                USB_EnableGlobalInt
 .text.USB_DisableGlobalInt
                0x08008138        0xc CMakeFiles/new_build.elf.dir/Drivers/STM32F4xx_HAL_Driver/Src/stm32f4xx_ll_usb.c.obj
                0x08008138                USB_DisableGlobalInt
 .text.USB_FlushTxFifo
                0x08008144       0x4a CMakeFiles/new_build.elf.dir/Drivers/STM32F4xx_HAL_Driver/Src/stm32f4xx_ll_usb.c.obj
                0x08008144                USB_FlushTxFifo
 .text.USB_FlushRxFifo
                0x0800818e       0x46 CMakeFiles/new_build.elf.dir/Drivers/STM32F4xx_HAL_Driver/Src/stm32f4xx_ll_usb.c.obj
                0x0800818e                USB_FlushRxFifo
 .text.USB_SetDevSpeed
                0x080081d4        0xe CMakeFiles/new_build.elf.dir/Drivers/STM32F4xx_HAL_Driver/Src/stm32f4xx_ll_usb.c.obj
                0x080081d4                USB_SetDevSpeed
 *fill*         0x080081e2        0x2 
 .text.USB_DevInit
                0x080081e4      0x194 CMakeFiles/new_build.elf.dir/Drivers/STM32F4xx_HAL_Driver/Src/stm32f4xx_ll_usb.c.obj
                0x080081e4                USB_DevInit
 .text.USB_GetDevSpeed
                0x08008378       0x22 CMakeFiles/new_build.elf.dir/Drivers/STM32F4xx_HAL_Driver/Src/stm32f4xx_ll_usb.c.obj
                0x08008378                USB_GetDevSpeed
 .text.USB_ActivateEndpoint
                0x0800839a       0x9c CMakeFiles/new_build.elf.dir/Drivers/STM32F4xx_HAL_Driver/Src/stm32f4xx_ll_usb.c.obj
                0x0800839a                USB_ActivateEndpoint
 *fill*         0x08008436        0x2 
 .text.USB_DeactivateEndpoint
                0x08008438       0xe0 CMakeFiles/new_build.elf.dir/Drivers/STM32F4xx_HAL_Driver/Src/stm32f4xx_ll_usb.c.obj
                0x08008438                USB_DeactivateEndpoint
 .text.USB_EPStopXfer
                0x08008518       0xbe CMakeFiles/new_build.elf.dir/Drivers/STM32F4xx_HAL_Driver/Src/stm32f4xx_ll_usb.c.obj
                0x08008518                USB_EPStopXfer
 .text.USB_WritePacket
                0x080085d6       0x2e CMakeFiles/new_build.elf.dir/Drivers/STM32F4xx_HAL_Driver/Src/stm32f4xx_ll_usb.c.obj
                0x080085d6                USB_WritePacket
 .text.USB_EPStartXfer
                0x08008604      0x248 CMakeFiles/new_build.elf.dir/Drivers/STM32F4xx_HAL_Driver/Src/stm32f4xx_ll_usb.c.obj
                0x08008604                USB_EPStartXfer
 .text.USB_ReadPacket
                0x0800884c       0x54 CMakeFiles/new_build.elf.dir/Drivers/STM32F4xx_HAL_Driver/Src/stm32f4xx_ll_usb.c.obj
                0x0800884c                USB_ReadPacket
 .text.USB_EPSetStall
                0x080088a0       0x5a CMakeFiles/new_build.elf.dir/Drivers/STM32F4xx_HAL_Driver/Src/stm32f4xx_ll_usb.c.obj
                0x080088a0                USB_EPSetStall
 .text.USB_EPClearStall
                0x080088fa       0x5c CMakeFiles/new_build.elf.dir/Drivers/STM32F4xx_HAL_Driver/Src/stm32f4xx_ll_usb.c.obj
                0x080088fa                USB_EPClearStall
 .text.USB_SetDevAddress
                0x08008956       0x20 CMakeFiles/new_build.elf.dir/Drivers/STM32F4xx_HAL_Driver/Src/stm32f4xx_ll_usb.c.obj
                0x08008956                USB_SetDevAddress
 .text.USB_DevConnect
                0x08008976       0x1c CMakeFiles/new_build.elf.dir/Drivers/STM32F4xx_HAL_Driver/Src/stm32f4xx_ll_usb.c.obj
                0x08008976                USB_DevConnect
 .text.USB_DevDisconnect
                0x08008992       0x1c CMakeFiles/new_build.elf.dir/Drivers/STM32F4xx_HAL_Driver/Src/stm32f4xx_ll_usb.c.obj
                0x08008992                USB_DevDisconnect
 .text.USB_ReadInterrupts
                0x080089ae        0x8 CMakeFiles/new_build.elf.dir/Drivers/STM32F4xx_HAL_Driver/Src/stm32f4xx_ll_usb.c.obj
                0x080089ae                USB_ReadInterrupts
 .text.USB_ReadDevAllOutEpInterrupt
                0x080089b6       0x10 CMakeFiles/new_build.elf.dir/Drivers/STM32F4xx_HAL_Driver/Src/stm32f4xx_ll_usb.c.obj
                0x080089b6                USB_ReadDevAllOutEpInterrupt
 .text.USB_ReadDevAllInEpInterrupt
                0x080089c6       0x10 CMakeFiles/new_build.elf.dir/Drivers/STM32F4xx_HAL_Driver/Src/stm32f4xx_ll_usb.c.obj
                0x080089c6                USB_ReadDevAllInEpInterrupt
 .text.USB_ReadDevOutEPInterrupt
                0x080089d6       0x12 CMakeFiles/new_build.elf.dir/Drivers/STM32F4xx_HAL_Driver/Src/stm32f4xx_ll_usb.c.obj
                0x080089d6                USB_ReadDevOutEPInterrupt
 .text.USB_ReadDevInEPInterrupt
                0x080089e8       0x28 CMakeFiles/new_build.elf.dir/Drivers/STM32F4xx_HAL_Driver/Src/stm32f4xx_ll_usb.c.obj
                0x080089e8                USB_ReadDevInEPInterrupt
 .text.USB_GetMode
                0x08008a10        0x8 CMakeFiles/new_build.elf.dir/Drivers/STM32F4xx_HAL_Driver/Src/stm32f4xx_ll_usb.c.obj
                0x08008a10                USB_GetMode
 .text.USB_SetCurrentMode
                0x08008a18       0x62 CMakeFiles/new_build.elf.dir/Drivers/STM32F4xx_HAL_Driver/Src/stm32f4xx_ll_usb.c.obj
                0x08008a18                USB_SetCurrentMode
 .text.USB_ActivateSetup
                0x08008a7a       0x20 CMakeFiles/new_build.elf.dir/Drivers/STM32F4xx_HAL_Driver/Src/stm32f4xx_ll_usb.c.obj
                0x08008a7a                USB_ActivateSetup
 *fill*         0x08008a9a        0x2 
 .text.USB_EP0_OutStart
                0x08008a9c       0x60 CMakeFiles/new_build.elf.dir/Drivers/STM32F4xx_HAL_Driver/Src/stm32f4xx_ll_usb.c.obj
                0x08008a9c                USB_EP0_OutStart
 .text.USBD_CDC_EP0_RxReady
                0x08008afc       0x40 CMakeFiles/new_build.elf.dir/Middlewares/ST/STM32_USB_Device_Library/Class/CDC/Src/usbd_cdc.c.obj
 .text.USBD_CDC_GetDeviceQualifierDescriptor
                0x08008b3c        0xc CMakeFiles/new_build.elf.dir/Middlewares/ST/STM32_USB_Device_Library/Class/CDC/Src/usbd_cdc.c.obj
                0x08008b3c                USBD_CDC_GetDeviceQualifierDescriptor
 .text.USBD_CDC_GetOtherSpeedCfgDesc
                0x08008b48       0x48 CMakeFiles/new_build.elf.dir/Middlewares/ST/STM32_USB_Device_Library/Class/CDC/Src/usbd_cdc.c.obj
 .text.USBD_CDC_GetFSCfgDesc
                0x08008b90       0x48 CMakeFiles/new_build.elf.dir/Middlewares/ST/STM32_USB_Device_Library/Class/CDC/Src/usbd_cdc.c.obj
 .text.USBD_CDC_GetHSCfgDesc
                0x08008bd8       0x48 CMakeFiles/new_build.elf.dir/Middlewares/ST/STM32_USB_Device_Library/Class/CDC/Src/usbd_cdc.c.obj
 .text.USBD_CDC_DataOut
                0x08008c20       0x38 CMakeFiles/new_build.elf.dir/Middlewares/ST/STM32_USB_Device_Library/Class/CDC/Src/usbd_cdc.c.obj
 .text.USBD_CDC_DataIn
                0x08008c58       0x7c CMakeFiles/new_build.elf.dir/Middlewares/ST/STM32_USB_Device_Library/Class/CDC/Src/usbd_cdc.c.obj
 .text.USBD_CDC_Setup
                0x08008cd4      0x11a CMakeFiles/new_build.elf.dir/Middlewares/ST/STM32_USB_Device_Library/Class/CDC/Src/usbd_cdc.c.obj
 .text.USBD_CDC_DeInit
                0x08008dee       0x64 CMakeFiles/new_build.elf.dir/Middlewares/ST/STM32_USB_Device_Library/Class/CDC/Src/usbd_cdc.c.obj
 .text.USBD_CDC_Init
                0x08008e52       0xee CMakeFiles/new_build.elf.dir/Middlewares/ST/STM32_USB_Device_Library/Class/CDC/Src/usbd_cdc.c.obj
 .text.USBD_CDC_RegisterInterface
                0x08008f40       0x16 CMakeFiles/new_build.elf.dir/Middlewares/ST/STM32_USB_Device_Library/Class/CDC/Src/usbd_cdc.c.obj
                0x08008f40                USBD_CDC_RegisterInterface
 .text.USBD_CDC_SetTxBuffer
                0x08008f56       0x1c CMakeFiles/new_build.elf.dir/Middlewares/ST/STM32_USB_Device_Library/Class/CDC/Src/usbd_cdc.c.obj
                0x08008f56                USBD_CDC_SetTxBuffer
 .text.USBD_CDC_SetRxBuffer
                0x08008f72       0x18 CMakeFiles/new_build.elf.dir/Middlewares/ST/STM32_USB_Device_Library/Class/CDC/Src/usbd_cdc.c.obj
                0x08008f72                USBD_CDC_SetRxBuffer
 .text.USBD_CDC_ReceivePacket
                0x08008f8a       0x38 CMakeFiles/new_build.elf.dir/Middlewares/ST/STM32_USB_Device_Library/Class/CDC/Src/usbd_cdc.c.obj
                0x08008f8a                USBD_CDC_ReceivePacket
 .text.USBD_Init
                0x08008fc2       0x2e CMakeFiles/new_build.elf.dir/Middlewares/ST/STM32_USB_Device_Library/Core/Src/usbd_core.c.obj
                0x08008fc2                USBD_Init
 .text.USBD_RegisterClass
                0x08008ff0       0x34 CMakeFiles/new_build.elf.dir/Middlewares/ST/STM32_USB_Device_Library/Core/Src/usbd_core.c.obj
                0x08008ff0                USBD_RegisterClass
 .text.USBD_Start
                0x08009024        0x8 CMakeFiles/new_build.elf.dir/Middlewares/ST/STM32_USB_Device_Library/Core/Src/usbd_core.c.obj
                0x08009024                USBD_Start
 .text.USBD_SetClassConfig
                0x0800902c       0x12 CMakeFiles/new_build.elf.dir/Middlewares/ST/STM32_USB_Device_Library/Core/Src/usbd_core.c.obj
                0x0800902c                USBD_SetClassConfig
 .text.USBD_ClrClassConfig
                0x0800903e       0x12 CMakeFiles/new_build.elf.dir/Middlewares/ST/STM32_USB_Device_Library/Core/Src/usbd_core.c.obj
                0x0800903e                USBD_ClrClassConfig
 .text.USBD_LL_SetupStage
                0x08009050       0x58 CMakeFiles/new_build.elf.dir/Middlewares/ST/STM32_USB_Device_Library/Core/Src/usbd_core.c.obj
                0x08009050                USBD_LL_SetupStage
 .text.USBD_LL_Reset
                0x080090a8       0x64 CMakeFiles/new_build.elf.dir/Middlewares/ST/STM32_USB_Device_Library/Core/Src/usbd_core.c.obj
                0x080090a8                USBD_LL_Reset
 .text.USBD_LL_SetSpeed
                0x0800910c        0x6 CMakeFiles/new_build.elf.dir/Middlewares/ST/STM32_USB_Device_Library/Core/Src/usbd_core.c.obj
                0x0800910c                USBD_LL_SetSpeed
 .text.USBD_LL_Suspend
                0x08009112       0x1e CMakeFiles/new_build.elf.dir/Middlewares/ST/STM32_USB_Device_Library/Core/Src/usbd_core.c.obj
                0x08009112                USBD_LL_Suspend
 .text.USBD_LL_Resume
                0x08009130       0x1a CMakeFiles/new_build.elf.dir/Middlewares/ST/STM32_USB_Device_Library/Core/Src/usbd_core.c.obj
                0x08009130                USBD_LL_Resume
 .text.USBD_LL_SOF
                0x0800914a       0x22 CMakeFiles/new_build.elf.dir/Middlewares/ST/STM32_USB_Device_Library/Core/Src/usbd_core.c.obj
                0x0800914a                USBD_LL_SOF
 .text.USBD_LL_IsoINIncomplete
                0x0800916c       0x2e CMakeFiles/new_build.elf.dir/Middlewares/ST/STM32_USB_Device_Library/Core/Src/usbd_core.c.obj
                0x0800916c                USBD_LL_IsoINIncomplete
 .text.USBD_LL_IsoOUTIncomplete
                0x0800919a       0x2e CMakeFiles/new_build.elf.dir/Middlewares/ST/STM32_USB_Device_Library/Core/Src/usbd_core.c.obj
                0x0800919a                USBD_LL_IsoOUTIncomplete
 .text.USBD_LL_DevConnected
                0x080091c8        0x4 CMakeFiles/new_build.elf.dir/Middlewares/ST/STM32_USB_Device_Library/Core/Src/usbd_core.c.obj
                0x080091c8                USBD_LL_DevConnected
 .text.USBD_LL_DevDisconnected
                0x080091cc       0x20 CMakeFiles/new_build.elf.dir/Middlewares/ST/STM32_USB_Device_Library/Core/Src/usbd_core.c.obj
                0x080091cc                USBD_LL_DevDisconnected
 .text.USBD_CoreFindIF
                0x080091ec        0x4 CMakeFiles/new_build.elf.dir/Middlewares/ST/STM32_USB_Device_Library/Core/Src/usbd_core.c.obj
                0x080091ec                USBD_CoreFindIF
 .text.USBD_CoreFindEP
                0x080091f0        0x4 CMakeFiles/new_build.elf.dir/Middlewares/ST/STM32_USB_Device_Library/Core/Src/usbd_core.c.obj
                0x080091f0                USBD_CoreFindEP
 .text.USBD_LL_DataOutStage
                0x080091f4       0xc6 CMakeFiles/new_build.elf.dir/Middlewares/ST/STM32_USB_Device_Library/Core/Src/usbd_core.c.obj
                0x080091f4                USBD_LL_DataOutStage
 .text.USBD_LL_DataInStage
                0x080092ba       0xd6 CMakeFiles/new_build.elf.dir/Middlewares/ST/STM32_USB_Device_Library/Core/Src/usbd_core.c.obj
                0x080092ba                USBD_LL_DataInStage
 .text.USBD_GetNextDesc
                0x08009390        0xe CMakeFiles/new_build.elf.dir/Middlewares/ST/STM32_USB_Device_Library/Core/Src/usbd_core.c.obj
                0x08009390                USBD_GetNextDesc
 .text.USBD_GetEpDesc
                0x0800939e       0x3e CMakeFiles/new_build.elf.dir/Middlewares/ST/STM32_USB_Device_Library/Core/Src/usbd_core.c.obj
                0x0800939e                USBD_GetEpDesc
 .text.USBD_GetLen
                0x080093dc       0x14 CMakeFiles/new_build.elf.dir/Middlewares/ST/STM32_USB_Device_Library/Core/Src/usbd_ctlreq.c.obj
 .text.USBD_ParseSetupRequest
                0x080093f0       0x28 CMakeFiles/new_build.elf.dir/Middlewares/ST/STM32_USB_Device_Library/Core/Src/usbd_ctlreq.c.obj
                0x080093f0                USBD_ParseSetupRequest
 .text.USBD_CtlError
                0x08009418       0x14 CMakeFiles/new_build.elf.dir/Middlewares/ST/STM32_USB_Device_Library/Core/Src/usbd_ctlreq.c.obj
                0x08009418                USBD_CtlError
 .text.USBD_GetDescriptor
                0x0800942c      0x18a CMakeFiles/new_build.elf.dir/Middlewares/ST/STM32_USB_Device_Library/Core/Src/usbd_ctlreq.c.obj
 .text.USBD_SetAddress
                0x080095b6       0x50 CMakeFiles/new_build.elf.dir/Middlewares/ST/STM32_USB_Device_Library/Core/Src/usbd_ctlreq.c.obj
 *fill*         0x08009606        0x2 
 .text.USBD_SetConfig
                0x08009608       0xcc CMakeFiles/new_build.elf.dir/Middlewares/ST/STM32_USB_Device_Library/Core/Src/usbd_ctlreq.c.obj
 .text.USBD_GetConfig
                0x080096d4       0x40 CMakeFiles/new_build.elf.dir/Middlewares/ST/STM32_USB_Device_Library/Core/Src/usbd_ctlreq.c.obj
 .text.USBD_GetStatus
                0x08009714       0x38 CMakeFiles/new_build.elf.dir/Middlewares/ST/STM32_USB_Device_Library/Core/Src/usbd_ctlreq.c.obj
 .text.USBD_SetFeature
                0x0800974c       0x2a CMakeFiles/new_build.elf.dir/Middlewares/ST/STM32_USB_Device_Library/Core/Src/usbd_ctlreq.c.obj
 .text.USBD_ClrFeature
                0x08009776       0x26 CMakeFiles/new_build.elf.dir/Middlewares/ST/STM32_USB_Device_Library/Core/Src/usbd_ctlreq.c.obj
 .text.USBD_StdDevReq
                0x0800979c       0x76 CMakeFiles/new_build.elf.dir/Middlewares/ST/STM32_USB_Device_Library/Core/Src/usbd_ctlreq.c.obj
                0x0800979c                USBD_StdDevReq
 .text.USBD_StdItfReq
                0x08009812       0x84 CMakeFiles/new_build.elf.dir/Middlewares/ST/STM32_USB_Device_Library/Core/Src/usbd_ctlreq.c.obj
                0x08009812                USBD_StdItfReq
 .text.USBD_StdEPReq
                0x08009896      0x230 CMakeFiles/new_build.elf.dir/Middlewares/ST/STM32_USB_Device_Library/Core/Src/usbd_ctlreq.c.obj
                0x08009896                USBD_StdEPReq
 .text.USBD_GetString
                0x08009ac6       0x46 CMakeFiles/new_build.elf.dir/Middlewares/ST/STM32_USB_Device_Library/Core/Src/usbd_ctlreq.c.obj
                0x08009ac6                USBD_GetString
 .text.USBD_CtlSendData
                0x08009b0c       0x1a CMakeFiles/new_build.elf.dir/Middlewares/ST/STM32_USB_Device_Library/Core/Src/usbd_ioreq.c.obj
                0x08009b0c                USBD_CtlSendData
 .text.USBD_CtlContinueSendData
                0x08009b26       0x10 CMakeFiles/new_build.elf.dir/Middlewares/ST/STM32_USB_Device_Library/Core/Src/usbd_ioreq.c.obj
                0x08009b26                USBD_CtlContinueSendData
 .text.USBD_CtlPrepareRx
                0x08009b36       0x1e CMakeFiles/new_build.elf.dir/Middlewares/ST/STM32_USB_Device_Library/Core/Src/usbd_ioreq.c.obj
                0x08009b36                USBD_CtlPrepareRx
 .text.USBD_CtlContinueRx
                0x08009b54       0x10 CMakeFiles/new_build.elf.dir/Middlewares/ST/STM32_USB_Device_Library/Core/Src/usbd_ioreq.c.obj
                0x08009b54                USBD_CtlContinueRx
 .text.USBD_CtlSendStatus
                0x08009b64       0x16 CMakeFiles/new_build.elf.dir/Middlewares/ST/STM32_USB_Device_Library/Core/Src/usbd_ioreq.c.obj
                0x08009b64                USBD_CtlSendStatus
 .text.USBD_CtlReceiveStatus
                0x08009b7a       0x16 CMakeFiles/new_build.elf.dir/Middlewares/ST/STM32_USB_Device_Library/Core/Src/usbd_ioreq.c.obj
                0x08009b7a                USBD_CtlReceiveStatus
 .text.SysTick_Handler
                0x08009b90       0x18 CMakeFiles/new_build.elf.dir/Middlewares/Third_Party/FreeRTOS/Source/CMSIS_RTOS_V2/cmsis_os2.c.obj
                0x08009b90                SysTick_Handler
 .text.osKernelInitialize
                0x08009ba8       0x24 CMakeFiles/new_build.elf.dir/Middlewares/Third_Party/FreeRTOS/Source/CMSIS_RTOS_V2/cmsis_os2.c.obj
                0x08009ba8                osKernelInitialize
 .text.osKernelStart
                0x08009bcc       0x38 CMakeFiles/new_build.elf.dir/Middlewares/Third_Party/FreeRTOS/Source/CMSIS_RTOS_V2/cmsis_os2.c.obj
                0x08009bcc                osKernelStart
 .text.osThreadNew
                0x08009c04       0xbc CMakeFiles/new_build.elf.dir/Middlewares/Third_Party/FreeRTOS/Source/CMSIS_RTOS_V2/cmsis_os2.c.obj
                0x08009c04                osThreadNew
 .text.osThreadTerminate
                0x08009cc0       0x30 CMakeFiles/new_build.elf.dir/Middlewares/Third_Party/FreeRTOS/Source/CMSIS_RTOS_V2/cmsis_os2.c.obj
                0x08009cc0                osThreadTerminate
 .text.osDelay  0x08009cf0       0x1c CMakeFiles/new_build.elf.dir/Middlewares/Third_Party/FreeRTOS/Source/CMSIS_RTOS_V2/cmsis_os2.c.obj
                0x08009cf0                osDelay
 .text.vApplicationIdleHook
                0x08009d0c        0x2 CMakeFiles/new_build.elf.dir/Middlewares/Third_Party/FreeRTOS/Source/CMSIS_RTOS_V2/cmsis_os2.c.obj
                0x08009d0c                vApplicationIdleHook
 *fill*         0x08009d0e        0x2 
 .text.vApplicationGetIdleTaskMemory
                0x08009d10       0x18 CMakeFiles/new_build.elf.dir/Middlewares/Third_Party/FreeRTOS/Source/CMSIS_RTOS_V2/cmsis_os2.c.obj
                0x08009d10                vApplicationGetIdleTaskMemory
 .text.vApplicationGetTimerTaskMemory
                0x08009d28       0x18 CMakeFiles/new_build.elf.dir/Middlewares/Third_Party/FreeRTOS/Source/CMSIS_RTOS_V2/cmsis_os2.c.obj
                0x08009d28                vApplicationGetTimerTaskMemory
 .text.vListInitialise
                0x08009d40       0x16 CMakeFiles/new_build.elf.dir/Middlewares/Third_Party/FreeRTOS/Source/list.c.obj
                0x08009d40                vListInitialise
 .text.vListInitialiseItem
                0x08009d56        0x6 CMakeFiles/new_build.elf.dir/Middlewares/Third_Party/FreeRTOS/Source/list.c.obj
                0x08009d56                vListInitialiseItem
 .text.vListInsertEnd
                0x08009d5c       0x16 CMakeFiles/new_build.elf.dir/Middlewares/Third_Party/FreeRTOS/Source/list.c.obj
                0x08009d5c                vListInsertEnd
 .text.vListInsert
                0x08009d72       0x32 CMakeFiles/new_build.elf.dir/Middlewares/Third_Party/FreeRTOS/Source/list.c.obj
                0x08009d72                vListInsert
 .text.uxListRemove
                0x08009da4       0x26 CMakeFiles/new_build.elf.dir/Middlewares/Third_Party/FreeRTOS/Source/list.c.obj
                0x08009da4                uxListRemove
 *fill*         0x08009dca        0x2 
 .text.prvTaskExitError
                0x08009dcc       0x40 CMakeFiles/new_build.elf.dir/Middlewares/Third_Party/FreeRTOS/Source/portable/GCC/ARM_CM4F/port.c.obj
 .text.prvPortStartFirstTask
                0x08009e0c       0x28 CMakeFiles/new_build.elf.dir/Middlewares/Third_Party/FreeRTOS/Source/portable/GCC/ARM_CM4F/port.c.obj
 .text.vPortEnableVFP
                0x08009e34       0x14 CMakeFiles/new_build.elf.dir/Middlewares/Third_Party/FreeRTOS/Source/portable/GCC/ARM_CM4F/port.c.obj
 .text.pxPortInitialiseStack
                0x08009e48       0x2c CMakeFiles/new_build.elf.dir/Middlewares/Third_Party/FreeRTOS/Source/portable/GCC/ARM_CM4F/port.c.obj
                0x08009e48                pxPortInitialiseStack
 *fill*         0x08009e74        0xc 
 .text.SVC_Handler
                0x08009e80       0x24 CMakeFiles/new_build.elf.dir/Middlewares/Third_Party/FreeRTOS/Source/portable/GCC/ARM_CM4F/port.c.obj
                0x08009e80                SVC_Handler
 .text.vPortEnterCritical
                0x08009ea4       0x44 CMakeFiles/new_build.elf.dir/Middlewares/Third_Party/FreeRTOS/Source/portable/GCC/ARM_CM4F/port.c.obj
                0x08009ea4                vPortEnterCritical
 .text.vPortExitCritical
                0x08009ee8       0x2c CMakeFiles/new_build.elf.dir/Middlewares/Third_Party/FreeRTOS/Source/portable/GCC/ARM_CM4F/port.c.obj
                0x08009ee8                vPortExitCritical
 *fill*         0x08009f14        0xc 
 .text.PendSV_Handler
                0x08009f20       0x64 CMakeFiles/new_build.elf.dir/Middlewares/Third_Party/FreeRTOS/Source/portable/GCC/ARM_CM4F/port.c.obj
                0x08009f20                PendSV_Handler
 .text.xPortSysTickHandler
                0x08009f84       0x3a CMakeFiles/new_build.elf.dir/Middlewares/Third_Party/FreeRTOS/Source/portable/GCC/ARM_CM4F/port.c.obj
                0x08009f84                xPortSysTickHandler
 *fill*         0x08009fbe        0x2 
 .text.vPortSetupTimerInterrupt
                0x08009fc0       0x28 CMakeFiles/new_build.elf.dir/Middlewares/Third_Party/FreeRTOS/Source/portable/GCC/ARM_CM4F/port.c.obj
                0x08009fc0                vPortSetupTimerInterrupt
 .text.xPortStartScheduler
                0x08009fe8      0x118 CMakeFiles/new_build.elf.dir/Middlewares/Third_Party/FreeRTOS/Source/portable/GCC/ARM_CM4F/port.c.obj
                0x08009fe8                xPortStartScheduler
 .text.vPortValidateInterruptPriority
                0x0800a100       0x5c CMakeFiles/new_build.elf.dir/Middlewares/Third_Party/FreeRTOS/Source/portable/GCC/ARM_CM4F/port.c.obj
                0x0800a100                vPortValidateInterruptPriority
 .text.prvHeapInit
                0x0800a15c       0x64 CMakeFiles/new_build.elf.dir/Middlewares/Third_Party/FreeRTOS/Source/portable/MemMang/heap_4.c.obj
 .text.prvInsertBlockIntoFreeList
                0x0800a1c0       0x64 CMakeFiles/new_build.elf.dir/Middlewares/Third_Party/FreeRTOS/Source/portable/MemMang/heap_4.c.obj
 .text.pvPortMalloc
                0x0800a224       0xfc CMakeFiles/new_build.elf.dir/Middlewares/Third_Party/FreeRTOS/Source/portable/MemMang/heap_4.c.obj
                0x0800a224                pvPortMalloc
 .text.vPortFree
                0x0800a320       0x7c CMakeFiles/new_build.elf.dir/Middlewares/Third_Party/FreeRTOS/Source/portable/MemMang/heap_4.c.obj
                0x0800a320                vPortFree
 .text.prvIsQueueFull
                0x0800a39c       0x1e CMakeFiles/new_build.elf.dir/Middlewares/Third_Party/FreeRTOS/Source/queue.c.obj
 .text.prvIsQueueEmpty
                0x0800a3ba       0x1a CMakeFiles/new_build.elf.dir/Middlewares/Third_Party/FreeRTOS/Source/queue.c.obj
 .text.prvCopyDataToQueue
                0x0800a3d4       0x76 CMakeFiles/new_build.elf.dir/Middlewares/Third_Party/FreeRTOS/Source/queue.c.obj
 .text.prvCopyDataFromQueue
                0x0800a44a       0x24 CMakeFiles/new_build.elf.dir/Middlewares/Third_Party/FreeRTOS/Source/queue.c.obj
 .text.prvUnlockQueue
                0x0800a46e       0x6e CMakeFiles/new_build.elf.dir/Middlewares/Third_Party/FreeRTOS/Source/queue.c.obj
 .text.xQueueGenericReset
                0x0800a4dc       0x84 CMakeFiles/new_build.elf.dir/Middlewares/Third_Party/FreeRTOS/Source/queue.c.obj
                0x0800a4dc                xQueueGenericReset
 .text.prvInitialiseNewQueue
                0x0800a560       0x30 CMakeFiles/new_build.elf.dir/Middlewares/Third_Party/FreeRTOS/Source/queue.c.obj
 .text.xQueueGenericCreateStatic
                0x0800a590       0x94 CMakeFiles/new_build.elf.dir/Middlewares/Third_Party/FreeRTOS/Source/queue.c.obj
                0x0800a590                xQueueGenericCreateStatic
 .text.xQueueGenericCreate
                0x0800a624       0x48 CMakeFiles/new_build.elf.dir/Middlewares/Third_Party/FreeRTOS/Source/queue.c.obj
                0x0800a624                xQueueGenericCreate
 .text.xQueueGenericSend
                0x0800a66c      0x1c4 CMakeFiles/new_build.elf.dir/Middlewares/Third_Party/FreeRTOS/Source/queue.c.obj
                0x0800a66c                xQueueGenericSend
 .text.xQueueGenericSendFromISR
                0x0800a830       0xee CMakeFiles/new_build.elf.dir/Middlewares/Third_Party/FreeRTOS/Source/queue.c.obj
                0x0800a830                xQueueGenericSendFromISR
 .text.xQueueReceive
                0x0800a91e      0x1b8 CMakeFiles/new_build.elf.dir/Middlewares/Third_Party/FreeRTOS/Source/queue.c.obj
                0x0800a91e                xQueueReceive
 *fill*         0x0800aad6        0x2 
 .text.vQueueAddToRegistry
                0x0800aad8       0x38 CMakeFiles/new_build.elf.dir/Middlewares/Third_Party/FreeRTOS/Source/queue.c.obj
                0x0800aad8                vQueueAddToRegistry
 .text.vQueueUnregisterQueue
                0x0800ab10       0x2c CMakeFiles/new_build.elf.dir/Middlewares/Third_Party/FreeRTOS/Source/queue.c.obj
                0x0800ab10                vQueueUnregisterQueue
 .text.vQueueDelete
                0x0800ab3c       0x3a CMakeFiles/new_build.elf.dir/Middlewares/Third_Party/FreeRTOS/Source/queue.c.obj
                0x0800ab3c                vQueueDelete
 .text.vQueueWaitForMessageRestricted
                0x0800ab76       0x52 CMakeFiles/new_build.elf.dir/Middlewares/Third_Party/FreeRTOS/Source/queue.c.obj
                0x0800ab76                vQueueWaitForMessageRestricted
 .text.prvTaskCheckFreeStackSpace
                0x0800abc8       0x14 CMakeFiles/new_build.elf.dir/Middlewares/Third_Party/FreeRTOS/Source/tasks.c.obj
 .text.prvResetNextTaskUnblockTime
                0x0800abdc       0x2c CMakeFiles/new_build.elf.dir/Middlewares/Third_Party/FreeRTOS/Source/tasks.c.obj
 .text.prvInitialiseNewTask
                0x0800ac08       0xac CMakeFiles/new_build.elf.dir/Middlewares/Third_Party/FreeRTOS/Source/tasks.c.obj
 .text.prvInitialiseTaskLists
                0x0800acb4       0x68 CMakeFiles/new_build.elf.dir/Middlewares/Third_Party/FreeRTOS/Source/tasks.c.obj
 .text.prvAddNewTaskToReadyList
                0x0800ad1c       0xd0 CMakeFiles/new_build.elf.dir/Middlewares/Third_Party/FreeRTOS/Source/tasks.c.obj
 .text.prvDeleteTCB
                0x0800adec       0x38 CMakeFiles/new_build.elf.dir/Middlewares/Third_Party/FreeRTOS/Source/tasks.c.obj
 .text.prvCheckTasksWaitingTermination
                0x0800ae24       0x4c CMakeFiles/new_build.elf.dir/Middlewares/Third_Party/FreeRTOS/Source/tasks.c.obj
 .text.prvAddCurrentTaskToDelayedList
                0x0800ae70       0x84 CMakeFiles/new_build.elf.dir/Middlewares/Third_Party/FreeRTOS/Source/tasks.c.obj
 .text.prvIdleTask
                0x0800aef4       0x30 CMakeFiles/new_build.elf.dir/Middlewares/Third_Party/FreeRTOS/Source/tasks.c.obj
 .text.xTaskCreateStatic
                0x0800af24       0x76 CMakeFiles/new_build.elf.dir/Middlewares/Third_Party/FreeRTOS/Source/tasks.c.obj
                0x0800af24                xTaskCreateStatic
 .text.xTaskCreate
                0x0800af9a       0x68 CMakeFiles/new_build.elf.dir/Middlewares/Third_Party/FreeRTOS/Source/tasks.c.obj
                0x0800af9a                xTaskCreate
 *fill*         0x0800b002        0x2 
 .text.vTaskDelete
                0x0800b004       0xe0 CMakeFiles/new_build.elf.dir/Middlewares/Third_Party/FreeRTOS/Source/tasks.c.obj
                0x0800b004                vTaskDelete
 .text.eTaskGetState
                0x0800b0e4       0x90 CMakeFiles/new_build.elf.dir/Middlewares/Third_Party/FreeRTOS/Source/tasks.c.obj
                0x0800b0e4                eTaskGetState
 .text.vTaskStartScheduler
                0x0800b174       0xb8 CMakeFiles/new_build.elf.dir/Middlewares/Third_Party/FreeRTOS/Source/tasks.c.obj
                0x0800b174                vTaskStartScheduler
 .text.vTaskSuspendAll
                0x0800b22c       0x10 CMakeFiles/new_build.elf.dir/Middlewares/Third_Party/FreeRTOS/Source/tasks.c.obj
                0x0800b22c                vTaskSuspendAll
 .text.xTaskGetTickCount
                0x0800b23c        0xc CMakeFiles/new_build.elf.dir/Middlewares/Third_Party/FreeRTOS/Source/tasks.c.obj
                0x0800b23c                xTaskGetTickCount
 .text.xTaskGetTickCountFromISR
                0x0800b248       0x10 CMakeFiles/new_build.elf.dir/Middlewares/Third_Party/FreeRTOS/Source/tasks.c.obj
                0x0800b248                xTaskGetTickCountFromISR
 .text.xTaskIncrementTick
                0x0800b258      0x120 CMakeFiles/new_build.elf.dir/Middlewares/Third_Party/FreeRTOS/Source/tasks.c.obj
                0x0800b258                xTaskIncrementTick
 .text.xTaskResumeAll
                0x0800b378       0xfc CMakeFiles/new_build.elf.dir/Middlewares/Third_Party/FreeRTOS/Source/tasks.c.obj
                0x0800b378                xTaskResumeAll
 .text.vTaskDelay
                0x0800b474       0x54 CMakeFiles/new_build.elf.dir/Middlewares/Third_Party/FreeRTOS/Source/tasks.c.obj
                0x0800b474                vTaskDelay
 .text.xTaskAbortDelay
                0x0800b4c8       0xa0 CMakeFiles/new_build.elf.dir/Middlewares/Third_Party/FreeRTOS/Source/tasks.c.obj
                0x0800b4c8                xTaskAbortDelay
 .text.vTaskSwitchContext
                0x0800b568       0xb4 CMakeFiles/new_build.elf.dir/Middlewares/Third_Party/FreeRTOS/Source/tasks.c.obj
                0x0800b568                vTaskSwitchContext
 .text.vTaskPlaceOnEventList
                0x0800b61c       0x30 CMakeFiles/new_build.elf.dir/Middlewares/Third_Party/FreeRTOS/Source/tasks.c.obj
                0x0800b61c                vTaskPlaceOnEventList
 .text.vTaskPlaceOnEventListRestricted
                0x0800b64c       0x40 CMakeFiles/new_build.elf.dir/Middlewares/Third_Party/FreeRTOS/Source/tasks.c.obj
                0x0800b64c                vTaskPlaceOnEventListRestricted
 .text.xTaskRemoveFromEventList
                0x0800b68c       0x90 CMakeFiles/new_build.elf.dir/Middlewares/Third_Party/FreeRTOS/Source/tasks.c.obj
                0x0800b68c                xTaskRemoveFromEventList
 .text.vTaskInternalSetTimeOutState
                0x0800b71c       0x18 CMakeFiles/new_build.elf.dir/Middlewares/Third_Party/FreeRTOS/Source/tasks.c.obj
                0x0800b71c                vTaskInternalSetTimeOutState
 .text.xTaskCheckForTimeOut
                0x0800b734       0xa0 CMakeFiles/new_build.elf.dir/Middlewares/Third_Party/FreeRTOS/Source/tasks.c.obj
                0x0800b734                xTaskCheckForTimeOut
 .text.vTaskMissedYield
                0x0800b7d4        0xc CMakeFiles/new_build.elf.dir/Middlewares/Third_Party/FreeRTOS/Source/tasks.c.obj
                0x0800b7d4                vTaskMissedYield
 .text.uxTaskGetStackHighWaterMark
                0x0800b7e0       0x18 CMakeFiles/new_build.elf.dir/Middlewares/Third_Party/FreeRTOS/Source/tasks.c.obj
                0x0800b7e0                uxTaskGetStackHighWaterMark
 .text.xTaskGetSchedulerState
                0x0800b7f8       0x20 CMakeFiles/new_build.elf.dir/Middlewares/Third_Party/FreeRTOS/Source/tasks.c.obj
                0x0800b7f8                xTaskGetSchedulerState
 .text.xTaskPriorityDisinherit
                0x0800b818       0xa0 CMakeFiles/new_build.elf.dir/Middlewares/Third_Party/FreeRTOS/Source/tasks.c.obj
                0x0800b818                xTaskPriorityDisinherit
 .text.prvGetNextExpireTime
                0x0800b8b8       0x20 CMakeFiles/new_build.elf.dir/Middlewares/Third_Party/FreeRTOS/Source/timers.c.obj
 .text.prvInsertTimerInActiveList
                0x0800b8d8       0x48 CMakeFiles/new_build.elf.dir/Middlewares/Third_Party/FreeRTOS/Source/timers.c.obj
 .text.prvCheckForValidListAndQueue
                0x0800b920       0x70 CMakeFiles/new_build.elf.dir/Middlewares/Third_Party/FreeRTOS/Source/timers.c.obj
 .text.xTimerCreateTimerTask
                0x0800b990       0x64 CMakeFiles/new_build.elf.dir/Middlewares/Third_Party/FreeRTOS/Source/timers.c.obj
                0x0800b990                xTimerCreateTimerTask
 .text.xTimerGenericCommand
                0x0800b9f4       0x6c CMakeFiles/new_build.elf.dir/Middlewares/Third_Party/FreeRTOS/Source/timers.c.obj
                0x0800b9f4                xTimerGenericCommand
 .text.prvSwitchTimerLists
                0x0800ba60       0x7c CMakeFiles/new_build.elf.dir/Middlewares/Third_Party/FreeRTOS/Source/timers.c.obj
 .text.prvSampleTimeNow
                0x0800badc       0x2c CMakeFiles/new_build.elf.dir/Middlewares/Third_Party/FreeRTOS/Source/timers.c.obj
 .text.prvProcessExpiredTimer
                0x0800bb08       0x6c CMakeFiles/new_build.elf.dir/Middlewares/Third_Party/FreeRTOS/Source/timers.c.obj
 .text.prvProcessTimerOrBlockTask